Good — no escalation needed. This is a straightforward fix-and-rerun scenario.

---

## Supervisor Review Summary

### What was reviewed
- **exp029** (Per-Instrument Amp Normalization): Already evaluated in round 41 → Amp Corr = **0.670**, RMSE = **0.691** — worse than exp028 on both metrics
- **exp030** (Pitch-Anchor Amp Offset): Already evaluated → Amp Corr = **0.558** — catastrophic failure
- **exp031** (Multi-Scale Temporal Amp Loss): **Training failed** — `norm_stats.pt` was copied from exp014 (doesn't exist), causing script to abort

### Key Metrics (current best = exp028)
| Metric | exp028 (best) | exp029 | exp030 |
|--------|--------------|--------|--------|
| Amp Corr | **0.678** | 0.670 | 0.558 |
| Amp RMSE | **0.657** | 0.691 | 1.208 |
| f0 RPA | 95.06% | 95.22% | 95.27% |

### Code Review
- Multi-scale loss code in `train.py` (lines 601-614 and 714-727): **✅ Correct** — shapes, gradients, loss integration all verified
- Config `exp031.yaml`: **✅ Correct**
- Root cause of failure: **`norm_stats.pt` path error** — exp014 doesn't have it, exp017 does

### What was planned next
**Rerun exp031**: Fix checkpoint prep (copy `norm_stats.pt` from exp017 instead of exp014), train 200 epochs, evaluate. Multi-scale loss code is already in place and verified correct. Updated `next_train_cmd.sh` with the fix.

### Critical Issues
None. No code bugs found. The exp031 failure was a file path error in the training script, now fixed.

### Progress Toward Goals
- **f0 RPA: 95.59%** ✅ (target >85%)
- **Amp Corr: 0.678** ⚠️ (target >0.80, gap = 0.122)
- **Amp RMSE: 0.657** ✅ (beats baseline 0.724)
- **Biggest bottleneck: Amp Corr** — 13 approaches tried, best is 0.678. Multi-scale loss (exp031) is the next attempt. Queue after that: scheduled-sampling f0-conditioned amp, note-level aux loss.
