Now let me print the status summary:

---

## 📊 Supervisor Round 8 — Status Summary

### Experiment Reviewed: **exp034** (Velocity Encoder + Full Stage 2)

### Key Metrics
| Metric | Value | Target | Status |
|--------|-------|--------|--------|
| **f0 RPA** | 94.52% (mean), 95.83% (oracle) | >85% | ✅ Far exceeded |
| **Amp Corr** | **0.789** 🏆 NEW GLOBAL BEST | >0.80 | ⚠️ Gap = 0.011 |
| **Amp RMSE** | **0.582** 🏆 NEW GLOBAL BEST | beat 0.724 | ✅ -19.6% |
| **f0 Diversity** | 9.52 cents | healthy | ✅ |

### Critical Findings
1. **AmpPredictor peaked at epoch 18/200** — extreme early overfitting detected. 182 subsequent epochs were wasted. `amp_lr=1e-4` is too high.
2. **Violin (vn) drags down overall Amp Corr**: 10 tracks with avg 0.699 (min 0.521), contributing 20% of weight to the mean.
3. **3 instruments already > 0.80**: tpt (0.895), tbn (0.884), fl (0.838).
4. **amp_diversity ≈ 0** (expected — deterministic AmpPredictor).

### No Code Issues Found
- exp034 reused exp028's architecture on exp033's velocity encoder. No new code written.

### Next Experiment Planned: **exp035**
- **Correlation loss** (`amp_corr_weight=0.3`, `amp_grad_weight=0.2`) — directly optimize the evaluation metric
- **Lower LR** (`amp_lr=5e-5`, down from 1e-4) — prevent epoch-18 overfitting
- **Freeze diffusion** (reuse exp034's) — isolate amp improvements, faster training
- **250 epochs** — more time at lower LR
- **Expected**: Amp Corr 0.80-0.82

### No NEEDS_HUMAN.txt Created
- Amp gap of 0.011 is within reach with loss/LR tuning. Continuing autonomous optimization.
