==========================================
exp033: Stage 1 Retrain with Estimated Velocity
==========================================
Velocity data already updated by update_velocity.py

=== Training Stage 1 (Baseline + Encoder) ===
Device: cuda
Config: {
  "data_dir": "C:\\lxr\\study\\final\\datagen\\solo\\URMP",
  "bach10_dir": "C:\\lxr\\study\\final\\datagen\\solo\\Bach10",
  "output_dir": "experiments/checkpoints/exp033",
  "instruments": [
    "vn",
    "va",
    "vc",
    "fl",
    "ob",
    "cl",
    "sax",
    "tpt",
    "tbn",
    "bn"
  ],
  "crop_len": 512,
  "seed": 42,
  "stage1": {
    "batch_size": 32,
    "lr": 0.001,
    "epochs": 100,
    "lam": 1.0,
    "patience": 15,
    "lr_patience": 5,
    "lr_factor": 0.5,
    "dropout": 0.3
  },
  "stage2": {
    "batch_size": 16,
    "lr": 0.0002,
    "epochs": 200,
    "ema_decay": 0.995,
    "n_diffusion_steps": 1000,
    "samples_per_epoch": null
  },
  "stage3": {
    "batch_size": 16,
    "lr": 0.0002,
    "epochs": 200,
    "ema_decay": 0.995,
    "n_diffusion_steps": 1000,
    "samples_per_epoch": null
  },
  "save_every": 10
}
============================================================
Stage 1: Training Encoder + Baseline
============================================================
Train: 124 tracks, Test: 49 tracks
Epoch 1/100  train=13.7075 (f0=4.2776 amp=9.4299)  test=10.0009  lr=1.00e-03
Epoch 2/100  train=13.2514 (f0=3.3908 amp=9.8606)  test=6.7199  lr=1.00e-03
Epoch 3/100  train=5.8196 (f0=3.0999 amp=2.7197)  test=7.6147  lr=1.00e-03
Epoch 4/100  train=4.5401 (f0=2.9284 amp=1.6117)  test=5.9715  lr=1.00e-03
Epoch 5/100  train=4.2030 (f0=2.8588 amp=1.3442)  test=5.9769  lr=1.00e-03
Epoch 6/100  train=3.8673 (f0=2.8055 amp=1.0618)  test=4.1855  lr=1.00e-03
Epoch 7/100  train=3.7833 (f0=2.9310 amp=0.8522)  test=3.9331  lr=1.00e-03
Epoch 8/100  train=3.8591 (f0=2.8239 amp=1.0353)  test=3.9182  lr=1.00e-03
Epoch 9/100  train=3.3934 (f0=2.8057 amp=0.5876)  test=3.8437  lr=1.00e-03
Epoch 10/100  train=3.4300 (f0=2.8032 amp=0.6268)  test=3.7366  lr=1.00e-03
Epoch 11/100  train=3.5219 (f0=2.7805 amp=0.7414)  test=3.7324  lr=1.00e-03
Epoch 12/100  train=3.6622 (f0=2.7834 amp=0.8788)  test=3.5312  lr=1.00e-03
Epoch 13/100  train=3.5739 (f0=2.7764 amp=0.7975)  test=3.6246  lr=1.00e-03
Epoch 14/100  train=3.4799 (f0=2.7663 amp=0.7137)  test=3.9257  lr=1.00e-03
Epoch 15/100  train=3.7746 (f0=2.7768 amp=0.9977)  test=3.5616  lr=1.00e-03
Epoch 16/100  train=3.3883 (f0=2.7190 amp=0.6692)  test=3.6980  lr=1.00e-03
Epoch 17/100  train=3.3383 (f0=2.6808 amp=0.6576)  test=3.5288  lr=1.00e-03
Epoch 18/100  train=3.2989 (f0=2.7309 amp=0.5680)  test=3.4351  lr=1.00e-03
Epoch 19/100  train=3.3028 (f0=2.7049 amp=0.5979)  test=3.4642  lr=1.00e-03
Epoch 20/100  train=3.2540 (f0=2.7354 amp=0.5186)  test=3.3909  lr=1.00e-03
Epoch 21/100  train=3.2361 (f0=2.7055 amp=0.5305)  test=3.3894  lr=1.00e-03
Epoch 22/100  train=3.1659 (f0=2.6840 amp=0.4819)  test=3.4223  lr=1.00e-03
Epoch 23/100  train=3.2078 (f0=2.6797 amp=0.5281)  test=3.4076  lr=1.00e-03
Epoch 24/100  train=3.2331 (f0=2.7404 amp=0.4926)  test=3.3924  lr=1.00e-03
Epoch 25/100  train=3.1899 (f0=2.6673 amp=0.5226)  test=3.3967  lr=1.00e-03
Epoch 26/100  train=3.1999 (f0=2.6691 amp=0.5308)  test=3.4262  lr=1.00e-03
Epoch 27/100  train=3.2670 (f0=2.6855 amp=0.5815)  test=3.5149  lr=5.00e-04
Epoch 28/100  train=3.1834 (f0=2.6065 amp=0.5769)  test=3.4722  lr=5.00e-04
Epoch 29/100  train=3.2137 (f0=2.6985 amp=0.5152)  test=3.4273  lr=5.00e-04
Epoch 30/100  train=3.1298 (f0=2.6507 amp=0.4791)  test=3.3473  lr=5.00e-04
Epoch 31/100  train=3.1258 (f0=2.6447 amp=0.4811)  test=3.3269  lr=5.00e-04
Epoch 32/100  train=3.1264 (f0=2.6668 amp=0.4595)  test=3.3322  lr=5.00e-04
Epoch 33/100  train=3.1045 (f0=2.6522 amp=0.4523)  test=3.3390  lr=5.00e-04
Epoch 34/100  train=3.0797 (f0=2.6156 amp=0.4642)  test=3.3352  lr=5.00e-04
Epoch 35/100  train=3.1474 (f0=2.6649 amp=0.4826)  test=3.3526  lr=5.00e-04
Epoch 36/100  train=3.0709 (f0=2.5987 amp=0.4723)  test=3.3152  lr=5.00e-04
Epoch 37/100  train=3.0918 (f0=2.6291 amp=0.4627)  test=3.3110  lr=5.00e-04
Epoch 38/100  train=3.0727 (f0=2.6091 amp=0.4636)  test=3.3209  lr=5.00e-04
Epoch 39/100  train=3.1519 (f0=2.6703 amp=0.4817)  test=3.2874  lr=5.00e-04
Epoch 40/100  train=3.1193 (f0=2.6226 amp=0.4966)  test=3.3468  lr=5.00e-04
Epoch 41/100  train=3.0939 (f0=2.6274 amp=0.4665)  test=3.3141  lr=5.00e-04
Epoch 42/100  train=3.0837 (f0=2.5818 amp=0.5019)  test=3.2859  lr=5.00e-04
Epoch 43/100  train=2.9994 (f0=2.5811 amp=0.4183)  test=3.2697  lr=5.00e-04
Epoch 44/100  train=3.1470 (f0=2.6802 amp=0.4668)  test=3.2712  lr=5.00e-04
Epoch 45/100  train=3.1075 (f0=2.6546 amp=0.4529)  test=3.2860  lr=5.00e-04
Epoch 46/100  train=3.0768 (f0=2.6475 amp=0.4293)  test=3.2555  lr=5.00e-04
Epoch 47/100  train=3.1020 (f0=2.6040 amp=0.4980)  test=3.2676  lr=5.00e-04
Epoch 48/100  train=3.0808 (f0=2.6602 amp=0.4205)  test=3.2492  lr=5.00e-04
Epoch 49/100  train=3.0694 (f0=2.6220 amp=0.4474)  test=3.2739  lr=5.00e-04
Epoch 50/100  train=3.0266 (f0=2.5585 amp=0.4681)  test=3.2928  lr=5.00e-04
Epoch 51/100  train=3.1303 (f0=2.6414 amp=0.4889)  test=3.2789  lr=5.00e-04
Epoch 52/100  train=3.0135 (f0=2.5629 amp=0.4505)  test=3.3253  lr=5.00e-04
Epoch 53/100  train=3.1319 (f0=2.6318 amp=0.5001)  test=3.3138  lr=5.00e-04
Epoch 54/100  train=3.0229 (f0=2.5621 amp=0.4607)  test=3.3320  lr=2.50e-04
Epoch 55/100  train=3.0909 (f0=2.6177 amp=0.4732)  test=3.3054  lr=2.50e-04
Epoch 56/100  train=3.0406 (f0=2.5858 amp=0.4548)  test=3.3031  lr=2.50e-04
Epoch 57/100  train=2.9683 (f0=2.5567 amp=0.4116)  test=3.3163  lr=2.50e-04
Epoch 58/100  train=3.0764 (f0=2.6265 amp=0.4500)  test=3.2759  lr=2.50e-04
Epoch 59/100  train=3.0407 (f0=2.6346 amp=0.4061)  test=3.2597  lr=2.50e-04
Epoch 60/100  train=2.9940 (f0=2.5850 amp=0.4090)  test=3.2659  lr=1.25e-04
Epoch 61/100  train=3.0369 (f0=2.6130 amp=0.4240)  test=3.2750  lr=1.25e-04
Epoch 62/100  train=3.0463 (f0=2.6216 amp=0.4246)  test=3.2859  lr=1.25e-04
Epoch 63/100  train=3.0039 (f0=2.5638 amp=0.4400)  test=3.2998  lr=1.25e-04
Early stopping at epoch 63

Training complete.

=== Evaluating Baseline ===
Device: cuda
Test tracks: 49

--- Evaluating Baseline ---
{
  "baseline_rpa": {
    "mean": 0.9660401504103446,
    "std": 0.026021843566664458,
    "min": 0.8772727272727273,
    "max": 0.9940291906236178
  },
  "baseline_f0_mae": {
    "mean": 20.56613690512521,
    "std": 15.946238846386821,
    "min": 7.803427696228027,
    "max": 121.92146301269531
  },
  "baseline_amp_corr": {
    "mean": 0.756052132816327,
    "std": 0.1361428722160864,
    "min": 0.30265586349812085,
    "max": 0.948161092164857
  },
  "baseline_amp_rmse_log": {
    "mean": 0.6640254782170666,
    "std": 0.18299789127951646,
    "min": 0.38461315631866455,
    "max": 1.222415566444397
  },
  "baseline_vde_mean": {
    "mean": 8.792292718806127,
    "std": 6.66467282727876,
    "min": 1.9638650112025755,
    "max": 36.16759348821556
  },
  "baseline_vre_mean": {
    "mean": 0.8037546591707047,
    "std": 0.2542381579736779,
    "min": 0.3258112313937731,
    "max": 1.3492582531500115
  },
  "baseline_n_vibrato_notes": {
    "mean": 74.18367346938776,
    "std": 43.8306916368287,
    "min": 17.0,
    "max": 144.0
  }
}

Results saved to experiments/results/exp033.json

=== exp033 complete ===
Results: experiments/results/exp033.json
