=== exp008: Stochastic DDIM diversity evaluation ===
Start time: Wed Mar 25 09:03:57     2026
Uses exp007 checkpoint, evaluates with eta=0.3 and eta=0.5
No training needed — evaluation only (~10 min total)
=== exp008 Run 1: eta=0.3 ===
Device: cuda
Test tracks: 15

--- Evaluating Baseline ---
{
  "baseline_rpa": {
    "mean": 0.9713685894310086,
    "std": 0.02379642147553425,
    "min": 0.8935664734391333,
    "max": 0.9896858884200657
  },
  "baseline_f0_mae": {
    "mean": 16.39490623474121,
    "std": 3.02308463952469,
    "min": 12.181537628173828,
    "max": 22.72052001953125
  },
  "baseline_amp_corr": {
    "mean": 0.6454484693104038,
    "std": 0.18415941870590657,
    "min": 0.28676752445840514,
    "max": 0.8783912371793564
  },
  "baseline_amp_rmse_log": {
    "mean": 0.7379309495290121,
    "std": 0.1590150135709954,
    "min": 0.5264824628829956,
    "max": 1.039360761642456
  },
  "baseline_vde_mean": {
    "mean": 8.335156993455033,
    "std": 2.7786190661449854,
    "min": 2.662921697678706,
    "max": 12.231777259262524
  },
  "baseline_vre_mean": {
    "mean": 0.8797696095315721,
    "std": 0.22988423819462722,
    "min": 0.4637404374266793,
    "max": 1.2501153917060512
  },
  "baseline_n_vibrato_notes": {
    "mean": 40.46666666666667,
    "std": 26.209073916404513,
    "min": 10.0,
    "max": 82.0
  }
}

--- Evaluating Diffusion ---
{
  "diffusion_rpa_mean": {
    "mean": 0.9425618598029961,
    "std": 0.037326509940926934,
    "min": 0.8727805695142378,
    "max": 0.9845480685085635
  },
  "diffusion_rpa_oracle": {
    "mean": 0.9639153854821907,
    "std": 0.024866947274432654,
    "min": 0.9107227656947479,
    "max": 0.989873734216777
  },
  "diffusion_f0_mae_mean": {
    "mean": 21.46697561899821,
    "std": 5.53246207700207,
    "min": 14.34882755279541,
    "max": 31.086868286132812
  },
  "diffusion_f0_mae_oracle": {
    "mean": 17.202257537841795,
    "std": 4.332429816347701,
    "min": 12.336784362792969,
    "max": 25.407875061035156
  },
  "diffusion_amp_corr_mean": {
    "mean": 0.5703268736561604,
    "std": 0.23946917471512458,
    "min": 0.04911190501625081,
    "max": 0.8182114213397662
  },
  "diffusion_amp_corr_oracle": {
    "mean": 0.5878829471261557,
    "std": 0.23142054354290068,
    "min": 0.049210095304809895,
    "max": 0.8303821409024549
  },
  "diffusion_amp_rmse_log_mean": {
    "mean": 1.1114411815007526,
    "std": 0.32734694366364636,
    "min": 0.7710094809532165,
    "max": 1.9150244474411011
  },
  "diffusion_amp_rmse_log_oracle": {
    "mean": 0.8071043451627096,
    "std": 0.20131763379999815,
    "min": 0.5742505192756653,
    "max": 1.1778587102890015
  },
  "diffusion_vde_mean_avg": {
    "mean": 4.796342100135588,
    "std": 1.8217975144858298,
    "min": 1.5926246382574036,
    "max": 7.457281802004614
  },
  "diffusion_vde_mean_oracle": {
    "mean": 4.617051147390262,
    "std": 1.8383489381705773,
    "min": 1.5178040857202582,
    "max": 7.721916206599146
  },
  "diffusion_vre_mean_avg": {
    "mean": 0.7567837345408913,
    "std": 0.11082786259488243,
    "min": 0.5959914032430653,
    "max": 0.9571286860159389
  },
  "diffusion_vre_mean_oracle": {
    "mean": 0.7156144838357974,
    "std": 0.12596677897365605,
    "min": 0.420596201393749,
    "max": 0.9405519293088513
  },
  "diffusion_n_vibrato_notes": {
    "mean": 59.333333333333336,
    "std": 38.79633430564743,
    "min": 11.0,
    "max": 121.0
  }
}

Results saved to experiments/results/exp008_eta03.json
=== exp008 Run 2: eta=0.5 ===
Device: cuda
Test tracks: 15

--- Evaluating Baseline ---
{
  "baseline_rpa": {
    "mean": 0.9713685894310086,
    "std": 0.02379642147553425,
    "min": 0.8935664734391333,
    "max": 0.9896858884200657
  },
  "baseline_f0_mae": {
    "mean": 16.39490623474121,
    "std": 3.02308463952469,
    "min": 12.181537628173828,
    "max": 22.72052001953125
  },
  "baseline_amp_corr": {
    "mean": 0.6454484693104038,
    "std": 0.18415941870590657,
    "min": 0.28676752445840514,
    "max": 0.8783912371793564
  },
  "baseline_amp_rmse_log": {
    "mean": 0.7379309495290121,
    "std": 0.1590150135709954,
    "min": 0.5264824628829956,
    "max": 1.039360761642456
  },
  "baseline_vde_mean": {
    "mean": 8.335156993455033,
    "std": 2.7786190661449854,
    "min": 2.662921697678706,
    "max": 12.231777259262524
  },
  "baseline_vre_mean": {
    "mean": 0.8797696095315721,
    "std": 0.22988423819462722,
    "min": 0.4637404374266793,
    "max": 1.2501153917060512
  },
  "baseline_n_vibrato_notes": {
    "mean": 40.46666666666667,
    "std": 26.209073916404513,
    "min": 10.0,
    "max": 82.0
  }
}

--- Evaluating Diffusion ---
{
  "diffusion_rpa_mean": {
    "mean": 0.9400874540929756,
    "std": 0.03882253048739351,
    "min": 0.8613065326633166,
    "max": 0.9850731341417678
  },
  "diffusion_rpa_oracle": {
    "mean": 0.9612750933909046,
    "std": 0.02687295868352618,
    "min": 0.8940536013400335,
    "max": 0.9899987498437305
  },
  "diffusion_f0_mae_mean": {
    "mean": 21.624454549153644,
    "std": 5.757236401569597,
    "min": 14.440479469299316,
    "max": 32.96342430114746
  },
  "diffusion_f0_mae_oracle": {
    "mean": 17.54808864593506,
    "std": 4.525009421660007,
    "min": 12.595203399658203,
    "max": 30.110458374023438
  },
  "diffusion_amp_corr_mean": {
    "mean": 0.581435250470292,
    "std": 0.24571836516112905,
    "min": 0.08402091242580322,
    "max": 0.8248229104579037
  },
  "diffusion_amp_corr_oracle": {
    "mean": 0.6004777888306703,
    "std": 0.2445324481712126,
    "min": 0.06611725661333698,
    "max": 0.8695517267720855
  },
  "diffusion_amp_rmse_log_mean": {
    "mean": 1.0794454868634544,
    "std": 0.4113644148333929,
    "min": 0.6336876630783081,
    "max": 2.0358436584472654
  },
  "diffusion_amp_rmse_log_oracle": {
    "mean": 0.7728204250335693,
    "std": 0.22496772326655795,
    "min": 0.5214490294456482,
    "max": 1.4739323854446411
  },
  "diffusion_vde_mean_avg": {
    "mean": 4.7762612547070225,
    "std": 1.9030407438092105,
    "min": 1.5097257973645777,
    "max": 7.870915763926791
  },
  "diffusion_vde_mean_oracle": {
    "mean": 4.812619714267052,
    "std": 1.8489505626604994,
    "min": 1.8807573019910413,
    "max": 8.642207317691437
  },
  "diffusion_vre_mean_avg": {
    "mean": 0.7608380261289227,
    "std": 0.14862871303616518,
    "min": 0.5396075252389503,
    "max": 1.0401057214286449
  },
  "diffusion_vre_mean_oracle": {
    "mean": 0.754886913452306,
    "std": 0.17222866695448077,
    "min": 0.4600207057464717,
    "max": 1.046268480861039
  },
  "diffusion_n_vibrato_notes": {
    "mean": 59.333333333333336,
    "std": 38.79633430564743,
    "min": 11.0,
    "max": 121.0
  }
}

Results saved to experiments/results/exp008_eta05.json
=== exp008 complete ===
End time: Wed Mar 25 09:22:35     2026
