============================================
exp042: Residual Amp Diffusion
  Train diffusion on residual = gt_amp - AmpPredictor_mean
  AmpPredictor frozen from exp039 (Amp Corr 0.807)
  residual=true, epochs=300, lr=2e-4, cosine to 1e-5
  amp_augment=false (residual variance is small)
============================================
Copied amp_predictor_best.pt from exp039
Copied baseline_best.pt from exp033
Copied norm_stats.pt from exp039
C:\lxr\study\final\src\model\diffusion.py:390: UserWarning: enable_nested_tensor is True, but self.use_nested_tensor is False because encoder_layer.norm_first was True
  self.attn = nn.TransformerEncoder(attn_layer, num_layers=n_attn_layers)
Device: cuda
Config: {
  "data_dir": "C:\\lxr\\study\\final\\datagen\\solo\\URMP",
  "bach10_dir": "C:\\lxr\\study\\final\\datagen\\solo\\Bach10",
  "output_dir": "experiments/checkpoints/exp042",
  "instruments": [
    "vn",
    "va",
    "vc",
    "fl",
    "ob",
    "cl",
    "sax",
    "tpt",
    "tbn",
    "bn"
  ],
  "crop_len": 512,
  "seed": 42,
  "stage1": {
    "batch_size": 32,
    "lr": 0.001,
    "epochs": 100,
    "lam": 1.0,
    "patience": 15,
    "lr_patience": 5,
    "lr_factor": 0.5,
    "dropout": 0.3
  },
  "stage2": {
    "batch_size": 16,
    "lr": 0.0002,
    "epochs": 200,
    "ema_decay": 0.995,
    "n_diffusion_steps": 1000,
    "samples_per_epoch": null,
    "n_channels": 1,
    "amp_hidden": 256,
    "amp_gru_hidden": 128,
    "amp_gru_layers": 2,
    "amp_dropout": 0.3,
    "amp_use_attention": true,
    "amp_n_attn_heads": 4,
    "amp_n_attn_layers": 2,
    "amp_instrument_conditioned": true,
    "diffusion_checkpoint": "experiments/checkpoints/exp034/diffusion_best_ema.pt"
  },
  "stage3": {
    "batch_size": 16,
    "lr": 0.0002,
    "epochs": 300,
    "ema_decay": 0.995,
    "n_diffusion_steps": 1000,
    "samples_per_epoch": 1860,
    "lr_min": 1e-05,
    "residual": true,
    "amp_predictor_checkpoint": "experiments/checkpoints/exp039/amp_predictor_best.pt",
    "amp_hidden": 256,
    "amp_gru_hidden": 128,
    "amp_gru_layers": 2,
    "amp_dropout": 0.3,
    "amp_use_attention": true,
    "amp_n_attn_heads": 4,
    "amp_n_attn_layers": 2,
    "amp_instrument_conditioned": true,
    "amp_augment": false
  },
  "save_every": 10,
  "baseline_checkpoint": "experiments/checkpoints/exp033/baseline_best.pt"
}
Loaded baseline from experiments/checkpoints/exp033/baseline_best.pt

============================================================
Stage 3: Training RESIDUAL Amp Diffusion
============================================================
Train: 124 tracks, samples_per_epoch=1860
Amp log stats: mean=-4.5382, std=1.2719
Loaded frozen AmpPredictor from experiments/checkpoints/exp039/amp_predictor_best.pt (1,721,665 params)
  instrument_conditioned=True
Amp diffusion: 16,428,545 params
CosineAnnealingLR: 0.0002 -> 1e-05 over 300 epochs
Amp diffusion augmentation DISABLED

--- Residual Diagnostics ---
Residual stats (z-score space): mean=-0.0834, std=0.3753, min=-2.6466, max=2.5965
--- End Residual Diagnostics ---

Epoch 1/300  train=0.241536  test=0.128289  lr=2.00e-04
  -> New best test_loss=0.128289
Epoch 2/300  train=0.117390  test=0.190100  lr=2.00e-04
Epoch 3/300  train=0.111533  test=0.176657  lr=2.00e-04
Epoch 4/300  train=0.105315  test=0.141463  lr=2.00e-04
Epoch 5/300  train=0.106365  test=0.189876  lr=2.00e-04
Epoch 6/300  train=0.107935  test=0.138134  lr=2.00e-04
Epoch 7/300  train=0.104993  test=0.095721  lr=2.00e-04
  -> New best test_loss=0.095721
Epoch 8/300  train=0.097859  test=0.221199  lr=2.00e-04
Epoch 9/300  train=0.101989  test=0.121077  lr=2.00e-04
Epoch 10/300  train=0.097772  test=0.132445  lr=2.00e-04
Epoch 11/300  train=0.104160  test=0.122738  lr=1.99e-04
Epoch 12/300  train=0.099982  test=0.092436  lr=1.99e-04
  -> New best test_loss=0.092436
Epoch 13/300  train=0.104542  test=0.093005  lr=1.99e-04
Epoch 14/300  train=0.097937  test=0.139944  lr=1.99e-04
Epoch 15/300  train=0.099579  test=0.114860  lr=1.99e-04
Epoch 16/300  train=0.104021  test=0.090531  lr=1.99e-04
  -> New best test_loss=0.090531
Epoch 17/300  train=0.094561  test=0.121910  lr=1.99e-04
Epoch 18/300  train=0.100235  test=0.095239  lr=1.98e-04
Epoch 19/300  train=0.097331  test=0.143262  lr=1.98e-04
Epoch 20/300  train=0.098969  test=0.110859  lr=1.98e-04
Epoch 21/300  train=0.098373  test=0.126782  lr=1.98e-04
Epoch 22/300  train=0.100605  test=0.137309  lr=1.98e-04
Epoch 23/300  train=0.093350  test=0.096481  lr=1.97e-04
Epoch 24/300  train=0.101977  test=0.149977  lr=1.97e-04
Epoch 25/300  train=0.097757  test=0.121034  lr=1.97e-04
Epoch 26/300  train=0.097505  test=0.097698  lr=1.97e-04
Epoch 27/300  train=0.100518  test=0.107821  lr=1.97e-04
Epoch 28/300  train=0.100200  test=0.136384  lr=1.96e-04
Epoch 29/300  train=0.099668  test=0.124489  lr=1.96e-04
Epoch 30/300  train=0.094482  test=0.140471  lr=1.96e-04
Epoch 31/300  train=0.098874  test=0.127276  lr=1.95e-04
Epoch 32/300  train=0.092988  test=0.180990  lr=1.95e-04
Epoch 33/300  train=0.102027  test=0.113336  lr=1.95e-04
Epoch 34/300  train=0.093441  test=0.107667  lr=1.94e-04
Epoch 35/300  train=0.091634  test=0.148110  lr=1.94e-04
Epoch 36/300  train=0.089766  test=0.152164  lr=1.94e-04
Epoch 37/300  train=0.092439  test=0.149933  lr=1.93e-04
Epoch 38/300  train=0.097397  test=0.109311  lr=1.93e-04
Epoch 39/300  train=0.093987  test=0.124229  lr=1.93e-04
Epoch 40/300  train=0.093488  test=0.136590  lr=1.92e-04
Epoch 41/300  train=0.094328  test=0.262719  lr=1.92e-04
Epoch 42/300  train=0.095530  test=0.132754  lr=1.91e-04
Epoch 43/300  train=0.086816  test=0.147315  lr=1.91e-04
Epoch 44/300  train=0.093943  test=0.118685  lr=1.91e-04
Epoch 45/300  train=0.096351  test=0.144507  lr=1.90e-04
Epoch 46/300  train=0.086642  test=0.109505  lr=1.90e-04
Epoch 47/300  train=0.094632  test=0.110362  lr=1.89e-04
Epoch 48/300  train=0.093299  test=0.142857  lr=1.89e-04
Epoch 49/300  train=0.095060  test=0.087724  lr=1.88e-04
  -> New best test_loss=0.087724
Epoch 50/300  train=0.093769  test=0.132636  lr=1.88e-04
Epoch 51/300  train=0.089853  test=0.138754  lr=1.87e-04
Epoch 52/300  train=0.091846  test=0.106829  lr=1.87e-04
Epoch 53/300  train=0.088010  test=0.158304  lr=1.86e-04
Epoch 54/300  train=0.089454  test=0.095197  lr=1.86e-04
Epoch 55/300  train=0.089219  test=0.137938  lr=1.85e-04
Epoch 56/300  train=0.095858  test=0.144650  lr=1.85e-04
Epoch 57/300  train=0.090697  test=0.096054  lr=1.84e-04
Epoch 58/300  train=0.092923  test=0.109803  lr=1.84e-04
Epoch 59/300  train=0.095103  test=0.146636  lr=1.83e-04
Epoch 60/300  train=0.092412  test=0.093278  lr=1.82e-04
Epoch 61/300  train=0.087899  test=0.134920  lr=1.82e-04
Epoch 62/300  train=0.095983  test=0.086158  lr=1.81e-04
  -> New best test_loss=0.086158
Epoch 63/300  train=0.092064  test=0.123452  lr=1.81e-04
Epoch 64/300  train=0.091124  test=0.122793  lr=1.80e-04
Epoch 65/300  train=0.088006  test=0.180594  lr=1.79e-04
Epoch 66/300  train=0.091057  test=0.112301  lr=1.79e-04
Epoch 67/300  train=0.091315  test=0.109259  lr=1.78e-04
Epoch 68/300  train=0.085915  test=0.106303  lr=1.78e-04
Epoch 69/300  train=0.091320  test=0.117981  lr=1.77e-04
Epoch 70/300  train=0.084929  test=0.107869  lr=1.76e-04
Epoch 71/300  train=0.091256  test=0.161828  lr=1.76e-04
Epoch 72/300  train=0.090223  test=0.144494  lr=1.75e-04
Epoch 73/300  train=0.094946  test=0.128911  lr=1.74e-04
Epoch 74/300  train=0.095879  test=0.121551  lr=1.74e-04
Epoch 75/300  train=0.083097  test=0.141802  lr=1.73e-04
Epoch 76/300  train=0.091733  test=0.116995  lr=1.72e-04
Epoch 77/300  train=0.090662  test=0.144075  lr=1.71e-04
Epoch 78/300  train=0.089823  test=0.149444  lr=1.71e-04
Epoch 79/300  train=0.088692  test=0.131649  lr=1.70e-04
Epoch 80/300  train=0.090324  test=0.161148  lr=1.69e-04
Epoch 81/300  train=0.086686  test=0.097942  lr=1.69e-04
Epoch 82/300  train=0.093617  test=0.118963  lr=1.68e-04
Epoch 83/300  train=0.087055  test=0.198497  lr=1.67e-04
Epoch 84/300  train=0.091791  test=0.128219  lr=1.66e-04
Epoch 85/300  train=0.082212  test=0.076147  lr=1.66e-04
  -> New best test_loss=0.076147
Epoch 86/300  train=0.086616  test=0.102763  lr=1.65e-04
Epoch 87/300  train=0.092666  test=0.144298  lr=1.64e-04
Epoch 88/300  train=0.086625  test=0.130825  lr=1.63e-04
Epoch 89/300  train=0.089819  test=0.131041  lr=1.62e-04
Epoch 90/300  train=0.084497  test=0.103483  lr=1.62e-04
Epoch 91/300  train=0.089557  test=0.107861  lr=1.61e-04
Epoch 92/300  train=0.089598  test=0.099433  lr=1.60e-04
Epoch 93/300  train=0.087103  test=0.150196  lr=1.59e-04
Epoch 94/300  train=0.090654  test=0.226098  lr=1.58e-04
Epoch 95/300  train=0.087460  test=0.104753  lr=1.58e-04
Epoch 96/300  train=0.088938  test=0.120724  lr=1.57e-04
Epoch 97/300  train=0.088081  test=0.151220  lr=1.56e-04
Epoch 98/300  train=0.084582  test=0.105012  lr=1.55e-04
Epoch 99/300  train=0.087843  test=0.079698  lr=1.54e-04
Epoch 100/300  train=0.091443  test=0.111238  lr=1.53e-04
Epoch 101/300  train=0.084642  test=0.113790  lr=1.53e-04
Epoch 102/300  train=0.086578  test=0.120200  lr=1.52e-04
Epoch 103/300  train=0.087221  test=0.117496  lr=1.51e-04
Epoch 104/300  train=0.089260  test=0.115465  lr=1.50e-04
Epoch 105/300  train=0.089879  test=0.151401  lr=1.49e-04
Epoch 106/300  train=0.090057  test=0.100261  lr=1.48e-04
Epoch 107/300  train=0.085606  test=0.111490  lr=1.47e-04
Epoch 108/300  train=0.085215  test=0.100739  lr=1.46e-04
Epoch 109/300  train=0.087991  test=0.094713  lr=1.45e-04
Epoch 110/300  train=0.088201  test=0.100056  lr=1.45e-04
Epoch 111/300  train=0.090478  test=0.070952  lr=1.44e-04
  -> New best test_loss=0.070952
Epoch 112/300  train=0.084635  test=0.126973  lr=1.43e-04
Epoch 113/300  train=0.082384  test=0.105407  lr=1.42e-04
Epoch 114/300  train=0.082467  test=0.112414  lr=1.41e-04
Epoch 115/300  train=0.082021  test=0.136578  lr=1.40e-04
Epoch 116/300  train=0.083847  test=0.154678  lr=1.39e-04
Epoch 117/300  train=0.084158  test=0.111782  lr=1.38e-04
Epoch 118/300  train=0.081897  test=0.093410  lr=1.37e-04
Epoch 119/300  train=0.084519  test=0.120482  lr=1.36e-04
Epoch 120/300  train=0.080062  test=0.241344  lr=1.35e-04
Epoch 121/300  train=0.081326  test=0.118351  lr=1.34e-04
Epoch 122/300  train=0.082579  test=0.096712  lr=1.33e-04
Epoch 123/300  train=0.081022  test=0.158373  lr=1.32e-04
Epoch 124/300  train=0.080134  test=0.140930  lr=1.32e-04
Epoch 125/300  train=0.081813  test=0.185785  lr=1.31e-04
Epoch 126/300  train=0.081840  test=0.101562  lr=1.30e-04
Epoch 127/300  train=0.080578  test=0.082843  lr=1.29e-04
Epoch 128/300  train=0.080551  test=0.085224  lr=1.28e-04
Epoch 129/300  train=0.077718  test=0.113114  lr=1.27e-04
Epoch 130/300  train=0.084451  test=0.086259  lr=1.26e-04
Epoch 131/300  train=0.083642  test=0.156783  lr=1.25e-04
Epoch 132/300  train=0.088128  test=0.137549  lr=1.24e-04
Epoch 133/300  train=0.085935  test=0.121451  lr=1.23e-04
Epoch 134/300  train=0.083719  test=0.113901  lr=1.22e-04
Epoch 135/300  train=0.084435  test=0.133256  lr=1.21e-04
Epoch 136/300  train=0.087125  test=0.103841  lr=1.20e-04
Epoch 137/300  train=0.084174  test=0.129743  lr=1.19e-04
Epoch 138/300  train=0.080806  test=0.095523  lr=1.18e-04
Epoch 139/300  train=0.079566  test=0.124809  lr=1.17e-04
Epoch 140/300  train=0.085024  test=0.097937  lr=1.16e-04
Epoch 141/300  train=0.082606  test=0.157208  lr=1.15e-04
Epoch 142/300  train=0.078540  test=0.109647  lr=1.14e-04
Epoch 143/300  train=0.080141  test=0.127677  lr=1.13e-04
Epoch 144/300  train=0.082316  test=0.141233  lr=1.12e-04
Epoch 145/300  train=0.081223  test=0.126814  lr=1.11e-04
Epoch 146/300  train=0.082377  test=0.250717  lr=1.10e-04
Epoch 147/300  train=0.086926  test=0.120347  lr=1.09e-04
Epoch 148/300  train=0.078276  test=0.133210  lr=1.08e-04
Epoch 149/300  train=0.082559  test=0.131471  lr=1.07e-04
Epoch 150/300  train=0.082790  test=0.124713  lr=1.06e-04
Epoch 151/300  train=0.088438  test=0.098085  lr=1.05e-04
Epoch 152/300  train=0.084600  test=0.107673  lr=1.04e-04
Epoch 153/300  train=0.080738  test=0.122743  lr=1.03e-04
Epoch 154/300  train=0.079132  test=0.112564  lr=1.02e-04
Epoch 155/300  train=0.083815  test=0.112384  lr=1.01e-04
Epoch 156/300  train=0.079992  test=0.090991  lr=1.00e-04
Epoch 157/300  train=0.076812  test=0.146953  lr=9.90e-05
Epoch 158/300  train=0.078434  test=0.107832  lr=9.80e-05
Epoch 159/300  train=0.084682  test=0.124028  lr=9.71e-05
Epoch 160/300  train=0.079329  test=0.215024  lr=9.61e-05
Epoch 161/300  train=0.081372  test=0.158040  lr=9.51e-05
Epoch 162/300  train=0.082727  test=0.095490  lr=9.41e-05
Epoch 163/300  train=0.082337  test=0.110860  lr=9.31e-05
Epoch 164/300  train=0.080271  test=0.120122  lr=9.21e-05
Epoch 165/300  train=0.078141  test=0.142504  lr=9.11e-05
Epoch 166/300  train=0.082539  test=0.121454  lr=9.01e-05
Epoch 167/300  train=0.079814  test=0.146325  lr=8.92e-05
Epoch 168/300  train=0.081966  test=0.123460  lr=8.82e-05
Epoch 169/300  train=0.079236  test=0.123880  lr=8.72e-05
Epoch 170/300  train=0.076457  test=0.129626  lr=8.62e-05
Epoch 171/300  train=0.081754  test=0.140988  lr=8.52e-05
Epoch 172/300  train=0.082657  test=0.079652  lr=8.43e-05
Epoch 173/300  train=0.076434  test=0.094539  lr=8.33e-05
Epoch 174/300  train=0.078151  test=0.093823  lr=8.23e-05
Epoch 175/300  train=0.076618  test=0.104196  lr=8.14e-05
Epoch 176/300  train=0.076804  test=0.124121  lr=8.04e-05
Epoch 177/300  train=0.086619  test=0.148145  lr=7.95e-05
Epoch 178/300  train=0.083231  test=0.128005  lr=7.85e-05
Epoch 179/300  train=0.077172  test=0.164327  lr=7.75e-05
Epoch 180/300  train=0.077449  test=0.105023  lr=7.66e-05
Epoch 181/300  train=0.079479  test=0.112764  lr=7.56e-05
Epoch 182/300  train=0.077716  test=0.128179  lr=7.47e-05
Epoch 183/300  train=0.076807  test=0.120101  lr=7.38e-05
Epoch 184/300  train=0.079018  test=0.146467  lr=7.28e-05
Epoch 185/300  train=0.076152  test=0.092678  lr=7.19e-05
Epoch 186/300  train=0.071091  test=0.111213  lr=7.10e-05
Epoch 187/300  train=0.073175  test=0.169766  lr=7.00e-05
Epoch 188/300  train=0.076707  test=0.102332  lr=6.91e-05
Epoch 189/300  train=0.073554  test=0.085113  lr=6.82e-05
Epoch 190/300  train=0.076770  test=0.124299  lr=6.73e-05
Epoch 191/300  train=0.077572  test=0.136802  lr=6.64e-05
Epoch 192/300  train=0.080926  test=0.098250  lr=6.55e-05
Epoch 193/300  train=0.077802  test=0.105580  lr=6.46e-05
Epoch 194/300  train=0.074007  test=0.119100  lr=6.37e-05
Epoch 195/300  train=0.075345  test=0.078094  lr=6.28e-05
Epoch 196/300  train=0.069908  test=0.088154  lr=6.19e-05
Epoch 197/300  train=0.076591  test=0.127905  lr=6.10e-05
Epoch 198/300  train=0.078712  test=0.131080  lr=6.01e-05
Epoch 199/300  train=0.077174  test=0.114856  lr=5.92e-05
Epoch 200/300  train=0.078501  test=0.099519  lr=5.84e-05
Epoch 201/300  train=0.078368  test=0.110346  lr=5.75e-05
Epoch 202/300  train=0.073276  test=0.195958  lr=5.66e-05
Epoch 203/300  train=0.073935  test=0.101359  lr=5.58e-05
Epoch 204/300  train=0.074949  test=0.152593  lr=5.49e-05
Epoch 205/300  train=0.070550  test=0.131573  lr=5.41e-05
Epoch 206/300  train=0.074096  test=0.174254  lr=5.33e-05
Epoch 207/300  train=0.075559  test=0.096080  lr=5.24e-05
Epoch 208/300  train=0.076372  test=0.105687  lr=5.16e-05
Epoch 209/300  train=0.070050  test=0.158353  lr=5.08e-05
Epoch 210/300  train=0.076053  test=0.102747  lr=5.00e-05
Epoch 211/300  train=0.071466  test=0.094710  lr=4.92e-05
Epoch 212/300  train=0.078386  test=0.099770  lr=4.84e-05
Epoch 213/300  train=0.073626  test=0.169864  lr=4.76e-05
Epoch 214/300  train=0.075132  test=0.149306  lr=4.68e-05
Epoch 215/300  train=0.072738  test=0.113801  lr=4.60e-05
Epoch 216/300  train=0.079164  test=0.084942  lr=4.52e-05
Epoch 217/300  train=0.074706  test=0.101616  lr=4.44e-05
Epoch 218/300  train=0.067098  test=0.070605  lr=4.37e-05
  -> New best test_loss=0.070605
Epoch 219/300  train=0.072073  test=0.113959  lr=4.29e-05
Epoch 220/300  train=0.073874  test=0.137368  lr=4.22e-05
Epoch 221/300  train=0.075310  test=0.133078  lr=4.14e-05
Epoch 222/300  train=0.073813  test=0.139750  lr=4.07e-05
Epoch 223/300  train=0.075083  test=0.106924  lr=4.00e-05
Epoch 224/300  train=0.080758  test=0.101265  lr=3.92e-05
Epoch 225/300  train=0.070765  test=0.131306  lr=3.85e-05
Epoch 226/300  train=0.073574  test=0.163169  lr=3.78e-05
Epoch 227/300  train=0.077007  test=0.137376  lr=3.71e-05
Epoch 228/300  train=0.067967  test=0.147607  lr=3.64e-05
Epoch 229/300  train=0.068360  test=0.132699  lr=3.57e-05
Epoch 230/300  train=0.072116  test=0.071049  lr=3.51e-05
Epoch 231/300  train=0.072310  test=0.100338  lr=3.44e-05
Epoch 232/300  train=0.074053  test=0.082281  lr=3.37e-05
Epoch 233/300  train=0.070112  test=0.137617  lr=3.31e-05
Epoch 234/300  train=0.080159  test=0.122047  lr=3.24e-05
Epoch 235/300  train=0.073506  test=0.091997  lr=3.18e-05
Epoch 236/300  train=0.068169  test=0.104791  lr=3.12e-05
Epoch 237/300  train=0.072161  test=0.115716  lr=3.05e-05
Epoch 238/300  train=0.073269  test=0.113762  lr=2.99e-05
Epoch 239/300  train=0.074686  test=0.142369  lr=2.93e-05
Epoch 240/300  train=0.068148  test=0.130325  lr=2.87e-05
Epoch 241/300  train=0.073650  test=0.118313  lr=2.81e-05
Epoch 242/300  train=0.071079  test=0.126238  lr=2.76e-05
Epoch 243/300  train=0.074448  test=0.096426  lr=2.70e-05
Epoch 244/300  train=0.069845  test=0.146122  lr=2.64e-05
Epoch 245/300  train=0.071073  test=0.149345  lr=2.59e-05
Epoch 246/300  train=0.072474  test=0.097536  lr=2.53e-05
Epoch 247/300  train=0.076067  test=0.078611  lr=2.48e-05
Epoch 248/300  train=0.074014  test=0.161697  lr=2.43e-05
Epoch 249/300  train=0.070927  test=0.247149  lr=2.37e-05
Epoch 250/300  train=0.072679  test=0.084578  lr=2.32e-05
Epoch 251/300  train=0.072104  test=0.141448  lr=2.27e-05
Epoch 252/300  train=0.066735  test=0.138724  lr=2.22e-05
Epoch 253/300  train=0.073179  test=0.191424  lr=2.18e-05
Epoch 254/300  train=0.074899  test=0.170200  lr=2.13e-05
Epoch 255/300  train=0.067633  test=0.125709  lr=2.08e-05
Epoch 256/300  train=0.073391  test=0.081203  lr=2.04e-05
Epoch 257/300  train=0.071250  test=0.084444  lr=1.99e-05
Epoch 258/300  train=0.072953  test=0.182943  lr=1.95e-05
Epoch 259/300  train=0.075105  test=0.190555  lr=1.90e-05
Epoch 260/300  train=0.065452  test=0.104481  lr=1.86e-05
Epoch 261/300  train=0.071610  test=0.128994  lr=1.82e-05
Epoch 262/300  train=0.071618  test=0.137805  lr=1.78e-05
Epoch 263/300  train=0.070037  test=0.175107  lr=1.74e-05
Epoch 264/300  train=0.068939  test=0.140301  lr=1.70e-05
Epoch 265/300  train=0.075576  test=0.177643  lr=1.67e-05
Epoch 266/300  train=0.068002  test=0.103466  lr=1.63e-05
Epoch 267/300  train=0.072552  test=0.080423  lr=1.60e-05
Epoch 268/300  train=0.068612  test=0.094965  lr=1.56e-05
Epoch 269/300  train=0.069400  test=0.146870  lr=1.53e-05
Epoch 270/300  train=0.074844  test=0.136173  lr=1.50e-05
Epoch 271/300  train=0.070644  test=0.103883  lr=1.46e-05
Epoch 272/300  train=0.068639  test=0.134890  lr=1.43e-05
Epoch 273/300  train=0.072105  test=0.228286  lr=1.41e-05
Epoch 274/300  train=0.068687  test=0.239860  lr=1.38e-05
Epoch 275/300  train=0.069212  test=0.117587  lr=1.35e-05
Epoch 276/300  train=0.069460  test=0.140783  lr=1.32e-05
Epoch 277/300  train=0.069346  test=0.180930  lr=1.30e-05
Epoch 278/300  train=0.068097  test=0.160043  lr=1.27e-05
Epoch 279/300  train=0.068669  test=0.111037  lr=1.25e-05
Epoch 280/300  train=0.063302  test=0.108658  lr=1.23e-05
Epoch 281/300  train=0.066604  test=0.160800  lr=1.21e-05
Epoch 282/300  train=0.068506  test=0.076465  lr=1.19e-05
Epoch 283/300  train=0.073715  test=0.156204  lr=1.17e-05
Epoch 284/300  train=0.072244  test=0.091398  lr=1.15e-05
Epoch 285/300  train=0.065326  test=0.136739  lr=1.13e-05
Epoch 286/300  train=0.074168  test=0.144133  lr=1.12e-05
Epoch 287/300  train=0.071283  test=0.181291  lr=1.10e-05
Epoch 288/300  train=0.070172  test=0.109351  lr=1.09e-05
Epoch 289/300  train=0.071793  test=0.114991  lr=1.07e-05
Epoch 290/300  train=0.070911  test=0.128399  lr=1.06e-05
Epoch 291/300  train=0.069302  test=0.155683  lr=1.05e-05
Epoch 292/300  train=0.066752  test=0.137047  lr=1.04e-05
Epoch 293/300  train=0.067457  test=0.127240  lr=1.03e-05
Epoch 294/300  train=0.071305  test=0.108648  lr=1.03e-05
Epoch 295/300  train=0.071492  test=0.134109  lr=1.02e-05
Epoch 296/300  train=0.069509  test=0.124673  lr=1.01e-05
Epoch 297/300  train=0.065872  test=0.123529  lr=1.01e-05
Epoch 298/300  train=0.067095  test=0.113849  lr=1.00e-05
Epoch 299/300  train=0.066134  test=0.117110  lr=1.00e-05
Epoch 300/300  train=0.069002  test=0.130546  lr=1.00e-05

Training complete.

============================================
Evaluating exp042
============================================
C:\lxr\study\final\src\model\diffusion.py:390: UserWarning: enable_nested_tensor is True, but self.use_nested_tensor is False because encoder_layer.norm_first was True
  self.attn = nn.TransformerEncoder(attn_layer, num_layers=n_attn_layers)
C:\lxr\study\final\src\model\evaluate.py:201: FutureWarning: `torch.cuda.amp.autocast(args...)` is deprecated. Please use `torch.amp.autocast('cuda', args...)` instead.
  autocast_ctx = torch.cuda.amp.autocast() if device.type == "cuda" else torch.inference_mode()
Device: cuda
Test tracks: 49

--- Evaluating Diffusion ---
Loaded frozen diffusion from config fallback: experiments/checkpoints/exp034/diffusion_best_ema.pt
Loaded Amp Diffusion from experiments/checkpoints/exp042/amp_diffusion_best_ema.pt
Loaded AmpPredictor (hidden=256, gru_hidden=128, layers=2, dropout=0.3, f0_conditioned=False, use_attention=True, n_attn_heads=4, n_attn_layers=2, instrument_conditioned=True) from experiments/checkpoints/exp042/amp_predictor_best.pt
Amp norm stats (amp diffusion): mean=-4.5382, std=1.2719
*** RESIDUAL AMP DIFFUSION MODE: amp = AmpPredictor_mean + diffusion_residual ***
{
  "diffusion_rpa_mean": {
    "mean": 0.9430594874831725,
    "std": 0.041910067760508526,
    "min": 0.832878787878788,
    "max": 0.9937080867850099
  },
  "diffusion_rpa_oracle": {
    "mean": 0.9586139873657917,
    "std": 0.031669519329131625,
    "min": 0.859469696969697,
    "max": 0.9953648915187376
  },
  "diffusion_f0_mae_mean": {
    "mean": 24.02808866695482,
    "std": 18.04275930546186,
    "min": 9.483085823059081,
    "max": 128.85694885253906
  },
  "diffusion_f0_mae_oracle": {
    "mean": 20.041103226797922,
    "std": 17.200540320690237,
    "min": 8.17121410369873,
    "max": 125.78976440429688
  },
  "diffusion_amp_corr_mean": {
    "mean": 0.7441935056306936,
    "std": 0.11459373679225485,
    "min": 0.38928785502055674,
    "max": 0.9376914351862373
  },
  "diffusion_amp_corr_oracle": {
    "mean": 0.7533651049862535,
    "std": 0.10664809716196991,
    "min": 0.45941284863470977,
    "max": 0.9405818452440897
  },
  "diffusion_amp_rmse_log_mean": {
    "mean": 0.6985996701279465,
    "std": 0.16232082484893978,
    "min": 0.525885534286499,
    "max": 1.3335851430892944
  },
  "diffusion_amp_rmse_log_oracle": {
    "mean": 0.6563159665282892,
    "std": 0.1511252688436014,
    "min": 0.48641911149024963,
    "max": 1.2376282215118408
  },
  "diffusion_vde_mean_avg": {
    "mean": 7.687671273770276,
    "std": 6.773513394287653,
    "min": 1.7277760943730296,
    "max": 34.62245340108227
  },
  "diffusion_vde_mean_oracle": {
    "mean": 7.220929754770196,
    "std": 6.371178129923494,
    "min": 1.1592843116170788,
    "max": 33.43930318677254
  },
  "diffusion_vre_mean_avg": {
    "mean": 0.9142471628092727,
    "std": 0.20243648823331306,
    "min": 0.5391849198884158,
    "max": 1.2804865974601718
  },
  "diffusion_vre_mean_oracle": {
    "mean": 0.9277323562779826,
    "std": 0.230809338641664,
    "min": 0.4838712566188943,
    "max": 1.2932464929930594
  },
  "diffusion_f0_diversity_cents": {
    "mean": 11.855864086929632,
    "std": 6.981978988204685,
    "min": 5.8774542808532715,
    "max": 34.20322799682617
  },
  "diffusion_amp_diversity": {
    "mean": 0.004321056114015531,
    "std": 0.003334730851007933,
    "min": 0.0013061738573014736,
    "max": 0.01417249534279108
  },
  "diffusion_n_vibrato_notes": {
    "mean": 74.18367346938776,
    "std": 43.8306916368287,
    "min": 17.0,
    "max": 144.0
  }
}

Results saved to experiments/results/exp042.json

exp042 completed successfully.
