==========================================
Training exp046 (velocity + condition_dropout)
==========================================
C:\lxr\study\final\src\model\diffusion.py:398: UserWarning: enable_nested_tensor is True, but self.use_nested_tensor is False because encoder_layer.norm_first was True
  self.attn = nn.TransformerEncoder(attn_layer, num_layers=n_attn_layers)
Device: cuda
Config: {
  "data_dir": "C:\\lxr\\study\\final\\datagen\\solo\\URMP",
  "bach10_dir": "C:\\lxr\\study\\final\\datagen\\solo\\Bach10",
  "output_dir": "experiments/checkpoints/exp046",
  "instruments": [
    "vn",
    "va",
    "vc",
    "fl",
    "ob",
    "cl",
    "sax",
    "tpt",
    "tbn",
    "bn"
  ],
  "crop_len": 512,
  "seed": 42,
  "stage1": {
    "batch_size": 32,
    "lr": 0.001,
    "epochs": 100,
    "lam": 1.0,
    "patience": 15,
    "lr_patience": 5,
    "lr_factor": 0.5,
    "dropout": 0.3
  },
  "stage2": {
    "batch_size": 16,
    "lr": 0.0002,
    "epochs": 300,
    "ema_decay": 0.995,
    "n_diffusion_steps": 1000,
    "samples_per_epoch": 1860,
    "lr_min": 1e-05,
    "n_channels": 1,
    "amp_hidden": 256,
    "amp_gru_hidden": 128,
    "amp_gru_layers": 2,
    "amp_dropout": 0.3,
    "amp_use_attention": true,
    "amp_n_attn_heads": 4,
    "amp_n_attn_layers": 2,
    "amp_instrument_conditioned": false,
    "amp_note_position_conditioned": false,
    "amp_f0_conditioned": false,
    "amp_velocity_conditioned": true,
    "amp_condition_dropout": 0.2,
    "amp_corr_weight": 0.3,
    "amp_grad_weight": 0.2,
    "freeze_diffusion": true,
    "diffusion_checkpoint": "experiments/checkpoints/exp034/diffusion_best_ema.pt",
    "amp_lr": 5e-05,
    "amp_weight_decay": 0.001,
    "amp_augment": true,
    "amp_augment_scale": 0.2,
    "amp_augment_jitter": 0.05
  },
  "stage3": {
    "batch_size": 16,
    "lr": 0.0002,
    "epochs": 200,
    "ema_decay": 0.995,
    "n_diffusion_steps": 1000,
    "samples_per_epoch": null
  },
  "save_every": 10,
  "baseline_checkpoint": "experiments/checkpoints/exp033/baseline_best.pt"
}
Loaded baseline from experiments/checkpoints/exp033/baseline_best.pt

============================================================
Stage 2: Training 1ch Diffusion (f0) + AmpPredictor
============================================================
Train: 124 tracks, samples_per_epoch=1860
Amp log stats: mean=-4.5382, std=1.2719
Diffusion n_channels=1
Loaded pre-trained diffusion from experiments/checkpoints/exp034/diffusion_best_ema.pt
Diffusion FROZEN ¡ª only training AmpPredictor
AmpPredictor enabled (hidden=256, gru_hidden=128, layers=2, dropout=0.3, f0_conditioned=False, use_attention=True, n_attn_heads=4, n_attn_layers=2, instrument_conditioned=False, note_position_conditioned=False, velocity_conditioned=True, condition_dropout=0.2)
AmpPredictor optimizer: lr=5e-05, weight_decay=0.001
Using CosineAnnealingLR (amp): lr 5e-05 -> 1e-05 over 300 epochs
Amplitude augmentation ENABLED: scale=0.2, jitter=0.05
Epoch 1/300  train=1.557985 (diff=0.032667 amp=1.557985)  test=0.753364 (diff=0.071179 amp=0.682185)  diff_lr=0.00e+00 amp_lr=5.00e-05
  -> New best test_loss=0.753364
  -> New best test_amp_loss=0.682185, saved amp_predictor
Epoch 2/300  train=0.691635 (diff=0.036047 amp=0.691635)  test=0.733838 (diff=0.033566 amp=0.700272)  diff_lr=0.00e+00 amp_lr=5.00e-05
  -> New best test_loss=0.733838
Epoch 3/300  train=0.658388 (diff=0.033705 amp=0.658388)  test=0.620239 (diff=0.027357 amp=0.592882)  diff_lr=0.00e+00 amp_lr=5.00e-05
  -> New best test_loss=0.620239
  -> New best test_amp_loss=0.592882, saved amp_predictor
Epoch 4/300  train=0.648790 (diff=0.034556 amp=0.648790)  test=0.726344 (diff=0.029370 amp=0.696974)  diff_lr=0.00e+00 amp_lr=5.00e-05
Epoch 5/300  train=0.633145 (diff=0.033788 amp=0.633145)  test=0.669515 (diff=0.016771 amp=0.652743)  diff_lr=0.00e+00 amp_lr=5.00e-05
Epoch 6/300  train=0.632258 (diff=0.032738 amp=0.632258)  test=0.698994 (diff=0.025642 amp=0.673352)  diff_lr=0.00e+00 amp_lr=5.00e-05
Epoch 7/300  train=0.619713 (diff=0.033212 amp=0.619713)  test=0.647428 (diff=0.043289 amp=0.604139)  diff_lr=0.00e+00 amp_lr=5.00e-05
Epoch 8/300  train=0.610836 (diff=0.034304 amp=0.610836)  test=0.654057 (diff=0.026126 amp=0.627931)  diff_lr=0.00e+00 amp_lr=4.99e-05
Epoch 9/300  train=0.593164 (diff=0.033938 amp=0.593164)  test=0.670537 (diff=0.024220 amp=0.646317)  diff_lr=0.00e+00 amp_lr=4.99e-05
Epoch 10/300  train=0.599169 (diff=0.034092 amp=0.599169)  test=0.632812 (diff=0.018739 amp=0.614073)  diff_lr=0.00e+00 amp_lr=4.99e-05
Epoch 11/300  train=0.590871 (diff=0.035719 amp=0.590871)  test=0.738312 (diff=0.031323 amp=0.706989)  diff_lr=0.00e+00 amp_lr=4.99e-05
Epoch 12/300  train=0.578259 (diff=0.034137 amp=0.578259)  test=0.668699 (diff=0.024776 amp=0.643923)  diff_lr=0.00e+00 amp_lr=4.99e-05
Epoch 13/300  train=0.572388 (diff=0.033704 amp=0.572388)  test=0.633777 (diff=0.015356 amp=0.618421)  diff_lr=0.00e+00 amp_lr=4.98e-05
Epoch 14/300  train=0.574167 (diff=0.033590 amp=0.574167)  test=0.729696 (diff=0.114939 amp=0.614757)  diff_lr=0.00e+00 amp_lr=4.98e-05
Epoch 15/300  train=0.564110 (diff=0.034975 amp=0.564110)  test=0.611161 (diff=0.017488 amp=0.593673)  diff_lr=0.00e+00 amp_lr=4.98e-05
  -> New best test_loss=0.611161
Epoch 16/300  train=0.558692 (diff=0.032242 amp=0.558692)  test=0.634373 (diff=0.013179 amp=0.621194)  diff_lr=0.00e+00 amp_lr=4.98e-05
Epoch 17/300  train=0.563855 (diff=0.034625 amp=0.563855)  test=0.608602 (diff=0.018852 amp=0.589751)  diff_lr=0.00e+00 amp_lr=4.97e-05
  -> New best test_loss=0.608602
  -> New best test_amp_loss=0.589751, saved amp_predictor
Epoch 18/300  train=0.574515 (diff=0.034252 amp=0.574515)  test=0.652057 (diff=0.020450 amp=0.631607)  diff_lr=0.00e+00 amp_lr=4.97e-05
Epoch 19/300  train=0.566223 (diff=0.035768 amp=0.566223)  test=0.639371 (diff=0.011502 amp=0.627869)  diff_lr=0.00e+00 amp_lr=4.96e-05
Epoch 20/300  train=0.554534 (diff=0.033247 amp=0.554534)  test=0.597180 (diff=0.010307 amp=0.586873)  diff_lr=0.00e+00 amp_lr=4.96e-05
  -> New best test_loss=0.597180
  -> New best test_amp_loss=0.586873, saved amp_predictor
Epoch 21/300  train=0.555223 (diff=0.034030 amp=0.555223)  test=0.674821 (diff=0.039015 amp=0.635807)  diff_lr=0.00e+00 amp_lr=4.96e-05
Epoch 22/300  train=0.544845 (diff=0.035431 amp=0.544845)  test=0.691243 (diff=0.015048 amp=0.676195)  diff_lr=0.00e+00 amp_lr=4.95e-05
Epoch 23/300  train=0.560033 (diff=0.034711 amp=0.560033)  test=0.617620 (diff=0.021582 amp=0.596037)  diff_lr=0.00e+00 amp_lr=4.95e-05
Epoch 24/300  train=0.551672 (diff=0.033607 amp=0.551672)  test=0.621853 (diff=0.030022 amp=0.591831)  diff_lr=0.00e+00 amp_lr=4.94e-05
Epoch 25/300  train=0.548626 (diff=0.034013 amp=0.548626)  test=0.637375 (diff=0.020239 amp=0.617135)  diff_lr=0.00e+00 amp_lr=4.94e-05
Epoch 26/300  train=0.541882 (diff=0.033032 amp=0.541882)  test=0.655944 (diff=0.026011 amp=0.629933)  diff_lr=0.00e+00 amp_lr=4.93e-05
Epoch 27/300  train=0.553173 (diff=0.035768 amp=0.553173)  test=0.704335 (diff=0.018762 amp=0.685573)  diff_lr=0.00e+00 amp_lr=4.93e-05
Epoch 28/300  train=0.542681 (diff=0.032494 amp=0.542681)  test=0.616702 (diff=0.013939 amp=0.602763)  diff_lr=0.00e+00 amp_lr=4.92e-05
Epoch 29/300  train=0.541077 (diff=0.033852 amp=0.541077)  test=0.647521 (diff=0.052069 amp=0.595452)  diff_lr=0.00e+00 amp_lr=4.91e-05
Epoch 30/300  train=0.550275 (diff=0.033458 amp=0.550275)  test=0.647551 (diff=0.020676 amp=0.626875)  diff_lr=0.00e+00 amp_lr=4.91e-05
Epoch 31/300  train=0.548273 (diff=0.033158 amp=0.548273)  test=0.616245 (diff=0.013074 amp=0.603171)  diff_lr=0.00e+00 amp_lr=4.90e-05
Epoch 32/300  train=0.535201 (diff=0.033029 amp=0.535201)  test=0.673806 (diff=0.028622 amp=0.645184)  diff_lr=0.00e+00 amp_lr=4.90e-05
Epoch 33/300  train=0.531984 (diff=0.033722 amp=0.531984)  test=0.647404 (diff=0.015218 amp=0.632186)  diff_lr=0.00e+00 amp_lr=4.89e-05
Epoch 34/300  train=0.541773 (diff=0.034137 amp=0.541773)  test=0.641684 (diff=0.010749 amp=0.630935)  diff_lr=0.00e+00 amp_lr=4.88e-05
Epoch 35/300  train=0.538466 (diff=0.033856 amp=0.538466)  test=0.598715 (diff=0.020729 amp=0.577986)  diff_lr=0.00e+00 amp_lr=4.87e-05
  -> New best test_amp_loss=0.577986, saved amp_predictor
Epoch 36/300  train=0.543278 (diff=0.033481 amp=0.543278)  test=0.734981 (diff=0.041634 amp=0.693347)  diff_lr=0.00e+00 amp_lr=4.87e-05
Epoch 37/300  train=0.541822 (diff=0.033509 amp=0.541822)  test=0.647058 (diff=0.029407 amp=0.617651)  diff_lr=0.00e+00 amp_lr=4.86e-05
Epoch 38/300  train=0.535093 (diff=0.034500 amp=0.535093)  test=0.608007 (diff=0.025339 amp=0.582668)  diff_lr=0.00e+00 amp_lr=4.85e-05
Epoch 39/300  train=0.534000 (diff=0.033828 amp=0.534000)  test=0.624528 (diff=0.020976 amp=0.603552)  diff_lr=0.00e+00 amp_lr=4.84e-05
Epoch 40/300  train=0.540247 (diff=0.034577 amp=0.540247)  test=0.708765 (diff=0.019165 amp=0.689600)  diff_lr=0.00e+00 amp_lr=4.84e-05
Epoch 41/300  train=0.527272 (diff=0.033043 amp=0.527272)  test=0.634026 (diff=0.022533 amp=0.611493)  diff_lr=0.00e+00 amp_lr=4.83e-05
Epoch 42/300  train=0.524360 (diff=0.033205 amp=0.524360)  test=0.645230 (diff=0.032102 amp=0.613128)  diff_lr=0.00e+00 amp_lr=4.82e-05
Epoch 43/300  train=0.538571 (diff=0.032376 amp=0.538571)  test=0.699821 (diff=0.024391 amp=0.675431)  diff_lr=0.00e+00 amp_lr=4.81e-05
Epoch 44/300  train=0.534700 (diff=0.033867 amp=0.534700)  test=0.670092 (diff=0.032295 amp=0.637797)  diff_lr=0.00e+00 amp_lr=4.80e-05
Epoch 45/300  train=0.525276 (diff=0.033307 amp=0.525276)  test=0.636528 (diff=0.015264 amp=0.621264)  diff_lr=0.00e+00 amp_lr=4.79e-05
Epoch 46/300  train=0.527544 (diff=0.032848 amp=0.527544)  test=0.639355 (diff=0.012306 amp=0.627049)  diff_lr=0.00e+00 amp_lr=4.78e-05
Epoch 47/300  train=0.523394 (diff=0.034259 amp=0.523394)  test=0.623027 (diff=0.027759 amp=0.595268)  diff_lr=0.00e+00 amp_lr=4.77e-05
Epoch 48/300  train=0.533483 (diff=0.033168 amp=0.533483)  test=0.685595 (diff=0.040345 amp=0.645250)  diff_lr=0.00e+00 amp_lr=4.76e-05
Epoch 49/300  train=0.532700 (diff=0.034754 amp=0.532700)  test=0.676207 (diff=0.016379 amp=0.659828)  diff_lr=0.00e+00 amp_lr=4.75e-05
Epoch 50/300  train=0.532699 (diff=0.033645 amp=0.532699)  test=0.647305 (diff=0.023381 amp=0.623924)  diff_lr=0.00e+00 amp_lr=4.74e-05
Epoch 51/300  train=0.517809 (diff=0.033556 amp=0.517809)  test=0.611134 (diff=0.018213 amp=0.592921)  diff_lr=0.00e+00 amp_lr=4.73e-05
Epoch 52/300  train=0.525057 (diff=0.032318 amp=0.525057)  test=0.648114 (diff=0.020940 amp=0.627175)  diff_lr=0.00e+00 amp_lr=4.72e-05
Epoch 53/300  train=0.529266 (diff=0.033789 amp=0.529266)  test=0.663530 (diff=0.022801 amp=0.640729)  diff_lr=0.00e+00 amp_lr=4.71e-05
Epoch 54/300  train=0.522914 (diff=0.033217 amp=0.522914)  test=0.718032 (diff=0.016993 amp=0.701039)  diff_lr=0.00e+00 amp_lr=4.70e-05
Epoch 55/300  train=0.526868 (diff=0.033259 amp=0.526868)  test=0.643933 (diff=0.028930 amp=0.615003)  diff_lr=0.00e+00 amp_lr=4.69e-05
Epoch 56/300  train=0.517409 (diff=0.035502 amp=0.517409)  test=0.648707 (diff=0.023811 amp=0.624896)  diff_lr=0.00e+00 amp_lr=4.68e-05
Epoch 57/300  train=0.529048 (diff=0.033646 amp=0.529048)  test=0.650710 (diff=0.017139 amp=0.633571)  diff_lr=0.00e+00 amp_lr=4.67e-05
Epoch 58/300  train=0.518040 (diff=0.033575 amp=0.518040)  test=0.660780 (diff=0.018297 amp=0.642483)  diff_lr=0.00e+00 amp_lr=4.65e-05
Epoch 59/300  train=0.519465 (diff=0.035390 amp=0.519465)  test=0.670147 (diff=0.035091 amp=0.635056)  diff_lr=0.00e+00 amp_lr=4.64e-05
Epoch 60/300  train=0.521439 (diff=0.032354 amp=0.521439)  test=0.678854 (diff=0.015521 amp=0.663333)  diff_lr=0.00e+00 amp_lr=4.63e-05
Epoch 61/300  train=0.519290 (diff=0.034523 amp=0.519290)  test=0.641300 (diff=0.032157 amp=0.609143)  diff_lr=0.00e+00 amp_lr=4.62e-05
Epoch 62/300  train=0.519149 (diff=0.032075 amp=0.519149)  test=0.672206 (diff=0.010495 amp=0.661711)  diff_lr=0.00e+00 amp_lr=4.61e-05
Epoch 63/300  train=0.518771 (diff=0.035357 amp=0.518771)  test=0.637929 (diff=0.021109 amp=0.616820)  diff_lr=0.00e+00 amp_lr=4.59e-05
Epoch 64/300  train=0.519374 (diff=0.033622 amp=0.519374)  test=0.671154 (diff=0.031443 amp=0.639711)  diff_lr=0.00e+00 amp_lr=4.58e-05
Epoch 65/300  train=0.520472 (diff=0.033236 amp=0.520472)  test=0.633797 (diff=0.018344 amp=0.615454)  diff_lr=0.00e+00 amp_lr=4.57e-05
Epoch 66/300  train=0.516808 (diff=0.034091 amp=0.516808)  test=0.671526 (diff=0.028996 amp=0.642530)  diff_lr=0.00e+00 amp_lr=4.55e-05
Epoch 67/300  train=0.515287 (diff=0.033733 amp=0.515287)  test=0.668899 (diff=0.034647 amp=0.634252)  diff_lr=0.00e+00 amp_lr=4.54e-05
Epoch 68/300  train=0.522385 (diff=0.034138 amp=0.522385)  test=0.666144 (diff=0.017605 amp=0.648540)  diff_lr=0.00e+00 amp_lr=4.53e-05
Epoch 69/300  train=0.517876 (diff=0.034359 amp=0.517876)  test=0.697030 (diff=0.030873 amp=0.666156)  diff_lr=0.00e+00 amp_lr=4.51e-05
Epoch 70/300  train=0.521024 (diff=0.035318 amp=0.521024)  test=0.662003 (diff=0.024984 amp=0.637019)  diff_lr=0.00e+00 amp_lr=4.50e-05
Epoch 71/300  train=0.516149 (diff=0.032524 amp=0.516149)  test=0.654939 (diff=0.015981 amp=0.638959)  diff_lr=0.00e+00 amp_lr=4.49e-05
Epoch 72/300  train=0.519030 (diff=0.032370 amp=0.519030)  test=0.678677 (diff=0.036774 amp=0.641903)  diff_lr=0.00e+00 amp_lr=4.47e-05
Epoch 73/300  train=0.514331 (diff=0.033215 amp=0.514331)  test=0.697980 (diff=0.019826 amp=0.678154)  diff_lr=0.00e+00 amp_lr=4.46e-05
Epoch 74/300  train=0.525302 (diff=0.034113 amp=0.525302)  test=0.697019 (diff=0.025173 amp=0.671846)  diff_lr=0.00e+00 amp_lr=4.44e-05
Epoch 75/300  train=0.512661 (diff=0.034994 amp=0.512661)  test=0.673809 (diff=0.025965 amp=0.647844)  diff_lr=0.00e+00 amp_lr=4.43e-05
Epoch 76/300  train=0.519534 (diff=0.033324 amp=0.519534)  test=0.670307 (diff=0.041030 amp=0.629277)  diff_lr=0.00e+00 amp_lr=4.41e-05
Epoch 77/300  train=0.524308 (diff=0.033733 amp=0.524308)  test=0.665681 (diff=0.020881 amp=0.644799)  diff_lr=0.00e+00 amp_lr=4.40e-05
Epoch 78/300  train=0.513570 (diff=0.031750 amp=0.513570)  test=0.662333 (diff=0.029079 amp=0.633255)  diff_lr=0.00e+00 amp_lr=4.38e-05
Epoch 79/300  train=0.519994 (diff=0.034975 amp=0.519994)  test=0.742481 (diff=0.026192 amp=0.716290)  diff_lr=0.00e+00 amp_lr=4.37e-05
Epoch 80/300  train=0.507456 (diff=0.034288 amp=0.507456)  test=0.659657 (diff=0.021460 amp=0.638197)  diff_lr=0.00e+00 amp_lr=4.35e-05
Epoch 81/300  train=0.509856 (diff=0.034343 amp=0.509856)  test=0.641812 (diff=0.025403 amp=0.616409)  diff_lr=0.00e+00 amp_lr=4.34e-05
Epoch 82/300  train=0.515200 (diff=0.034021 amp=0.515200)  test=0.653917 (diff=0.023856 amp=0.630061)  diff_lr=0.00e+00 amp_lr=4.32e-05
Epoch 83/300  train=0.518580 (diff=0.035203 amp=0.518580)  test=0.705697 (diff=0.047276 amp=0.658421)  diff_lr=0.00e+00 amp_lr=4.31e-05
Epoch 84/300  train=0.501037 (diff=0.034359 amp=0.501037)  test=0.667168 (diff=0.036882 amp=0.630286)  diff_lr=0.00e+00 amp_lr=4.29e-05
Epoch 85/300  train=0.516793 (diff=0.035213 amp=0.516793)  test=0.699845 (diff=0.025584 amp=0.674262)  diff_lr=0.00e+00 amp_lr=4.27e-05
Epoch 86/300  train=0.511791 (diff=0.032882 amp=0.511791)  test=0.657589 (diff=0.025938 amp=0.631651)  diff_lr=0.00e+00 amp_lr=4.26e-05
Epoch 87/300  train=0.507972 (diff=0.037848 amp=0.507972)  test=0.732437 (diff=0.035139 amp=0.697297)  diff_lr=0.00e+00 amp_lr=4.24e-05
Epoch 88/300  train=0.514628 (diff=0.034036 amp=0.514628)  test=0.653996 (diff=0.029843 amp=0.624153)  diff_lr=0.00e+00 amp_lr=4.23e-05
Epoch 89/300  train=0.515858 (diff=0.033672 amp=0.515858)  test=0.688719 (diff=0.022667 amp=0.666053)  diff_lr=0.00e+00 amp_lr=4.21e-05
Epoch 90/300  train=0.508175 (diff=0.035046 amp=0.508175)  test=0.660841 (diff=0.017845 amp=0.642995)  diff_lr=0.00e+00 amp_lr=4.19e-05
Epoch 91/300  train=0.505534 (diff=0.034442 amp=0.505534)  test=0.698185 (diff=0.024653 amp=0.673532)  diff_lr=0.00e+00 amp_lr=4.18e-05
Epoch 92/300  train=0.505050 (diff=0.034022 amp=0.505050)  test=0.706274 (diff=0.028490 amp=0.677784)  diff_lr=0.00e+00 amp_lr=4.16e-05
Epoch 93/300  train=0.513480 (diff=0.032311 amp=0.513480)  test=0.614677 (diff=0.021759 amp=0.592919)  diff_lr=0.00e+00 amp_lr=4.14e-05
Epoch 94/300  train=0.514376 (diff=0.033398 amp=0.514376)  test=0.607963 (diff=0.012816 amp=0.595147)  diff_lr=0.00e+00 amp_lr=4.12e-05
Epoch 95/300  train=0.516157 (diff=0.036311 amp=0.516157)  test=0.643187 (diff=0.033133 amp=0.610054)  diff_lr=0.00e+00 amp_lr=4.11e-05
Epoch 96/300  train=0.502716 (diff=0.034822 amp=0.502716)  test=0.669744 (diff=0.035712 amp=0.634032)  diff_lr=0.00e+00 amp_lr=4.09e-05
Epoch 97/300  train=0.508232 (diff=0.037652 amp=0.508232)  test=0.664874 (diff=0.022095 amp=0.642779)  diff_lr=0.00e+00 amp_lr=4.07e-05
Epoch 98/300  train=0.513914 (diff=0.033788 amp=0.513914)  test=0.649366 (diff=0.011959 amp=0.637407)  diff_lr=0.00e+00 amp_lr=4.05e-05
Epoch 99/300  train=0.504459 (diff=0.034094 amp=0.504459)  test=0.648769 (diff=0.022628 amp=0.626141)  diff_lr=0.00e+00 amp_lr=4.04e-05
Epoch 100/300  train=0.503768 (diff=0.033593 amp=0.503768)  test=0.674098 (diff=0.032639 amp=0.641459)  diff_lr=0.00e+00 amp_lr=4.02e-05
Epoch 101/300  train=0.509443 (diff=0.034064 amp=0.509443)  test=0.618667 (diff=0.017263 amp=0.601403)  diff_lr=0.00e+00 amp_lr=4.00e-05
Epoch 102/300  train=0.506294 (diff=0.036695 amp=0.506294)  test=0.668015 (diff=0.026587 amp=0.641428)  diff_lr=0.00e+00 amp_lr=3.98e-05
Epoch 103/300  train=0.504149 (diff=0.035480 amp=0.504149)  test=0.731000 (diff=0.079997 amp=0.651002)  diff_lr=0.00e+00 amp_lr=3.96e-05
Epoch 104/300  train=0.503515 (diff=0.034041 amp=0.503515)  test=0.645632 (diff=0.021891 amp=0.623741)  diff_lr=0.00e+00 amp_lr=3.95e-05
Epoch 105/300  train=0.503037 (diff=0.033606 amp=0.503037)  test=0.647702 (diff=0.024278 amp=0.623424)  diff_lr=0.00e+00 amp_lr=3.93e-05
Epoch 106/300  train=0.507129 (diff=0.033118 amp=0.507129)  test=0.640981 (diff=0.015534 amp=0.625447)  diff_lr=0.00e+00 amp_lr=3.91e-05
Epoch 107/300  train=0.503159 (diff=0.033771 amp=0.503159)  test=0.667434 (diff=0.017834 amp=0.649601)  diff_lr=0.00e+00 amp_lr=3.89e-05
Epoch 108/300  train=0.503567 (diff=0.033068 amp=0.503567)  test=0.653617 (diff=0.024420 amp=0.629197)  diff_lr=0.00e+00 amp_lr=3.87e-05
Epoch 109/300  train=0.510783 (diff=0.036102 amp=0.510783)  test=0.657238 (diff=0.023808 amp=0.633431)  diff_lr=0.00e+00 amp_lr=3.85e-05
Epoch 110/300  train=0.503285 (diff=0.032302 amp=0.503285)  test=0.630631 (diff=0.022066 amp=0.608565)  diff_lr=0.00e+00 amp_lr=3.83e-05
Epoch 111/300  train=0.495541 (diff=0.035064 amp=0.495541)  test=0.687894 (diff=0.056012 amp=0.631882)  diff_lr=0.00e+00 amp_lr=3.81e-05
Epoch 112/300  train=0.505072 (diff=0.033252 amp=0.505072)  test=0.685698 (diff=0.076045 amp=0.609653)  diff_lr=0.00e+00 amp_lr=3.79e-05
Epoch 113/300  train=0.505523 (diff=0.034231 amp=0.505523)  test=0.644106 (diff=0.023470 amp=0.620636)  diff_lr=0.00e+00 amp_lr=3.78e-05
Epoch 114/300  train=0.501679 (diff=0.034405 amp=0.501679)  test=0.627596 (diff=0.019025 amp=0.608572)  diff_lr=0.00e+00 amp_lr=3.76e-05
Epoch 115/300  train=0.501247 (diff=0.036529 amp=0.501247)  test=0.661050 (diff=0.029297 amp=0.631754)  diff_lr=0.00e+00 amp_lr=3.74e-05
Epoch 116/300  train=0.504812 (diff=0.036977 amp=0.504812)  test=0.632681 (diff=0.022625 amp=0.610056)  diff_lr=0.00e+00 amp_lr=3.72e-05
Epoch 117/300  train=0.511528 (diff=0.032890 amp=0.511528)  test=0.622124 (diff=0.017026 amp=0.605098)  diff_lr=0.00e+00 amp_lr=3.70e-05
Epoch 118/300  train=0.503550 (diff=0.033675 amp=0.503550)  test=0.653969 (diff=0.010405 amp=0.643564)  diff_lr=0.00e+00 amp_lr=3.68e-05
Epoch 119/300  train=0.500623 (diff=0.032506 amp=0.500623)  test=0.656056 (diff=0.024729 amp=0.631327)  diff_lr=0.00e+00 amp_lr=3.66e-05
Epoch 120/300  train=0.506489 (diff=0.033079 amp=0.506489)  test=0.654589 (diff=0.031049 amp=0.623540)  diff_lr=0.00e+00 amp_lr=3.64e-05
Epoch 121/300  train=0.504252 (diff=0.033154 amp=0.504252)  test=0.645967 (diff=0.012035 amp=0.633932)  diff_lr=0.00e+00 amp_lr=3.62e-05
Epoch 122/300  train=0.501863 (diff=0.032341 amp=0.501863)  test=0.626951 (diff=0.014905 amp=0.612046)  diff_lr=0.00e+00 amp_lr=3.60e-05
Epoch 123/300  train=0.502425 (diff=0.035325 amp=0.502425)  test=0.648220 (diff=0.024146 amp=0.624073)  diff_lr=0.00e+00 amp_lr=3.58e-05
Epoch 124/300  train=0.501575 (diff=0.034363 amp=0.501575)  test=0.659498 (diff=0.019920 amp=0.639578)  diff_lr=0.00e+00 amp_lr=3.56e-05
Epoch 125/300  train=0.503285 (diff=0.036028 amp=0.503285)  test=0.649066 (diff=0.021783 amp=0.627283)  diff_lr=0.00e+00 amp_lr=3.54e-05
Epoch 126/300  train=0.503147 (diff=0.032231 amp=0.503147)  test=0.708291 (diff=0.020049 amp=0.688243)  diff_lr=0.00e+00 amp_lr=3.52e-05
Epoch 127/300  train=0.508809 (diff=0.032090 amp=0.508809)  test=0.667734 (diff=0.019916 amp=0.647818)  diff_lr=0.00e+00 amp_lr=3.50e-05
Epoch 128/300  train=0.502034 (diff=0.033017 amp=0.502034)  test=0.651170 (diff=0.025971 amp=0.625199)  diff_lr=0.00e+00 amp_lr=3.48e-05
Epoch 129/300  train=0.501224 (diff=0.035896 amp=0.501224)  test=0.635431 (diff=0.026799 amp=0.608633)  diff_lr=0.00e+00 amp_lr=3.46e-05
Epoch 130/300  train=0.499353 (diff=0.035753 amp=0.499353)  test=0.623237 (diff=0.019544 amp=0.603693)  diff_lr=0.00e+00 amp_lr=3.44e-05
Epoch 131/300  train=0.501454 (diff=0.033398 amp=0.501454)  test=0.682564 (diff=0.021678 amp=0.660886)  diff_lr=0.00e+00 amp_lr=3.42e-05
Epoch 132/300  train=0.511108 (diff=0.033169 amp=0.511108)  test=0.622907 (diff=0.013766 amp=0.609141)  diff_lr=0.00e+00 amp_lr=3.40e-05
Epoch 133/300  train=0.505600 (diff=0.032491 amp=0.505600)  test=0.657444 (diff=0.022105 amp=0.635338)  diff_lr=0.00e+00 amp_lr=3.37e-05
Epoch 134/300  train=0.493012 (diff=0.034713 amp=0.493012)  test=0.618242 (diff=0.010114 amp=0.608128)  diff_lr=0.00e+00 amp_lr=3.35e-05
Epoch 135/300  train=0.502730 (diff=0.033412 amp=0.502730)  test=0.673229 (diff=0.034829 amp=0.638401)  diff_lr=0.00e+00 amp_lr=3.33e-05
Epoch 136/300  train=0.498515 (diff=0.033456 amp=0.498515)  test=0.647764 (diff=0.021307 amp=0.626457)  diff_lr=0.00e+00 amp_lr=3.31e-05
Epoch 137/300  train=0.497555 (diff=0.034986 amp=0.497555)  test=0.635960 (diff=0.022937 amp=0.613023)  diff_lr=0.00e+00 amp_lr=3.29e-05
Epoch 138/300  train=0.492326 (diff=0.034557 amp=0.492326)  test=0.643763 (diff=0.021767 amp=0.621996)  diff_lr=0.00e+00 amp_lr=3.27e-05
Epoch 139/300  train=0.497848 (diff=0.034787 amp=0.497848)  test=0.652377 (diff=0.028861 amp=0.623515)  diff_lr=0.00e+00 amp_lr=3.25e-05
Epoch 140/300  train=0.496251 (diff=0.034225 amp=0.496251)  test=0.662676 (diff=0.023071 amp=0.639605)  diff_lr=0.00e+00 amp_lr=3.23e-05
Epoch 141/300  train=0.506923 (diff=0.034897 amp=0.506923)  test=0.660114 (diff=0.020040 amp=0.640074)  diff_lr=0.00e+00 amp_lr=3.21e-05
Epoch 142/300  train=0.505270 (diff=0.034607 amp=0.505270)  test=0.674168 (diff=0.028521 amp=0.645647)  diff_lr=0.00e+00 amp_lr=3.19e-05
Epoch 143/300  train=0.502076 (diff=0.036479 amp=0.502076)  test=0.640342 (diff=0.020088 amp=0.620254)  diff_lr=0.00e+00 amp_lr=3.17e-05
Epoch 144/300  train=0.503156 (diff=0.034765 amp=0.503156)  test=0.620807 (diff=0.023442 amp=0.597365)  diff_lr=0.00e+00 amp_lr=3.15e-05
Epoch 145/300  train=0.505556 (diff=0.034864 amp=0.505556)  test=0.616750 (diff=0.020986 amp=0.595763)  diff_lr=0.00e+00 amp_lr=3.13e-05
Epoch 146/300  train=0.501983 (diff=0.032758 amp=0.501983)  test=0.673661 (diff=0.035826 amp=0.637835)  diff_lr=0.00e+00 amp_lr=3.10e-05
Epoch 147/300  train=0.498371 (diff=0.034183 amp=0.498371)  test=0.623467 (diff=0.016472 amp=0.606995)  diff_lr=0.00e+00 amp_lr=3.08e-05
Epoch 148/300  train=0.495746 (diff=0.034196 amp=0.495746)  test=0.682484 (diff=0.033879 amp=0.648605)  diff_lr=0.00e+00 amp_lr=3.06e-05
Epoch 149/300  train=0.500227 (diff=0.033933 amp=0.500227)  test=0.639872 (diff=0.017182 amp=0.622690)  diff_lr=0.00e+00 amp_lr=3.04e-05
Epoch 150/300  train=0.496682 (diff=0.033279 amp=0.496682)  test=0.620325 (diff=0.019366 amp=0.600959)  diff_lr=0.00e+00 amp_lr=3.02e-05
Epoch 151/300  train=0.499139 (diff=0.033033 amp=0.499139)  test=0.643786 (diff=0.034223 amp=0.609563)  diff_lr=0.00e+00 amp_lr=3.00e-05
Epoch 152/300  train=0.496640 (diff=0.034449 amp=0.496640)  test=0.635844 (diff=0.020895 amp=0.614950)  diff_lr=0.00e+00 amp_lr=2.98e-05
Epoch 153/300  train=0.502759 (diff=0.034455 amp=0.502759)  test=0.640943 (diff=0.026174 amp=0.614769)  diff_lr=0.00e+00 amp_lr=2.96e-05
Epoch 154/300  train=0.500709 (diff=0.034179 amp=0.500709)  test=0.638764 (diff=0.008883 amp=0.629881)  diff_lr=0.00e+00 amp_lr=2.94e-05
Epoch 155/300  train=0.490041 (diff=0.035158 amp=0.490041)  test=0.637131 (diff=0.030666 amp=0.606464)  diff_lr=0.00e+00 amp_lr=2.92e-05
Epoch 156/300  train=0.490767 (diff=0.036578 amp=0.490767)  test=0.627210 (diff=0.023841 amp=0.603369)  diff_lr=0.00e+00 amp_lr=2.90e-05
Epoch 157/300  train=0.489103 (diff=0.034010 amp=0.489103)  test=0.630197 (diff=0.013988 amp=0.616209)  diff_lr=0.00e+00 amp_lr=2.87e-05
Epoch 158/300  train=0.496612 (diff=0.033022 amp=0.496612)  test=0.675081 (diff=0.027170 amp=0.647910)  diff_lr=0.00e+00 amp_lr=2.85e-05
Epoch 159/300  train=0.493298 (diff=0.034384 amp=0.493298)  test=0.650079 (diff=0.023588 amp=0.626492)  diff_lr=0.00e+00 amp_lr=2.83e-05
Epoch 160/300  train=0.494911 (diff=0.032282 amp=0.494911)  test=0.639183 (diff=0.021411 amp=0.617772)  diff_lr=0.00e+00 amp_lr=2.81e-05
Epoch 161/300  train=0.494059 (diff=0.031554 amp=0.494059)  test=0.629172 (diff=0.025722 amp=0.603451)  diff_lr=0.00e+00 amp_lr=2.79e-05
Epoch 162/300  train=0.495197 (diff=0.032942 amp=0.495197)  test=0.625291 (diff=0.025858 amp=0.599433)  diff_lr=0.00e+00 amp_lr=2.77e-05
Epoch 163/300  train=0.495204 (diff=0.035585 amp=0.495204)  test=0.640768 (diff=0.023751 amp=0.617017)  diff_lr=0.00e+00 amp_lr=2.75e-05
Epoch 164/300  train=0.490947 (diff=0.035512 amp=0.490947)  test=0.646460 (diff=0.010162 amp=0.636299)  diff_lr=0.00e+00 amp_lr=2.73e-05
Epoch 165/300  train=0.497367 (diff=0.032350 amp=0.497367)  test=0.622896 (diff=0.021365 amp=0.601532)  diff_lr=0.00e+00 amp_lr=2.71e-05
Epoch 166/300  train=0.497844 (diff=0.034308 amp=0.497844)  test=0.653799 (diff=0.016304 amp=0.637494)  diff_lr=0.00e+00 amp_lr=2.69e-05
Epoch 167/300  train=0.486604 (diff=0.034477 amp=0.486604)  test=0.632744 (diff=0.019034 amp=0.613710)  diff_lr=0.00e+00 amp_lr=2.67e-05
Epoch 168/300  train=0.499193 (diff=0.034179 amp=0.499193)  test=0.639365 (diff=0.015533 amp=0.623832)  diff_lr=0.00e+00 amp_lr=2.65e-05
Epoch 169/300  train=0.491846 (diff=0.035771 amp=0.491846)  test=0.665133 (diff=0.028486 amp=0.636647)  diff_lr=0.00e+00 amp_lr=2.63e-05
Epoch 170/300  train=0.494760 (diff=0.033081 amp=0.494760)  test=0.634088 (diff=0.028421 amp=0.605667)  diff_lr=0.00e+00 amp_lr=2.60e-05
Epoch 171/300  train=0.495999 (diff=0.033953 amp=0.495999)  test=0.650477 (diff=0.026915 amp=0.623562)  diff_lr=0.00e+00 amp_lr=2.58e-05
Epoch 172/300  train=0.491744 (diff=0.033148 amp=0.491744)  test=0.622453 (diff=0.008383 amp=0.614070)  diff_lr=0.00e+00 amp_lr=2.56e-05
Epoch 173/300  train=0.499378 (diff=0.034368 amp=0.499378)  test=0.697405 (diff=0.070145 amp=0.627260)  diff_lr=0.00e+00 amp_lr=2.54e-05
Epoch 174/300  train=0.491686 (diff=0.033855 amp=0.491686)  test=0.677227 (diff=0.021909 amp=0.655318)  diff_lr=0.00e+00 amp_lr=2.52e-05
Epoch 175/300  train=0.508822 (diff=0.034949 amp=0.508822)  test=0.610289 (diff=0.019447 amp=0.590842)  diff_lr=0.00e+00 amp_lr=2.50e-05
Epoch 176/300  train=0.487856 (diff=0.033866 amp=0.487856)  test=0.626986 (diff=0.023053 amp=0.603932)  diff_lr=0.00e+00 amp_lr=2.48e-05
Epoch 177/300  train=0.497851 (diff=0.033327 amp=0.497851)  test=0.622646 (diff=0.019285 amp=0.603361)  diff_lr=0.00e+00 amp_lr=2.46e-05
Epoch 178/300  train=0.492237 (diff=0.032566 amp=0.492237)  test=0.644904 (diff=0.024502 amp=0.620402)  diff_lr=0.00e+00 amp_lr=2.44e-05
Epoch 179/300  train=0.487410 (diff=0.034203 amp=0.487410)  test=0.646726 (diff=0.021187 amp=0.625540)  diff_lr=0.00e+00 amp_lr=2.42e-05
Epoch 180/300  train=0.506645 (diff=0.035801 amp=0.506645)  test=0.618899 (diff=0.019696 amp=0.599203)  diff_lr=0.00e+00 amp_lr=2.40e-05
Epoch 181/300  train=0.492738 (diff=0.034714 amp=0.492738)  test=0.628816 (diff=0.024380 amp=0.604436)  diff_lr=0.00e+00 amp_lr=2.38e-05
Epoch 182/300  train=0.498895 (diff=0.033980 amp=0.498895)  test=0.631916 (diff=0.017254 amp=0.614662)  diff_lr=0.00e+00 amp_lr=2.36e-05
Epoch 183/300  train=0.492403 (diff=0.034754 amp=0.492403)  test=0.612434 (diff=0.010992 amp=0.601442)  diff_lr=0.00e+00 amp_lr=2.34e-05
Epoch 184/300  train=0.494087 (diff=0.033301 amp=0.494087)  test=0.635659 (diff=0.014871 amp=0.620789)  diff_lr=0.00e+00 amp_lr=2.32e-05
Epoch 185/300  train=0.496566 (diff=0.034528 amp=0.496566)  test=0.654697 (diff=0.030245 amp=0.624452)  diff_lr=0.00e+00 amp_lr=2.30e-05
Epoch 186/300  train=0.497497 (diff=0.033637 amp=0.497497)  test=0.639630 (diff=0.023434 amp=0.616196)  diff_lr=0.00e+00 amp_lr=2.28e-05
Epoch 187/300  train=0.489761 (diff=0.033084 amp=0.489761)  test=0.641637 (diff=0.022466 amp=0.619171)  diff_lr=0.00e+00 amp_lr=2.26e-05
Epoch 188/300  train=0.485595 (diff=0.033435 amp=0.485595)  test=0.647885 (diff=0.022855 amp=0.625030)  diff_lr=0.00e+00 amp_lr=2.24e-05
Epoch 189/300  train=0.488749 (diff=0.033181 amp=0.488749)  test=0.662485 (diff=0.034582 amp=0.627903)  diff_lr=0.00e+00 amp_lr=2.22e-05
Epoch 190/300  train=0.492838 (diff=0.034230 amp=0.492838)  test=0.648915 (diff=0.020309 amp=0.628607)  diff_lr=0.00e+00 amp_lr=2.21e-05
Epoch 191/300  train=0.497378 (diff=0.035049 amp=0.497378)  test=0.628154 (diff=0.036572 amp=0.591582)  diff_lr=0.00e+00 amp_lr=2.19e-05
Epoch 192/300  train=0.484198 (diff=0.033478 amp=0.484198)  test=0.641841 (diff=0.021633 amp=0.620208)  diff_lr=0.00e+00 amp_lr=2.17e-05
Epoch 193/300  train=0.488596 (diff=0.031857 amp=0.488596)  test=0.629215 (diff=0.019154 amp=0.610061)  diff_lr=0.00e+00 amp_lr=2.15e-05
Epoch 194/300  train=0.484784 (diff=0.033588 amp=0.484784)  test=0.644240 (diff=0.024064 amp=0.620176)  diff_lr=0.00e+00 amp_lr=2.13e-05
Epoch 195/300  train=0.492708 (diff=0.035185 amp=0.492708)  test=0.683303 (diff=0.036531 amp=0.646772)  diff_lr=0.00e+00 amp_lr=2.11e-05
Epoch 196/300  train=0.493477 (diff=0.032187 amp=0.493477)  test=0.625178 (diff=0.021123 amp=0.604054)  diff_lr=0.00e+00 amp_lr=2.09e-05
Epoch 197/300  train=0.491357 (diff=0.036082 amp=0.491357)  test=0.631712 (diff=0.024106 amp=0.607606)  diff_lr=0.00e+00 amp_lr=2.07e-05
Epoch 198/300  train=0.487581 (diff=0.036390 amp=0.487581)  test=0.630246 (diff=0.018296 amp=0.611949)  diff_lr=0.00e+00 amp_lr=2.05e-05
Epoch 199/300  train=0.485976 (diff=0.032896 amp=0.485976)  test=0.624266 (diff=0.022068 amp=0.602198)  diff_lr=0.00e+00 amp_lr=2.04e-05
Epoch 200/300  train=0.479315 (diff=0.034101 amp=0.479315)  test=0.631781 (diff=0.016880 amp=0.614901)  diff_lr=0.00e+00 amp_lr=2.02e-05
Epoch 201/300  train=0.483889 (diff=0.033942 amp=0.483889)  test=0.634022 (diff=0.021497 amp=0.612524)  diff_lr=0.00e+00 amp_lr=2.00e-05
Epoch 202/300  train=0.489869 (diff=0.032895 amp=0.489869)  test=0.662133 (diff=0.026639 amp=0.635494)  diff_lr=0.00e+00 amp_lr=1.98e-05
Epoch 203/300  train=0.485960 (diff=0.036277 amp=0.485960)  test=0.627009 (diff=0.020063 amp=0.606947)  diff_lr=0.00e+00 amp_lr=1.96e-05
Epoch 204/300  train=0.486010 (diff=0.033263 amp=0.486010)  test=0.658114 (diff=0.023787 amp=0.634326)  diff_lr=0.00e+00 amp_lr=1.95e-05
Epoch 205/300  train=0.486238 (diff=0.032760 amp=0.486238)  test=0.679140 (diff=0.025150 amp=0.653990)  diff_lr=0.00e+00 amp_lr=1.93e-05
Epoch 206/300  train=0.488618 (diff=0.032709 amp=0.488618)  test=0.651380 (diff=0.016593 amp=0.634787)  diff_lr=0.00e+00 amp_lr=1.91e-05
Epoch 207/300  train=0.484840 (diff=0.036799 amp=0.484840)  test=0.659533 (diff=0.040132 amp=0.619401)  diff_lr=0.00e+00 amp_lr=1.89e-05
Epoch 208/300  train=0.482486 (diff=0.033640 amp=0.482486)  test=0.637517 (diff=0.023554 amp=0.613962)  diff_lr=0.00e+00 amp_lr=1.88e-05
Epoch 209/300  train=0.489895 (diff=0.030822 amp=0.489895)  test=0.633391 (diff=0.016344 amp=0.617047)  diff_lr=0.00e+00 amp_lr=1.86e-05
Epoch 210/300  train=0.484257 (diff=0.032413 amp=0.484257)  test=0.643184 (diff=0.019445 amp=0.623739)  diff_lr=0.00e+00 amp_lr=1.84e-05
Epoch 211/300  train=0.492198 (diff=0.033584 amp=0.492198)  test=0.637398 (diff=0.019241 amp=0.618157)  diff_lr=0.00e+00 amp_lr=1.82e-05
Epoch 212/300  train=0.495450 (diff=0.034771 amp=0.495450)  test=0.700084 (diff=0.081746 amp=0.618338)  diff_lr=0.00e+00 amp_lr=1.81e-05
Epoch 213/300  train=0.496754 (diff=0.032059 amp=0.496754)  test=0.629936 (diff=0.022115 amp=0.607821)  diff_lr=0.00e+00 amp_lr=1.79e-05
Epoch 214/300  train=0.486106 (diff=0.034161 amp=0.486106)  test=0.644227 (diff=0.021654 amp=0.622573)  diff_lr=0.00e+00 amp_lr=1.77e-05
Epoch 215/300  train=0.489303 (diff=0.033849 amp=0.489303)  test=0.636982 (diff=0.015292 amp=0.621690)  diff_lr=0.00e+00 amp_lr=1.76e-05
Epoch 216/300  train=0.487271 (diff=0.034980 amp=0.487271)  test=0.647145 (diff=0.039457 amp=0.607688)  diff_lr=0.00e+00 amp_lr=1.74e-05
Epoch 217/300  train=0.484332 (diff=0.034755 amp=0.484332)  test=0.616657 (diff=0.014893 amp=0.601763)  diff_lr=0.00e+00 amp_lr=1.73e-05
Epoch 218/300  train=0.482724 (diff=0.033310 amp=0.482724)  test=0.625073 (diff=0.025100 amp=0.599973)  diff_lr=0.00e+00 amp_lr=1.71e-05
Epoch 219/300  train=0.487739 (diff=0.033592 amp=0.487739)  test=0.623874 (diff=0.020813 amp=0.603061)  diff_lr=0.00e+00 amp_lr=1.69e-05
Epoch 220/300  train=0.488495 (diff=0.035052 amp=0.488495)  test=0.626933 (diff=0.019654 amp=0.607279)  diff_lr=0.00e+00 amp_lr=1.68e-05
Epoch 221/300  train=0.480075 (diff=0.034219 amp=0.480075)  test=0.627527 (diff=0.013204 amp=0.614323)  diff_lr=0.00e+00 amp_lr=1.66e-05
Epoch 222/300  train=0.482664 (diff=0.035927 amp=0.482664)  test=0.607107 (diff=0.016782 amp=0.590326)  diff_lr=0.00e+00 amp_lr=1.65e-05
Epoch 223/300  train=0.487611 (diff=0.033370 amp=0.487611)  test=0.635823 (diff=0.025161 amp=0.610662)  diff_lr=0.00e+00 amp_lr=1.63e-05
Epoch 224/300  train=0.484050 (diff=0.033864 amp=0.484050)  test=0.700555 (diff=0.012369 amp=0.688186)  diff_lr=0.00e+00 amp_lr=1.62e-05
Epoch 225/300  train=0.488416 (diff=0.035357 amp=0.488416)  test=0.618732 (diff=0.016527 amp=0.602205)  diff_lr=0.00e+00 amp_lr=1.60e-05
Epoch 226/300  train=0.485373 (diff=0.033012 amp=0.485373)  test=0.630735 (diff=0.021508 amp=0.609227)  diff_lr=0.00e+00 amp_lr=1.59e-05
Epoch 227/300  train=0.495138 (diff=0.032417 amp=0.495138)  test=0.632141 (diff=0.017657 amp=0.614484)  diff_lr=0.00e+00 amp_lr=1.57e-05
Epoch 228/300  train=0.480348 (diff=0.033804 amp=0.480348)  test=0.621559 (diff=0.023465 amp=0.598094)  diff_lr=0.00e+00 amp_lr=1.56e-05
Epoch 229/300  train=0.489259 (diff=0.036182 amp=0.489259)  test=0.632914 (diff=0.015556 amp=0.617358)  diff_lr=0.00e+00 amp_lr=1.54e-05
Epoch 230/300  train=0.495605 (diff=0.034023 amp=0.495605)  test=0.618628 (diff=0.019546 amp=0.599082)  diff_lr=0.00e+00 amp_lr=1.53e-05
Epoch 231/300  train=0.479874 (diff=0.034666 amp=0.479874)  test=0.617424 (diff=0.011856 amp=0.605568)  diff_lr=0.00e+00 amp_lr=1.51e-05
Epoch 232/300  train=0.489208 (diff=0.034516 amp=0.489208)  test=0.642570 (diff=0.026879 amp=0.615691)  diff_lr=0.00e+00 amp_lr=1.50e-05
Epoch 233/300  train=0.491717 (diff=0.035478 amp=0.491717)  test=0.649959 (diff=0.024736 amp=0.625223)  diff_lr=0.00e+00 amp_lr=1.49e-05
Epoch 234/300  train=0.492551 (diff=0.033825 amp=0.492551)  test=0.674905 (diff=0.051698 amp=0.623207)  diff_lr=0.00e+00 amp_lr=1.47e-05
Epoch 235/300  train=0.486660 (diff=0.034913 amp=0.486660)  test=0.612568 (diff=0.021662 amp=0.590907)  diff_lr=0.00e+00 amp_lr=1.46e-05
Epoch 236/300  train=0.477488 (diff=0.031573 amp=0.477488)  test=0.642069 (diff=0.019695 amp=0.622374)  diff_lr=0.00e+00 amp_lr=1.45e-05
Epoch 237/300  train=0.488659 (diff=0.033708 amp=0.488659)  test=0.614959 (diff=0.019538 amp=0.595421)  diff_lr=0.00e+00 amp_lr=1.43e-05
Epoch 238/300  train=0.489432 (diff=0.032873 amp=0.489432)  test=0.633427 (diff=0.022543 amp=0.610884)  diff_lr=0.00e+00 amp_lr=1.42e-05
Epoch 239/300  train=0.484853 (diff=0.035129 amp=0.484853)  test=0.641642 (diff=0.024456 amp=0.617185)  diff_lr=0.00e+00 amp_lr=1.41e-05
Epoch 240/300  train=0.487440 (diff=0.032396 amp=0.487440)  test=0.645275 (diff=0.027747 amp=0.617528)  diff_lr=0.00e+00 amp_lr=1.39e-05
Epoch 241/300  train=0.483264 (diff=0.034516 amp=0.483264)  test=0.618896 (diff=0.018780 amp=0.600116)  diff_lr=0.00e+00 amp_lr=1.38e-05
Epoch 242/300  train=0.479475 (diff=0.034820 amp=0.479475)  test=0.656366 (diff=0.020816 amp=0.635550)  diff_lr=0.00e+00 amp_lr=1.37e-05
Epoch 243/300  train=0.481804 (diff=0.034448 amp=0.481804)  test=0.645632 (diff=0.027761 amp=0.617871)  diff_lr=0.00e+00 amp_lr=1.36e-05
Epoch 244/300  train=0.491080 (diff=0.032046 amp=0.491080)  test=0.632128 (diff=0.020361 amp=0.611767)  diff_lr=0.00e+00 amp_lr=1.35e-05
Epoch 245/300  train=0.479353 (diff=0.033695 amp=0.479353)  test=0.622914 (diff=0.019863 amp=0.603051)  diff_lr=0.00e+00 amp_lr=1.33e-05
Epoch 246/300  train=0.482657 (diff=0.033308 amp=0.482657)  test=0.647554 (diff=0.029532 amp=0.618022)  diff_lr=0.00e+00 amp_lr=1.32e-05
Epoch 247/300  train=0.489817 (diff=0.034545 amp=0.489817)  test=0.632215 (diff=0.012080 amp=0.620135)  diff_lr=0.00e+00 amp_lr=1.31e-05
Epoch 248/300  train=0.479018 (diff=0.034039 amp=0.479018)  test=0.650609 (diff=0.026854 amp=0.623756)  diff_lr=0.00e+00 amp_lr=1.30e-05
Epoch 249/300  train=0.479583 (diff=0.033136 amp=0.479583)  test=0.629523 (diff=0.025298 amp=0.604225)  diff_lr=0.00e+00 amp_lr=1.29e-05
Epoch 250/300  train=0.481283 (diff=0.033136 amp=0.481283)  test=0.689872 (diff=0.076029 amp=0.613843)  diff_lr=0.00e+00 amp_lr=1.28e-05
Epoch 251/300  train=0.483455 (diff=0.033119 amp=0.483455)  test=0.653479 (diff=0.053435 amp=0.600044)  diff_lr=0.00e+00 amp_lr=1.27e-05
Epoch 252/300  train=0.481789 (diff=0.033009 amp=0.481789)  test=0.654938 (diff=0.021372 amp=0.633567)  diff_lr=0.00e+00 amp_lr=1.26e-05
Epoch 253/300  train=0.487732 (diff=0.035128 amp=0.487732)  test=0.644349 (diff=0.026885 amp=0.617464)  diff_lr=0.00e+00 amp_lr=1.25e-05
Epoch 254/300  train=0.473549 (diff=0.032374 amp=0.473549)  test=0.675955 (diff=0.046700 amp=0.629255)  diff_lr=0.00e+00 amp_lr=1.24e-05
Epoch 255/300  train=0.480889 (diff=0.033942 amp=0.480889)  test=0.643771 (diff=0.032362 amp=0.611409)  diff_lr=0.00e+00 amp_lr=1.23e-05
Epoch 256/300  train=0.493460 (diff=0.035932 amp=0.493460)  test=0.655571 (diff=0.021348 amp=0.634223)  diff_lr=0.00e+00 amp_lr=1.22e-05
Epoch 257/300  train=0.488410 (diff=0.032249 amp=0.488410)  test=0.631246 (diff=0.026450 amp=0.604796)  diff_lr=0.00e+00 amp_lr=1.21e-05
Epoch 258/300  train=0.478147 (diff=0.033535 amp=0.478147)  test=0.630175 (diff=0.012281 amp=0.617894)  diff_lr=0.00e+00 amp_lr=1.20e-05
Epoch 259/300  train=0.489780 (diff=0.032696 amp=0.489780)  test=0.634477 (diff=0.021034 amp=0.613443)  diff_lr=0.00e+00 amp_lr=1.19e-05
Epoch 260/300  train=0.478439 (diff=0.034039 amp=0.478439)  test=0.631731 (diff=0.018603 amp=0.613127)  diff_lr=0.00e+00 amp_lr=1.18e-05
Epoch 261/300  train=0.478718 (diff=0.035375 amp=0.478718)  test=0.632490 (diff=0.017300 amp=0.615190)  diff_lr=0.00e+00 amp_lr=1.17e-05
Epoch 262/300  train=0.492012 (diff=0.033117 amp=0.492012)  test=0.654602 (diff=0.027199 amp=0.627403)  diff_lr=0.00e+00 amp_lr=1.16e-05
Epoch 263/300  train=0.483866 (diff=0.033070 amp=0.483866)  test=0.647909 (diff=0.026084 amp=0.621825)  diff_lr=0.00e+00 amp_lr=1.16e-05
Epoch 264/300  train=0.488201 (diff=0.033588 amp=0.488201)  test=0.627604 (diff=0.016976 amp=0.610628)  diff_lr=0.00e+00 amp_lr=1.15e-05
Epoch 265/300  train=0.480639 (diff=0.034585 amp=0.480639)  test=0.651217 (diff=0.046569 amp=0.604648)  diff_lr=0.00e+00 amp_lr=1.14e-05
Epoch 266/300  train=0.480963 (diff=0.033271 amp=0.480963)  test=0.638380 (diff=0.026767 amp=0.611613)  diff_lr=0.00e+00 amp_lr=1.13e-05
Epoch 267/300  train=0.485976 (diff=0.034323 amp=0.485976)  test=0.647855 (diff=0.018843 amp=0.629013)  diff_lr=0.00e+00 amp_lr=1.13e-05
Epoch 268/300  train=0.481482 (diff=0.034323 amp=0.481482)  test=0.642649 (diff=0.030500 amp=0.612148)  diff_lr=0.00e+00 amp_lr=1.12e-05
Epoch 269/300  train=0.485160 (diff=0.034937 amp=0.485160)  test=0.628104 (diff=0.017604 amp=0.610500)  diff_lr=0.00e+00 amp_lr=1.11e-05
Epoch 270/300  train=0.486968 (diff=0.035821 amp=0.486968)  test=0.638478 (diff=0.017945 amp=0.620533)  diff_lr=0.00e+00 amp_lr=1.10e-05
Epoch 271/300  train=0.486295 (diff=0.033559 amp=0.486295)  test=0.633546 (diff=0.011419 amp=0.622127)  diff_lr=0.00e+00 amp_lr=1.10e-05
Epoch 272/300  train=0.479915 (diff=0.033140 amp=0.479915)  test=0.629668 (diff=0.021637 amp=0.608030)  diff_lr=0.00e+00 amp_lr=1.09e-05
Epoch 273/300  train=0.473733 (diff=0.033766 amp=0.473733)  test=0.646579 (diff=0.023297 amp=0.623282)  diff_lr=0.00e+00 amp_lr=1.09e-05
Epoch 274/300  train=0.491200 (diff=0.033922 amp=0.491200)  test=0.641397 (diff=0.026800 amp=0.614598)  diff_lr=0.00e+00 amp_lr=1.08e-05
Epoch 275/300  train=0.480931 (diff=0.035698 amp=0.480931)  test=0.660424 (diff=0.039086 amp=0.621338)  diff_lr=0.00e+00 amp_lr=1.07e-05
Epoch 276/300  train=0.484587 (diff=0.035657 amp=0.484587)  test=0.645055 (diff=0.018288 amp=0.626767)  diff_lr=0.00e+00 amp_lr=1.07e-05
Epoch 277/300  train=0.487072 (diff=0.036177 amp=0.487072)  test=0.626464 (diff=0.023688 amp=0.602776)  diff_lr=0.00e+00 amp_lr=1.06e-05
Epoch 278/300  train=0.487065 (diff=0.032824 amp=0.487065)  test=0.634292 (diff=0.033442 amp=0.600850)  diff_lr=0.00e+00 amp_lr=1.06e-05
Epoch 279/300  train=0.481938 (diff=0.033211 amp=0.481938)  test=0.633987 (diff=0.038273 amp=0.595714)  diff_lr=0.00e+00 amp_lr=1.05e-05
Epoch 280/300  train=0.487734 (diff=0.034856 amp=0.487734)  test=0.634932 (diff=0.020178 amp=0.614754)  diff_lr=0.00e+00 amp_lr=1.05e-05
Epoch 281/300  train=0.472149 (diff=0.033022 amp=0.472149)  test=0.635676 (diff=0.015094 amp=0.620582)  diff_lr=0.00e+00 amp_lr=1.04e-05
Epoch 282/300  train=0.486754 (diff=0.034172 amp=0.486754)  test=0.648895 (diff=0.042524 amp=0.606371)  diff_lr=0.00e+00 amp_lr=1.04e-05
Epoch 283/300  train=0.477091 (diff=0.033766 amp=0.477091)  test=0.615479 (diff=0.012859 amp=0.602620)  diff_lr=0.00e+00 amp_lr=1.04e-05
Epoch 284/300  train=0.482353 (diff=0.033155 amp=0.482353)  test=0.625213 (diff=0.015876 amp=0.609337)  diff_lr=0.00e+00 amp_lr=1.03e-05
Epoch 285/300  train=0.484567 (diff=0.035682 amp=0.484567)  test=0.625936 (diff=0.024017 amp=0.601919)  diff_lr=0.00e+00 amp_lr=1.03e-05
Epoch 286/300  train=0.488984 (diff=0.034242 amp=0.488984)  test=0.642100 (diff=0.042250 amp=0.599850)  diff_lr=0.00e+00 amp_lr=1.02e-05
Epoch 287/300  train=0.485654 (diff=0.034812 amp=0.485654)  test=0.628043 (diff=0.010580 amp=0.617463)  diff_lr=0.00e+00 amp_lr=1.02e-05
Epoch 288/300  train=0.484559 (diff=0.032405 amp=0.484559)  test=0.627315 (diff=0.023191 amp=0.604124)  diff_lr=0.00e+00 amp_lr=1.02e-05
Epoch 289/300  train=0.479544 (diff=0.034216 amp=0.479544)  test=0.617428 (diff=0.022846 amp=0.594582)  diff_lr=0.00e+00 amp_lr=1.02e-05
Epoch 290/300  train=0.489283 (diff=0.033026 amp=0.489283)  test=0.639716 (diff=0.031866 amp=0.607850)  diff_lr=0.00e+00 amp_lr=1.01e-05
Epoch 291/300  train=0.483296 (diff=0.030893 amp=0.483296)  test=0.674359 (diff=0.070127 amp=0.604232)  diff_lr=0.00e+00 amp_lr=1.01e-05
Epoch 292/300  train=0.478215 (diff=0.035259 amp=0.478215)  test=0.626417 (diff=0.020888 amp=0.605528)  diff_lr=0.00e+00 amp_lr=1.01e-05
Epoch 293/300  train=0.485883 (diff=0.035269 amp=0.485883)  test=0.637892 (diff=0.021531 amp=0.616361)  diff_lr=0.00e+00 amp_lr=1.01e-05
Epoch 294/300  train=0.480720 (diff=0.034595 amp=0.480720)  test=0.626786 (diff=0.024438 amp=0.602348)  diff_lr=0.00e+00 amp_lr=1.01e-05
Epoch 295/300  train=0.484419 (diff=0.033545 amp=0.484419)  test=0.620814 (diff=0.019043 amp=0.601771)  diff_lr=0.00e+00 amp_lr=1.00e-05
Epoch 296/300  train=0.488999 (diff=0.034626 amp=0.488999)  test=0.641682 (diff=0.025503 amp=0.616179)  diff_lr=0.00e+00 amp_lr=1.00e-05
Epoch 297/300  train=0.489009 (diff=0.033863 amp=0.489009)  test=0.624902 (diff=0.019935 amp=0.604966)  diff_lr=0.00e+00 amp_lr=1.00e-05
Epoch 298/300  train=0.480050 (diff=0.033664 amp=0.480050)  test=0.614125 (diff=0.017542 amp=0.596584)  diff_lr=0.00e+00 amp_lr=1.00e-05
Epoch 299/300  train=0.483645 (diff=0.036949 amp=0.483645)  test=0.654923 (diff=0.036670 amp=0.618253)  diff_lr=0.00e+00 amp_lr=1.00e-05
Epoch 300/300  train=0.479869 (diff=0.035240 amp=0.479869)  test=0.641114 (diff=0.026186 amp=0.614928)  diff_lr=0.00e+00 amp_lr=1.00e-05

Training complete.
exp046 training complete.
==========================================
Evaluating exp046
==========================================
C:\lxr\study\final\src\model\diffusion.py:398: UserWarning: enable_nested_tensor is True, but self.use_nested_tensor is False because encoder_layer.norm_first was True
  self.attn = nn.TransformerEncoder(attn_layer, num_layers=n_attn_layers)
C:\lxr\study\final\src\model\evaluate.py:202: FutureWarning: `torch.cuda.amp.autocast(args...)` is deprecated. Please use `torch.amp.autocast('cuda', args...)` instead.
  autocast_ctx = torch.cuda.amp.autocast() if device.type == "cuda" else torch.inference_mode()
Device: cuda
Test tracks: 49

--- Evaluating Diffusion ---
Loaded baseline from config fallback: experiments/checkpoints/exp033/baseline_best.pt
Loaded frozen diffusion from config fallback: experiments/checkpoints/exp034/diffusion_best_ema.pt
Loaded AmpPredictor (hidden=256, gru_hidden=128, layers=2, dropout=0.3, f0_conditioned=False, use_attention=True, n_attn_heads=4, n_attn_layers=2, instrument_conditioned=False, note_position_conditioned=False, velocity_conditioned=True, condition_dropout=0.2) from experiments/checkpoints/exp046\amp_predictor_best.pt
{
  "diffusion_rpa_mean": {
    "mean": 0.9382158405627116,
    "std": 0.05398972656413241,
    "min": 0.7461972200367164,
    "max": 0.9920447074293227
  },
  "diffusion_rpa_oracle": {
    "mean": 0.9552154637723264,
    "std": 0.03422419718697623,
    "min": 0.8606060606060606,
    "max": 0.994181459566075
  },
  "diffusion_f0_mae_mean": {
    "mean": 24.405388403911974,
    "std": 18.580436429379187,
    "min": 8.661192576090494,
    "max": 131.56879170735678
  },
  "diffusion_f0_mae_oracle": {
    "mean": 21.19753611817652,
    "std": 17.446278487709588,
    "min": 8.455595970153809,
    "max": 126.57076263427734
  },
  "diffusion_amp_corr_mean": {
    "mean": 0.777579709207709,
    "std": 0.09794236215581976,
    "min": 0.5284269255450457,
    "max": 0.9386176333891333
  },
  "diffusion_amp_corr_oracle": {
    "mean": 0.777579709207709,
    "std": 0.09794236215581976,
    "min": 0.5284269255450457,
    "max": 0.9386176333891332
  },
  "diffusion_amp_rmse_log_mean": {
    "mean": 0.6357365852716018,
    "std": 0.18593995014497133,
    "min": 0.37627390027046204,
    "max": 1.1681863069534302
  },
  "diffusion_amp_rmse_log_oracle": {
    "mean": 0.6357365852716018,
    "std": 0.18593995014497133,
    "min": 0.37627390027046204,
    "max": 1.1681863069534302
  },
  "diffusion_vde_mean_avg": {
    "mean": 7.666907179591653,
    "std": 6.814034125668423,
    "min": 1.3792758920778327,
    "max": 34.06036098623414
  },
  "diffusion_vde_mean_oracle": {
    "mean": 7.202474882863885,
    "std": 6.371619934164493,
    "min": 1.2324287218601717,
    "max": 33.213118842776915
  },
  "diffusion_vre_mean_avg": {
    "mean": 0.9220738968481914,
    "std": 0.18993654350903355,
    "min": 0.5634935212300797,
    "max": 1.3226889323565187
  },
  "diffusion_vre_mean_oracle": {
    "mean": 0.9146219672393954,
    "std": 0.2159532130533146,
    "min": 0.49016943730677226,
    "max": 1.3334346265847057
  },
  "diffusion_f0_diversity_cents": {
    "mean": 9.983497201179972,
    "std": 5.536419573851625,
    "min": 4.364130973815918,
    "max": 28.854806900024414
  },
  "diffusion_amp_diversity": {
    "mean": 2.920534253778765e-10,
    "std": 3.25919913016657e-10,
    "min": 7.626378001335254e-11,
    "max": 1.2266703208752006e-09
  },
  "diffusion_n_vibrato_notes": {
    "mean": 74.18367346938776,
    "std": 43.8306916368287,
    "min": 17.0,
    "max": 144.0
  }
}

Results saved to experiments/results/exp046.json
==========================================
Done: exp046 train + eval complete
Results: experiments/results/exp046.json
==========================================
