==========================================
Training exp047 (Two-Step Amp: note-level + residual)
Started at: Sun Mar 29 15:39:24     2026
==========================================
C:\lxr\study\final\src\model\diffusion.py:510: UserWarning: enable_nested_tensor is True, but self.use_nested_tensor is False because encoder_layer.norm_first was True
  self.attn = nn.TransformerEncoder(attn_layer, num_layers=n_attn_layers)
Device: cuda
Config: {
  "data_dir": "C:\\lxr\\study\\final\\datagen\\solo\\URMP",
  "bach10_dir": "C:\\lxr\\study\\final\\datagen\\solo\\Bach10",
  "output_dir": "experiments/checkpoints/exp047",
  "instruments": [
    "vn",
    "va",
    "vc",
    "fl",
    "ob",
    "cl",
    "sax",
    "tpt",
    "tbn",
    "bn"
  ],
  "crop_len": 512,
  "seed": 42,
  "stage1": {
    "batch_size": 32,
    "lr": 0.001,
    "epochs": 100,
    "lam": 1.0,
    "patience": 15,
    "lr_patience": 5,
    "lr_factor": 0.5,
    "dropout": 0.3
  },
  "stage2": {
    "batch_size": 16,
    "lr": 0.0002,
    "epochs": 300,
    "ema_decay": 0.995,
    "n_diffusion_steps": 1000,
    "samples_per_epoch": 1860,
    "lr_min": 1e-05,
    "n_channels": 1,
    "amp_two_step": true,
    "amp_note_aux_weight": 0.5,
    "amp_hidden": 256,
    "amp_gru_hidden": 128,
    "amp_gru_layers": 2,
    "amp_dropout": 0.3,
    "amp_use_attention": true,
    "amp_n_attn_heads": 4,
    "amp_n_attn_layers": 2,
    "amp_instrument_conditioned": false,
    "amp_note_position_conditioned": false,
    "amp_f0_conditioned": false,
    "amp_velocity_conditioned": false,
    "amp_condition_dropout": 0.0,
    "amp_corr_weight": 0.3,
    "amp_grad_weight": 0.2,
    "freeze_diffusion": true,
    "diffusion_checkpoint": "experiments/checkpoints/exp034/diffusion_best_ema.pt",
    "amp_lr": 5e-05,
    "amp_weight_decay": 0.0001,
    "amp_augment": true,
    "amp_augment_scale": 0.2,
    "amp_augment_jitter": 0.05
  },
  "stage3": {
    "batch_size": 16,
    "lr": 0.0002,
    "epochs": 200,
    "ema_decay": 0.995,
    "n_diffusion_steps": 1000,
    "samples_per_epoch": null
  },
  "save_every": 10,
  "baseline_checkpoint": "experiments/checkpoints/exp033/baseline_best.pt"
}
Loaded baseline from experiments/checkpoints/exp033/baseline_best.pt

============================================================
Stage 2: Training 1ch Diffusion (f0) + AmpPredictor
============================================================
Train: 124 tracks, samples_per_epoch=1860
Amp log stats: mean=-4.5382, std=1.2719
Diffusion n_channels=1
Loaded pre-trained diffusion from experiments/checkpoints/exp034/diffusion_best_ema.pt
Diffusion FROZEN ¡ª only training AmpPredictor
TwoStepAmpPredictor enabled (hidden=256, gru_hidden=128, layers=2, dropout=0.3, use_attention=True, n_attn_heads=4, n_attn_layers=2, note_aux_weight=0.5, params=1,715,714)
AmpPredictor optimizer: lr=5e-05, weight_decay=0.0001
Using CosineAnnealingLR (amp): lr 5e-05 -> 1e-05 over 300 epochs
Amplitude augmentation ENABLED: scale=0.2, jitter=0.05
Epoch 1/300  train=9.151503 (diff=0.036606 amp=9.151503)  test=3.877583 (diff=0.029007 amp=3.848576)  diff_lr=0.00e+00 amp_lr=5.00e-05
  -> New best test_loss=3.877583
  -> New best test_amp_loss=3.848576, saved amp_predictor
Epoch 2/300  train=7.755796 (diff=0.033719 amp=7.755796)  test=3.499099 (diff=0.011935 amp=3.487164)  diff_lr=0.00e+00 amp_lr=5.00e-05
  -> New best test_loss=3.499099
  -> New best test_amp_loss=3.487164, saved amp_predictor
Epoch 3/300  train=7.333967 (diff=0.033218 amp=7.333967)  test=3.380397 (diff=0.042066 amp=3.338332)  diff_lr=0.00e+00 amp_lr=5.00e-05
  -> New best test_loss=3.380397
  -> New best test_amp_loss=3.338332, saved amp_predictor
Epoch 4/300  train=6.821713 (diff=0.034727 amp=6.821713)  test=3.072399 (diff=0.020019 amp=3.052380)  diff_lr=0.00e+00 amp_lr=5.00e-05
  -> New best test_loss=3.072399
  -> New best test_amp_loss=3.052380, saved amp_predictor
Epoch 5/300  train=6.493872 (diff=0.034599 amp=6.493872)  test=2.889449 (diff=0.024129 amp=2.865320)  diff_lr=0.00e+00 amp_lr=5.00e-05
  -> New best test_loss=2.889449
  -> New best test_amp_loss=2.865320, saved amp_predictor
Epoch 6/300  train=6.076542 (diff=0.035444 amp=6.076542)  test=2.797886 (diff=0.021519 amp=2.776367)  diff_lr=0.00e+00 amp_lr=5.00e-05
  -> New best test_loss=2.797886
  -> New best test_amp_loss=2.776367, saved amp_predictor
Epoch 7/300  train=5.785781 (diff=0.033984 amp=5.785781)  test=2.620561 (diff=0.011261 amp=2.609300)  diff_lr=0.00e+00 amp_lr=5.00e-05
  -> New best test_loss=2.620561
  -> New best test_amp_loss=2.609300, saved amp_predictor
Epoch 8/300  train=5.384820 (diff=0.035437 amp=5.384820)  test=2.464080 (diff=0.017309 amp=2.446771)  diff_lr=0.00e+00 amp_lr=4.99e-05
  -> New best test_loss=2.464080
  -> New best test_amp_loss=2.446771, saved amp_predictor
Epoch 9/300  train=4.999734 (diff=0.034318 amp=4.999734)  test=2.345758 (diff=0.011615 amp=2.334143)  diff_lr=0.00e+00 amp_lr=4.99e-05
  -> New best test_loss=2.345758
  -> New best test_amp_loss=2.334143, saved amp_predictor
Epoch 10/300  train=4.634364 (diff=0.036197 amp=4.634364)  test=2.248296 (diff=0.034614 amp=2.213682)  diff_lr=0.00e+00 amp_lr=4.99e-05
  [TwoStep] note_level: mean=-0.7919, std=0.1180 | residual: std=1.0753 | note_aux_loss=4.8103 | gt_amp: std=1.1029
  -> New best test_loss=2.248296
  -> New best test_amp_loss=2.213682, saved amp_predictor
Epoch 11/300  train=4.204083 (diff=0.034331 amp=4.204083)  test=2.098900 (diff=0.039730 amp=2.059170)  diff_lr=0.00e+00 amp_lr=4.99e-05
  -> New best test_loss=2.098900
  -> New best test_amp_loss=2.059170, saved amp_predictor
Epoch 12/300  train=3.841167 (diff=0.032856 amp=3.841167)  test=1.915269 (diff=0.016443 amp=1.898826)  diff_lr=0.00e+00 amp_lr=4.99e-05
  -> New best test_loss=1.915269
  -> New best test_amp_loss=1.898826, saved amp_predictor
Epoch 13/300  train=3.457791 (diff=0.034823 amp=3.457791)  test=1.903802 (diff=0.023793 amp=1.880008)  diff_lr=0.00e+00 amp_lr=4.98e-05
  -> New best test_loss=1.903802
  -> New best test_amp_loss=1.880008, saved amp_predictor
Epoch 14/300  train=3.100496 (diff=0.033772 amp=3.100496)  test=1.727157 (diff=0.015015 amp=1.712142)  diff_lr=0.00e+00 amp_lr=4.98e-05
  -> New best test_loss=1.727157
  -> New best test_amp_loss=1.712142, saved amp_predictor
Epoch 15/300  train=2.785160 (diff=0.035003 amp=2.785160)  test=1.659399 (diff=0.014924 amp=1.644475)  diff_lr=0.00e+00 amp_lr=4.98e-05
  -> New best test_loss=1.659399
  -> New best test_amp_loss=1.644475, saved amp_predictor
Epoch 16/300  train=2.448124 (diff=0.034407 amp=2.448124)  test=1.658661 (diff=0.048471 amp=1.610190)  diff_lr=0.00e+00 amp_lr=4.98e-05
  -> New best test_loss=1.658661
  -> New best test_amp_loss=1.610190, saved amp_predictor
Epoch 17/300  train=2.155252 (diff=0.034767 amp=2.155252)  test=1.624706 (diff=0.020582 amp=1.604123)  diff_lr=0.00e+00 amp_lr=4.97e-05
  -> New best test_loss=1.624706
  -> New best test_amp_loss=1.604123, saved amp_predictor
Epoch 18/300  train=1.889007 (diff=0.034388 amp=1.889007)  test=1.694290 (diff=0.019834 amp=1.674456)  diff_lr=0.00e+00 amp_lr=4.97e-05
Epoch 19/300  train=1.694016 (diff=0.031960 amp=1.694016)  test=1.665455 (diff=0.014790 amp=1.650666)  diff_lr=0.00e+00 amp_lr=4.96e-05
Epoch 20/300  train=1.545187 (diff=0.032388 amp=1.545187)  test=1.777874 (diff=0.017075 amp=1.760799)  diff_lr=0.00e+00 amp_lr=4.96e-05
  [TwoStep] note_level: mean=-2.2244, std=0.5484 | residual: std=1.4943 | note_aux_loss=2.9578 | gt_amp: std=1.1029
Epoch 21/300  train=1.475291 (diff=0.034612 amp=1.475291)  test=1.780687 (diff=0.023827 amp=1.756860)  diff_lr=0.00e+00 amp_lr=4.96e-05
Epoch 22/300  train=1.401373 (diff=0.035012 amp=1.401373)  test=1.812706 (diff=0.039742 amp=1.772964)  diff_lr=0.00e+00 amp_lr=4.95e-05
Epoch 23/300  train=1.362489 (diff=0.033615 amp=1.362489)  test=1.867069 (diff=0.013158 amp=1.853911)  diff_lr=0.00e+00 amp_lr=4.95e-05
Epoch 24/300  train=1.298707 (diff=0.034103 amp=1.298707)  test=1.816095 (diff=0.030936 amp=1.785160)  diff_lr=0.00e+00 amp_lr=4.94e-05
Epoch 25/300  train=1.302189 (diff=0.034925 amp=1.302189)  test=1.729602 (diff=0.012159 amp=1.717443)  diff_lr=0.00e+00 amp_lr=4.94e-05
Epoch 26/300  train=1.242213 (diff=0.035884 amp=1.242213)  test=1.667276 (diff=0.020457 amp=1.646819)  diff_lr=0.00e+00 amp_lr=4.93e-05
Epoch 27/300  train=1.209392 (diff=0.032886 amp=1.209392)  test=1.664018 (diff=0.029837 amp=1.634181)  diff_lr=0.00e+00 amp_lr=4.93e-05
Epoch 28/300  train=1.199063 (diff=0.032641 amp=1.199063)  test=1.609955 (diff=0.022438 amp=1.587517)  diff_lr=0.00e+00 amp_lr=4.92e-05
  -> New best test_loss=1.609955
  -> New best test_amp_loss=1.587517, saved amp_predictor
Epoch 29/300  train=1.143930 (diff=0.033708 amp=1.143930)  test=1.530847 (diff=0.017963 amp=1.512884)  diff_lr=0.00e+00 amp_lr=4.91e-05
  -> New best test_loss=1.530847
  -> New best test_amp_loss=1.512884, saved amp_predictor
Epoch 30/300  train=1.119087 (diff=0.031624 amp=1.119087)  test=1.555278 (diff=0.020764 amp=1.534514)  diff_lr=0.00e+00 amp_lr=4.91e-05
  [TwoStep] note_level: mean=-2.2889, std=0.9307 | residual: std=2.0711 | note_aux_loss=1.9712 | gt_amp: std=1.1029
Epoch 31/300  train=1.076059 (diff=0.033461 amp=1.076059)  test=1.515355 (diff=0.020893 amp=1.494462)  diff_lr=0.00e+00 amp_lr=4.90e-05
  -> New best test_loss=1.515355
  -> New best test_amp_loss=1.494462, saved amp_predictor
Epoch 32/300  train=1.063078 (diff=0.036087 amp=1.063078)  test=1.394765 (diff=0.015228 amp=1.379537)  diff_lr=0.00e+00 amp_lr=4.90e-05
  -> New best test_loss=1.394765
  -> New best test_amp_loss=1.379537, saved amp_predictor
Epoch 33/300  train=1.018403 (diff=0.032816 amp=1.018403)  test=1.392219 (diff=0.027451 amp=1.364768)  diff_lr=0.00e+00 amp_lr=4.89e-05
  -> New best test_loss=1.392219
  -> New best test_amp_loss=1.364768, saved amp_predictor
Epoch 34/300  train=0.997371 (diff=0.034121 amp=0.997371)  test=1.353824 (diff=0.016023 amp=1.337801)  diff_lr=0.00e+00 amp_lr=4.88e-05
  -> New best test_loss=1.353824
  -> New best test_amp_loss=1.337801, saved amp_predictor
Epoch 35/300  train=0.961735 (diff=0.033886 amp=0.961735)  test=1.354572 (diff=0.030006 amp=1.324566)  diff_lr=0.00e+00 amp_lr=4.87e-05
  -> New best test_amp_loss=1.324566, saved amp_predictor
Epoch 36/300  train=0.946188 (diff=0.033125 amp=0.946188)  test=1.242032 (diff=0.026769 amp=1.215263)  diff_lr=0.00e+00 amp_lr=4.87e-05
  -> New best test_loss=1.242032
  -> New best test_amp_loss=1.215263, saved amp_predictor
Epoch 37/300  train=0.924039 (diff=0.034397 amp=0.924039)  test=1.200514 (diff=0.023554 amp=1.176960)  diff_lr=0.00e+00 amp_lr=4.86e-05
  -> New best test_loss=1.200514
  -> New best test_amp_loss=1.176960, saved amp_predictor
Epoch 38/300  train=0.883676 (diff=0.034646 amp=0.883676)  test=1.234032 (diff=0.034854 amp=1.199178)  diff_lr=0.00e+00 amp_lr=4.85e-05
Epoch 39/300  train=0.873058 (diff=0.032726 amp=0.873058)  test=1.190063 (diff=0.020096 amp=1.169967)  diff_lr=0.00e+00 amp_lr=4.84e-05
  -> New best test_loss=1.190063
  -> New best test_amp_loss=1.169967, saved amp_predictor
Epoch 40/300  train=0.845582 (diff=0.036160 amp=0.845582)  test=1.103269 (diff=0.025514 amp=1.077755)  diff_lr=0.00e+00 amp_lr=4.84e-05
  [TwoStep] note_level: mean=-2.0355, std=1.2944 | residual: std=2.2626 | note_aux_loss=0.9565 | gt_amp: std=1.1029
  -> New best test_loss=1.103269
  -> New best test_amp_loss=1.077755, saved amp_predictor
Epoch 41/300  train=0.809390 (diff=0.036128 amp=0.809390)  test=1.208083 (diff=0.024613 amp=1.183470)  diff_lr=0.00e+00 amp_lr=4.83e-05
Epoch 42/300  train=0.795701 (diff=0.032081 amp=0.795701)  test=1.041137 (diff=0.014805 amp=1.026332)  diff_lr=0.00e+00 amp_lr=4.82e-05
  -> New best test_loss=1.041137
  -> New best test_amp_loss=1.026332, saved amp_predictor
Epoch 43/300  train=0.770831 (diff=0.034518 amp=0.770831)  test=1.100075 (diff=0.013766 amp=1.086310)  diff_lr=0.00e+00 amp_lr=4.81e-05
Epoch 44/300  train=0.758390 (diff=0.033672 amp=0.758390)  test=0.999651 (diff=0.023478 amp=0.976174)  diff_lr=0.00e+00 amp_lr=4.80e-05
  -> New best test_loss=0.999651
  -> New best test_amp_loss=0.976174, saved amp_predictor
Epoch 45/300  train=0.745887 (diff=0.035163 amp=0.745887)  test=0.960947 (diff=0.014253 amp=0.946694)  diff_lr=0.00e+00 amp_lr=4.79e-05
  -> New best test_loss=0.960947
  -> New best test_amp_loss=0.946694, saved amp_predictor
Epoch 46/300  train=0.712607 (diff=0.033098 amp=0.712607)  test=0.931759 (diff=0.024329 amp=0.907430)  diff_lr=0.00e+00 amp_lr=4.78e-05
  -> New best test_loss=0.931759
  -> New best test_amp_loss=0.907430, saved amp_predictor
Epoch 47/300  train=0.707009 (diff=0.035324 amp=0.707009)  test=0.907794 (diff=0.014348 amp=0.893445)  diff_lr=0.00e+00 amp_lr=4.77e-05
  -> New best test_loss=0.907794
  -> New best test_amp_loss=0.893445, saved amp_predictor
Epoch 48/300  train=0.690084 (diff=0.031717 amp=0.690084)  test=0.962231 (diff=0.025378 amp=0.936853)  diff_lr=0.00e+00 amp_lr=4.76e-05
Epoch 49/300  train=0.676699 (diff=0.033476 amp=0.676699)  test=1.000780 (diff=0.026027 amp=0.974752)  diff_lr=0.00e+00 amp_lr=4.75e-05
Epoch 50/300  train=0.664189 (diff=0.034094 amp=0.664189)  test=0.912423 (diff=0.018731 amp=0.893692)  diff_lr=0.00e+00 amp_lr=4.74e-05
  [TwoStep] note_level: mean=-1.8508, std=1.6036 | residual: std=2.6519 | note_aux_loss=0.4112 | gt_amp: std=1.1029
Epoch 51/300  train=0.656288 (diff=0.034699 amp=0.656288)  test=0.886814 (diff=0.022090 amp=0.864724)  diff_lr=0.00e+00 amp_lr=4.73e-05
  -> New best test_loss=0.886814
  -> New best test_amp_loss=0.864724, saved amp_predictor
Epoch 52/300  train=0.639935 (diff=0.033707 amp=0.639935)  test=0.852838 (diff=0.029079 amp=0.823759)  diff_lr=0.00e+00 amp_lr=4.72e-05
  -> New best test_loss=0.852838
  -> New best test_amp_loss=0.823759, saved amp_predictor
Epoch 53/300  train=0.630093 (diff=0.033616 amp=0.630093)  test=0.825514 (diff=0.030909 amp=0.794605)  diff_lr=0.00e+00 amp_lr=4.71e-05
  -> New best test_loss=0.825514
  -> New best test_amp_loss=0.794605, saved amp_predictor
Epoch 54/300  train=0.634411 (diff=0.034372 amp=0.634411)  test=0.755711 (diff=0.017944 amp=0.737766)  diff_lr=0.00e+00 amp_lr=4.70e-05
  -> New best test_loss=0.755711
  -> New best test_amp_loss=0.737766, saved amp_predictor
Epoch 55/300  train=0.604680 (diff=0.034273 amp=0.604680)  test=0.762350 (diff=0.008764 amp=0.753587)  diff_lr=0.00e+00 amp_lr=4.69e-05
Epoch 56/300  train=0.616378 (diff=0.033663 amp=0.616378)  test=1.004746 (diff=0.019311 amp=0.985435)  diff_lr=0.00e+00 amp_lr=4.68e-05
Epoch 57/300  train=0.602223 (diff=0.033595 amp=0.602223)  test=0.791550 (diff=0.009077 amp=0.782473)  diff_lr=0.00e+00 amp_lr=4.67e-05
Epoch 58/300  train=0.593287 (diff=0.032527 amp=0.593287)  test=0.852955 (diff=0.019837 amp=0.833117)  diff_lr=0.00e+00 amp_lr=4.65e-05
Epoch 59/300  train=0.590540 (diff=0.034412 amp=0.590540)  test=0.806214 (diff=0.023588 amp=0.782625)  diff_lr=0.00e+00 amp_lr=4.64e-05
Epoch 60/300  train=0.586360 (diff=0.033201 amp=0.586360)  test=0.780686 (diff=0.024585 amp=0.756101)  diff_lr=0.00e+00 amp_lr=4.63e-05
  [TwoStep] note_level: mean=-1.7158, std=1.8077 | residual: std=2.8565 | note_aux_loss=0.1912 | gt_amp: std=1.1029
Epoch 61/300  train=0.587020 (diff=0.034654 amp=0.587020)  test=0.751594 (diff=0.055733 amp=0.695861)  diff_lr=0.00e+00 amp_lr=4.62e-05
  -> New best test_loss=0.751594
  -> New best test_amp_loss=0.695861, saved amp_predictor
Epoch 62/300  train=0.585178 (diff=0.034464 amp=0.585178)  test=0.708184 (diff=0.018137 amp=0.690048)  diff_lr=0.00e+00 amp_lr=4.61e-05
  -> New best test_loss=0.708184
  -> New best test_amp_loss=0.690048, saved amp_predictor
Epoch 63/300  train=0.580872 (diff=0.034142 amp=0.580872)  test=0.809207 (diff=0.051523 amp=0.757683)  diff_lr=0.00e+00 amp_lr=4.59e-05
Epoch 64/300  train=0.575226 (diff=0.033663 amp=0.575226)  test=0.762184 (diff=0.014739 amp=0.747445)  diff_lr=0.00e+00 amp_lr=4.58e-05
Epoch 65/300  train=0.569579 (diff=0.033904 amp=0.569579)  test=0.826255 (diff=0.028063 amp=0.798192)  diff_lr=0.00e+00 amp_lr=4.57e-05
Epoch 66/300  train=0.564898 (diff=0.034842 amp=0.564898)  test=0.846062 (diff=0.017533 amp=0.828529)  diff_lr=0.00e+00 amp_lr=4.55e-05
Epoch 67/300  train=0.559921 (diff=0.032715 amp=0.559921)  test=0.828850 (diff=0.035063 amp=0.793787)  diff_lr=0.00e+00 amp_lr=4.54e-05
Epoch 68/300  train=0.563548 (diff=0.033960 amp=0.563548)  test=0.818026 (diff=0.029949 amp=0.788077)  diff_lr=0.00e+00 amp_lr=4.53e-05
Epoch 69/300  train=0.572551 (diff=0.033192 amp=0.572551)  test=0.806712 (diff=0.010816 amp=0.795897)  diff_lr=0.00e+00 amp_lr=4.51e-05
Epoch 70/300  train=0.549435 (diff=0.034782 amp=0.549435)  test=0.859634 (diff=0.025644 amp=0.833990)  diff_lr=0.00e+00 amp_lr=4.50e-05
  [TwoStep] note_level: mean=-1.6438, std=1.9106 | residual: std=2.8976 | note_aux_loss=0.1245 | gt_amp: std=1.1029
Epoch 71/300  train=0.555351 (diff=0.035773 amp=0.555351)  test=0.693522 (diff=0.034419 amp=0.659104)  diff_lr=0.00e+00 amp_lr=4.49e-05
  -> New best test_loss=0.693522
  -> New best test_amp_loss=0.659104, saved amp_predictor
Epoch 72/300  train=0.553388 (diff=0.033325 amp=0.553388)  test=0.864265 (diff=0.018349 amp=0.845916)  diff_lr=0.00e+00 amp_lr=4.47e-05
Epoch 73/300  train=0.560920 (diff=0.034762 amp=0.560920)  test=0.754575 (diff=0.050272 amp=0.704303)  diff_lr=0.00e+00 amp_lr=4.46e-05
Epoch 74/300  train=0.538790 (diff=0.033743 amp=0.538790)  test=0.821057 (diff=0.029165 amp=0.791891)  diff_lr=0.00e+00 amp_lr=4.44e-05
Epoch 75/300  train=0.548237 (diff=0.032824 amp=0.548237)  test=0.764059 (diff=0.028663 amp=0.735396)  diff_lr=0.00e+00 amp_lr=4.43e-05
Epoch 76/300  train=0.545352 (diff=0.033893 amp=0.545352)  test=0.904958 (diff=0.039550 amp=0.865408)  diff_lr=0.00e+00 amp_lr=4.41e-05
Epoch 77/300  train=0.553893 (diff=0.036251 amp=0.553893)  test=0.882813 (diff=0.021083 amp=0.861730)  diff_lr=0.00e+00 amp_lr=4.40e-05
Epoch 78/300  train=0.544886 (diff=0.034055 amp=0.544886)  test=0.741754 (diff=0.029352 amp=0.712402)  diff_lr=0.00e+00 amp_lr=4.38e-05
Epoch 79/300  train=0.536350 (diff=0.031896 amp=0.536350)  test=0.740757 (diff=0.027687 amp=0.713070)  diff_lr=0.00e+00 amp_lr=4.37e-05
Epoch 80/300  train=0.540813 (diff=0.034762 amp=0.540813)  test=0.821325 (diff=0.020813 amp=0.800512)  diff_lr=0.00e+00 amp_lr=4.35e-05
  [TwoStep] note_level: mean=-1.6255, std=1.9547 | residual: std=2.9882 | note_aux_loss=0.1040 | gt_amp: std=1.1029
Epoch 81/300  train=0.530107 (diff=0.034037 amp=0.530107)  test=0.761654 (diff=0.023142 amp=0.738512)  diff_lr=0.00e+00 amp_lr=4.34e-05
Epoch 82/300  train=0.542934 (diff=0.033392 amp=0.542934)  test=0.774728 (diff=0.014975 amp=0.759753)  diff_lr=0.00e+00 amp_lr=4.32e-05
Epoch 83/300  train=0.542785 (diff=0.035869 amp=0.542785)  test=0.830415 (diff=0.038718 amp=0.791697)  diff_lr=0.00e+00 amp_lr=4.31e-05
Epoch 84/300  train=0.541165 (diff=0.033108 amp=0.541165)  test=0.798648 (diff=0.025395 amp=0.773253)  diff_lr=0.00e+00 amp_lr=4.29e-05
Epoch 85/300  train=0.531603 (diff=0.033869 amp=0.531603)  test=0.831219 (diff=0.023268 amp=0.807951)  diff_lr=0.00e+00 amp_lr=4.27e-05
Epoch 86/300  train=0.528469 (diff=0.035755 amp=0.528469)  test=0.818980 (diff=0.028414 amp=0.790566)  diff_lr=0.00e+00 amp_lr=4.26e-05
Epoch 87/300  train=0.526465 (diff=0.035198 amp=0.526465)  test=0.864034 (diff=0.030434 amp=0.833599)  diff_lr=0.00e+00 amp_lr=4.24e-05
Epoch 88/300  train=0.531472 (diff=0.032735 amp=0.531472)  test=0.802660 (diff=0.020296 amp=0.782364)  diff_lr=0.00e+00 amp_lr=4.23e-05
Epoch 89/300  train=0.544305 (diff=0.032681 amp=0.544305)  test=0.736645 (diff=0.027517 amp=0.709129)  diff_lr=0.00e+00 amp_lr=4.21e-05
Epoch 90/300  train=0.525113 (diff=0.033654 amp=0.525113)  test=0.808415 (diff=0.029148 amp=0.779267)  diff_lr=0.00e+00 amp_lr=4.19e-05
  [TwoStep] note_level: mean=-1.6204, std=1.9739 | residual: std=2.9298 | note_aux_loss=0.0952 | gt_amp: std=1.1029
Epoch 91/300  train=0.528760 (diff=0.033160 amp=0.528760)  test=0.767344 (diff=0.020188 amp=0.747156)  diff_lr=0.00e+00 amp_lr=4.18e-05
Epoch 92/300  train=0.522532 (diff=0.034250 amp=0.522532)  test=0.786977 (diff=0.020577 amp=0.766399)  diff_lr=0.00e+00 amp_lr=4.16e-05
Epoch 93/300  train=0.517716 (diff=0.032848 amp=0.517716)  test=0.769983 (diff=0.024722 amp=0.745261)  diff_lr=0.00e+00 amp_lr=4.14e-05
Epoch 94/300  train=0.525988 (diff=0.033841 amp=0.525988)  test=0.689180 (diff=0.027964 amp=0.661216)  diff_lr=0.00e+00 amp_lr=4.12e-05
  -> New best test_loss=0.689180
Epoch 95/300  train=0.522638 (diff=0.034685 amp=0.522638)  test=0.731559 (diff=0.010936 amp=0.720623)  diff_lr=0.00e+00 amp_lr=4.11e-05
Epoch 96/300  train=0.523880 (diff=0.036226 amp=0.523880)  test=0.756612 (diff=0.012681 amp=0.743931)  diff_lr=0.00e+00 amp_lr=4.09e-05
Epoch 97/300  train=0.525673 (diff=0.035160 amp=0.525673)  test=0.795747 (diff=0.034959 amp=0.760789)  diff_lr=0.00e+00 amp_lr=4.07e-05
Epoch 98/300  train=0.516240 (diff=0.035173 amp=0.516240)  test=0.841173 (diff=0.028275 amp=0.812898)  diff_lr=0.00e+00 amp_lr=4.05e-05
Epoch 99/300  train=0.516577 (diff=0.035070 amp=0.516577)  test=0.706793 (diff=0.032283 amp=0.674510)  diff_lr=0.00e+00 amp_lr=4.04e-05
Epoch 100/300  train=0.514719 (diff=0.033190 amp=0.514719)  test=0.812467 (diff=0.023430 amp=0.789037)  diff_lr=0.00e+00 amp_lr=4.02e-05
  [TwoStep] note_level: mean=-1.6255, std=1.9901 | residual: std=2.9604 | note_aux_loss=0.0887 | gt_amp: std=1.1029
Epoch 101/300  train=0.519775 (diff=0.035135 amp=0.519775)  test=0.798286 (diff=0.023745 amp=0.774541)  diff_lr=0.00e+00 amp_lr=4.00e-05
Epoch 102/300  train=0.517217 (diff=0.032286 amp=0.517217)  test=0.851995 (diff=0.021039 amp=0.830956)  diff_lr=0.00e+00 amp_lr=3.98e-05
Epoch 103/300  train=0.511850 (diff=0.035395 amp=0.511850)  test=0.810522 (diff=0.030883 amp=0.779639)  diff_lr=0.00e+00 amp_lr=3.96e-05
Epoch 104/300  train=0.514283 (diff=0.032242 amp=0.514283)  test=0.767749 (diff=0.027622 amp=0.740126)  diff_lr=0.00e+00 amp_lr=3.95e-05
Epoch 105/300  train=0.521764 (diff=0.033621 amp=0.521764)  test=0.794210 (diff=0.028738 amp=0.765471)  diff_lr=0.00e+00 amp_lr=3.93e-05
Epoch 106/300  train=0.510026 (diff=0.030268 amp=0.510026)  test=0.750326 (diff=0.016797 amp=0.733529)  diff_lr=0.00e+00 amp_lr=3.91e-05
Epoch 107/300  train=0.519627 (diff=0.033717 amp=0.519627)  test=0.800294 (diff=0.023094 amp=0.777200)  diff_lr=0.00e+00 amp_lr=3.89e-05
Epoch 108/300  train=0.517464 (diff=0.034833 amp=0.517464)  test=0.769174 (diff=0.022453 amp=0.746721)  diff_lr=0.00e+00 amp_lr=3.87e-05
Epoch 109/300  train=0.521302 (diff=0.035269 amp=0.521302)  test=0.922315 (diff=0.030027 amp=0.892288)  diff_lr=0.00e+00 amp_lr=3.85e-05
Epoch 110/300  train=0.521144 (diff=0.034705 amp=0.521144)  test=0.767749 (diff=0.026446 amp=0.741302)  diff_lr=0.00e+00 amp_lr=3.83e-05
  [TwoStep] note_level: mean=-1.6115, std=1.9945 | residual: std=3.0166 | note_aux_loss=0.0864 | gt_amp: std=1.1029
Epoch 111/300  train=0.510812 (diff=0.033689 amp=0.510812)  test=0.790724 (diff=0.032463 amp=0.758261)  diff_lr=0.00e+00 amp_lr=3.81e-05
Epoch 112/300  train=0.514403 (diff=0.035293 amp=0.514403)  test=0.791435 (diff=0.027363 amp=0.764072)  diff_lr=0.00e+00 amp_lr=3.79e-05
Epoch 113/300  train=0.510641 (diff=0.035298 amp=0.510641)  test=0.792756 (diff=0.015384 amp=0.777371)  diff_lr=0.00e+00 amp_lr=3.78e-05
Epoch 114/300  train=0.506569 (diff=0.033605 amp=0.506569)  test=0.835468 (diff=0.024475 amp=0.810994)  diff_lr=0.00e+00 amp_lr=3.76e-05
Epoch 115/300  train=0.509512 (diff=0.033629 amp=0.509512)  test=0.784994 (diff=0.016433 amp=0.768560)  diff_lr=0.00e+00 amp_lr=3.74e-05
Epoch 116/300  train=0.509176 (diff=0.033830 amp=0.509176)  test=0.770696 (diff=0.019512 amp=0.751184)  diff_lr=0.00e+00 amp_lr=3.72e-05
Epoch 117/300  train=0.514724 (diff=0.034787 amp=0.514724)  test=0.752216 (diff=0.015949 amp=0.736267)  diff_lr=0.00e+00 amp_lr=3.70e-05
Epoch 118/300  train=0.503636 (diff=0.035545 amp=0.503636)  test=0.693588 (diff=0.021532 amp=0.672056)  diff_lr=0.00e+00 amp_lr=3.68e-05
Epoch 119/300  train=0.501489 (diff=0.034944 amp=0.501489)  test=0.744658 (diff=0.013431 amp=0.731227)  diff_lr=0.00e+00 amp_lr=3.66e-05
Epoch 120/300  train=0.505472 (diff=0.032481 amp=0.505472)  test=0.791748 (diff=0.017669 amp=0.774079)  diff_lr=0.00e+00 amp_lr=3.64e-05
  [TwoStep] note_level: mean=-1.5979, std=1.9904 | residual: std=2.9407 | note_aux_loss=0.0865 | gt_amp: std=1.1029
Epoch 121/300  train=0.506388 (diff=0.035235 amp=0.506388)  test=0.804910 (diff=0.036700 amp=0.768210)  diff_lr=0.00e+00 amp_lr=3.62e-05
Epoch 122/300  train=0.509738 (diff=0.033282 amp=0.509738)  test=0.715222 (diff=0.016767 amp=0.698455)  diff_lr=0.00e+00 amp_lr=3.60e-05
Epoch 123/300  train=0.506904 (diff=0.035451 amp=0.506904)  test=0.743237 (diff=0.032773 amp=0.710464)  diff_lr=0.00e+00 amp_lr=3.58e-05
Epoch 124/300  train=0.500394 (diff=0.034313 amp=0.500394)  test=0.700208 (diff=0.010212 amp=0.689995)  diff_lr=0.00e+00 amp_lr=3.56e-05
Epoch 125/300  train=0.501290 (diff=0.032799 amp=0.501290)  test=0.722436 (diff=0.023773 amp=0.698663)  diff_lr=0.00e+00 amp_lr=3.54e-05
Epoch 126/300  train=0.505370 (diff=0.036060 amp=0.505370)  test=0.817782 (diff=0.045475 amp=0.772307)  diff_lr=0.00e+00 amp_lr=3.52e-05
Epoch 127/300  train=0.502389 (diff=0.035861 amp=0.502389)  test=0.909881 (diff=0.019251 amp=0.890629)  diff_lr=0.00e+00 amp_lr=3.50e-05
Epoch 128/300  train=0.499485 (diff=0.034145 amp=0.499485)  test=0.933564 (diff=0.140290 amp=0.793274)  diff_lr=0.00e+00 amp_lr=3.48e-05
Epoch 129/300  train=0.496718 (diff=0.035453 amp=0.496718)  test=0.819152 (diff=0.016161 amp=0.802992)  diff_lr=0.00e+00 amp_lr=3.46e-05
Epoch 130/300  train=0.498217 (diff=0.032577 amp=0.498217)  test=0.757249 (diff=0.012344 amp=0.744905)  diff_lr=0.00e+00 amp_lr=3.44e-05
  [TwoStep] note_level: mean=-1.6066, std=1.9970 | residual: std=2.9489 | note_aux_loss=0.0830 | gt_amp: std=1.1029
Epoch 131/300  train=0.498225 (diff=0.032360 amp=0.498225)  test=0.800204 (diff=0.021562 amp=0.778642)  diff_lr=0.00e+00 amp_lr=3.42e-05
Epoch 132/300  train=0.500178 (diff=0.031943 amp=0.500178)  test=0.846511 (diff=0.028020 amp=0.818491)  diff_lr=0.00e+00 amp_lr=3.40e-05
Epoch 133/300  train=0.501004 (diff=0.034590 amp=0.501004)  test=0.906333 (diff=0.039060 amp=0.867273)  diff_lr=0.00e+00 amp_lr=3.37e-05
Epoch 134/300  train=0.499346 (diff=0.033635 amp=0.499346)  test=0.934749 (diff=0.025895 amp=0.908854)  diff_lr=0.00e+00 amp_lr=3.35e-05
Epoch 135/300  train=0.493115 (diff=0.034232 amp=0.493115)  test=0.745007 (diff=0.039698 amp=0.705310)  diff_lr=0.00e+00 amp_lr=3.33e-05
Epoch 136/300  train=0.491270 (diff=0.032900 amp=0.491270)  test=0.825648 (diff=0.011546 amp=0.814102)  diff_lr=0.00e+00 amp_lr=3.31e-05
Epoch 137/300  train=0.497462 (diff=0.034475 amp=0.497462)  test=0.874179 (diff=0.025829 amp=0.848351)  diff_lr=0.00e+00 amp_lr=3.29e-05
Epoch 138/300  train=0.507787 (diff=0.034362 amp=0.507787)  test=0.770022 (diff=0.026839 amp=0.743183)  diff_lr=0.00e+00 amp_lr=3.27e-05
Epoch 139/300  train=0.501851 (diff=0.032266 amp=0.501851)  test=0.795082 (diff=0.016690 amp=0.778393)  diff_lr=0.00e+00 amp_lr=3.25e-05
Epoch 140/300  train=0.499354 (diff=0.031781 amp=0.499354)  test=0.762489 (diff=0.011607 amp=0.750882)  diff_lr=0.00e+00 amp_lr=3.23e-05
  [TwoStep] note_level: mean=-1.6112, std=1.9940 | residual: std=2.9046 | note_aux_loss=0.0821 | gt_amp: std=1.1029
Epoch 141/300  train=0.503412 (diff=0.034988 amp=0.503412)  test=0.824099 (diff=0.014386 amp=0.809713)  diff_lr=0.00e+00 amp_lr=3.21e-05
Epoch 142/300  train=0.503265 (diff=0.035149 amp=0.503265)  test=0.836409 (diff=0.032545 amp=0.803864)  diff_lr=0.00e+00 amp_lr=3.19e-05
Epoch 143/300  train=0.501463 (diff=0.033286 amp=0.501463)  test=0.788139 (diff=0.026319 amp=0.761820)  diff_lr=0.00e+00 amp_lr=3.17e-05
Epoch 144/300  train=0.495153 (diff=0.033213 amp=0.495153)  test=0.865242 (diff=0.028086 amp=0.837157)  diff_lr=0.00e+00 amp_lr=3.15e-05
Epoch 145/300  train=0.490474 (diff=0.033080 amp=0.490474)  test=0.800705 (diff=0.029817 amp=0.770889)  diff_lr=0.00e+00 amp_lr=3.13e-05
Epoch 146/300  train=0.494638 (diff=0.033439 amp=0.494638)  test=0.804385 (diff=0.033983 amp=0.770401)  diff_lr=0.00e+00 amp_lr=3.10e-05
Epoch 147/300  train=0.488869 (diff=0.034261 amp=0.488869)  test=0.749261 (diff=0.032641 amp=0.716620)  diff_lr=0.00e+00 amp_lr=3.08e-05
Epoch 148/300  train=0.484923 (diff=0.033295 amp=0.484923)  test=0.769942 (diff=0.015411 amp=0.754531)  diff_lr=0.00e+00 amp_lr=3.06e-05
Epoch 149/300  train=0.490497 (diff=0.034545 amp=0.490497)  test=0.829538 (diff=0.089156 amp=0.740383)  diff_lr=0.00e+00 amp_lr=3.04e-05
Epoch 150/300  train=0.484295 (diff=0.032885 amp=0.484295)  test=0.750742 (diff=0.017560 amp=0.733181)  diff_lr=0.00e+00 amp_lr=3.02e-05
  [TwoStep] note_level: mean=-1.6025, std=1.9997 | residual: std=2.9931 | note_aux_loss=0.0803 | gt_amp: std=1.1029
Epoch 151/300  train=0.487969 (diff=0.034870 amp=0.487969)  test=0.951840 (diff=0.024362 amp=0.927478)  diff_lr=0.00e+00 amp_lr=3.00e-05
Epoch 152/300  train=0.484232 (diff=0.034639 amp=0.484232)  test=0.846747 (diff=0.022530 amp=0.824217)  diff_lr=0.00e+00 amp_lr=2.98e-05
Epoch 153/300  train=0.492490 (diff=0.032885 amp=0.492490)  test=0.807805 (diff=0.025431 amp=0.782375)  diff_lr=0.00e+00 amp_lr=2.96e-05
Epoch 154/300  train=0.491132 (diff=0.034210 amp=0.491132)  test=0.741685 (diff=0.020962 amp=0.720723)  diff_lr=0.00e+00 amp_lr=2.94e-05
Epoch 155/300  train=0.492043 (diff=0.036341 amp=0.492043)  test=0.803431 (diff=0.033344 amp=0.770088)  diff_lr=0.00e+00 amp_lr=2.92e-05
Epoch 156/300  train=0.492997 (diff=0.034017 amp=0.492997)  test=0.802276 (diff=0.014915 amp=0.787361)  diff_lr=0.00e+00 amp_lr=2.90e-05
Epoch 157/300  train=0.483901 (diff=0.035122 amp=0.483901)  test=0.697901 (diff=0.012489 amp=0.685412)  diff_lr=0.00e+00 amp_lr=2.87e-05
Epoch 158/300  train=0.486806 (diff=0.033609 amp=0.486806)  test=0.756565 (diff=0.015902 amp=0.740663)  diff_lr=0.00e+00 amp_lr=2.85e-05
Epoch 159/300  train=0.485204 (diff=0.034109 amp=0.485204)  test=0.756023 (diff=0.013792 amp=0.742231)  diff_lr=0.00e+00 amp_lr=2.83e-05
Epoch 160/300  train=0.492076 (diff=0.032789 amp=0.492076)  test=0.721818 (diff=0.023367 amp=0.698451)  diff_lr=0.00e+00 amp_lr=2.81e-05
  [TwoStep] note_level: mean=-1.6119, std=2.0048 | residual: std=2.9669 | note_aux_loss=0.0778 | gt_amp: std=1.1029
Epoch 161/300  train=0.487922 (diff=0.035656 amp=0.487922)  test=0.718471 (diff=0.035480 amp=0.682991)  diff_lr=0.00e+00 amp_lr=2.79e-05
Epoch 162/300  train=0.495082 (diff=0.031575 amp=0.495082)  test=0.705553 (diff=0.028267 amp=0.677286)  diff_lr=0.00e+00 amp_lr=2.77e-05
Epoch 163/300  train=0.484643 (diff=0.036308 amp=0.484643)  test=0.761954 (diff=0.022006 amp=0.739948)  diff_lr=0.00e+00 amp_lr=2.75e-05
Epoch 164/300  train=0.484568 (diff=0.033646 amp=0.484568)  test=0.767138 (diff=0.033915 amp=0.733223)  diff_lr=0.00e+00 amp_lr=2.73e-05
Epoch 165/300  train=0.483818 (diff=0.033911 amp=0.483818)  test=0.786378 (diff=0.030797 amp=0.755581)  diff_lr=0.00e+00 amp_lr=2.71e-05
Epoch 166/300  train=0.490825 (diff=0.035313 amp=0.490825)  test=0.772555 (diff=0.021136 amp=0.751419)  diff_lr=0.00e+00 amp_lr=2.69e-05
Epoch 167/300  train=0.487988 (diff=0.032231 amp=0.487988)  test=0.787636 (diff=0.036086 amp=0.751550)  diff_lr=0.00e+00 amp_lr=2.67e-05
Epoch 168/300  train=0.486429 (diff=0.034186 amp=0.486429)  test=0.781416 (diff=0.049568 amp=0.731848)  diff_lr=0.00e+00 amp_lr=2.65e-05
Epoch 169/300  train=0.482186 (diff=0.033685 amp=0.482186)  test=0.723982 (diff=0.008560 amp=0.715422)  diff_lr=0.00e+00 amp_lr=2.63e-05
Epoch 170/300  train=0.475686 (diff=0.033205 amp=0.475686)  test=0.743076 (diff=0.019917 amp=0.723159)  diff_lr=0.00e+00 amp_lr=2.60e-05
  [TwoStep] note_level: mean=-1.6090, std=2.0073 | residual: std=2.9984 | note_aux_loss=0.0768 | gt_amp: std=1.1029
Epoch 171/300  train=0.482301 (diff=0.035402 amp=0.482301)  test=0.754794 (diff=0.021229 amp=0.733565)  diff_lr=0.00e+00 amp_lr=2.58e-05
Epoch 172/300  train=0.481598 (diff=0.035153 amp=0.481598)  test=0.785934 (diff=0.040840 amp=0.745094)  diff_lr=0.00e+00 amp_lr=2.56e-05
Epoch 173/300  train=0.483048 (diff=0.035796 amp=0.483048)  test=0.761055 (diff=0.031889 amp=0.729166)  diff_lr=0.00e+00 amp_lr=2.54e-05
Epoch 174/300  train=0.481969 (diff=0.035599 amp=0.481969)  test=0.747273 (diff=0.022472 amp=0.724801)  diff_lr=0.00e+00 amp_lr=2.52e-05
Epoch 175/300  train=0.477667 (diff=0.035791 amp=0.477667)  test=0.764177 (diff=0.014453 amp=0.749724)  diff_lr=0.00e+00 amp_lr=2.50e-05
Epoch 176/300  train=0.487824 (diff=0.033337 amp=0.487824)  test=0.833671 (diff=0.027567 amp=0.806104)  diff_lr=0.00e+00 amp_lr=2.48e-05
Epoch 177/300  train=0.481317 (diff=0.033158 amp=0.481317)  test=0.721371 (diff=0.026699 amp=0.694672)  diff_lr=0.00e+00 amp_lr=2.46e-05
Epoch 178/300  train=0.479878 (diff=0.036068 amp=0.479878)  test=0.724372 (diff=0.015774 amp=0.708598)  diff_lr=0.00e+00 amp_lr=2.44e-05
Epoch 179/300  train=0.478214 (diff=0.034267 amp=0.478214)  test=0.799760 (diff=0.017367 amp=0.782393)  diff_lr=0.00e+00 amp_lr=2.42e-05
Epoch 180/300  train=0.475275 (diff=0.032740 amp=0.475275)  test=0.854657 (diff=0.074964 amp=0.779694)  diff_lr=0.00e+00 amp_lr=2.40e-05
  [TwoStep] note_level: mean=-1.6075, std=2.0081 | residual: std=2.9642 | note_aux_loss=0.0761 | gt_amp: std=1.1029
Epoch 181/300  train=0.477575 (diff=0.033174 amp=0.477575)  test=0.877133 (diff=0.026656 amp=0.850477)  diff_lr=0.00e+00 amp_lr=2.38e-05
Epoch 182/300  train=0.476426 (diff=0.033900 amp=0.476426)  test=0.705808 (diff=0.018988 amp=0.686821)  diff_lr=0.00e+00 amp_lr=2.36e-05
Epoch 183/300  train=0.468672 (diff=0.034487 amp=0.468672)  test=0.799402 (diff=0.025625 amp=0.773777)  diff_lr=0.00e+00 amp_lr=2.34e-05
Epoch 184/300  train=0.481505 (diff=0.036733 amp=0.481505)  test=0.798216 (diff=0.023218 amp=0.774998)  diff_lr=0.00e+00 amp_lr=2.32e-05
Epoch 185/300  train=0.476899 (diff=0.033777 amp=0.476899)  test=0.836220 (diff=0.023743 amp=0.812478)  diff_lr=0.00e+00 amp_lr=2.30e-05
Epoch 186/300  train=0.474599 (diff=0.035923 amp=0.474599)  test=0.728162 (diff=0.020984 amp=0.707178)  diff_lr=0.00e+00 amp_lr=2.28e-05
Epoch 187/300  train=0.472383 (diff=0.033781 amp=0.472383)  test=0.800882 (diff=0.024667 amp=0.776215)  diff_lr=0.00e+00 amp_lr=2.26e-05
Epoch 188/300  train=0.480098 (diff=0.033723 amp=0.480098)  test=0.817770 (diff=0.025085 amp=0.792685)  diff_lr=0.00e+00 amp_lr=2.24e-05
Epoch 189/300  train=0.468050 (diff=0.036202 amp=0.468050)  test=0.794206 (diff=0.021646 amp=0.772560)  diff_lr=0.00e+00 amp_lr=2.22e-05
Epoch 190/300  train=0.479256 (diff=0.035500 amp=0.479256)  test=0.788076 (diff=0.058132 amp=0.729943)  diff_lr=0.00e+00 amp_lr=2.21e-05
  [TwoStep] note_level: mean=-1.6003, std=2.0070 | residual: std=2.9881 | note_aux_loss=0.0763 | gt_amp: std=1.1029
Epoch 191/300  train=0.477873 (diff=0.033282 amp=0.477873)  test=0.745193 (diff=0.009016 amp=0.736177)  diff_lr=0.00e+00 amp_lr=2.19e-05
Epoch 192/300  train=0.481582 (diff=0.033810 amp=0.481582)  test=0.792074 (diff=0.022892 amp=0.769181)  diff_lr=0.00e+00 amp_lr=2.17e-05
Epoch 193/300  train=0.471620 (diff=0.031978 amp=0.471620)  test=0.830026 (diff=0.023662 amp=0.806364)  diff_lr=0.00e+00 amp_lr=2.15e-05
Epoch 194/300  train=0.479419 (diff=0.033754 amp=0.479419)  test=0.793985 (diff=0.021625 amp=0.772360)  diff_lr=0.00e+00 amp_lr=2.13e-05
Epoch 195/300  train=0.478985 (diff=0.032862 amp=0.478985)  test=0.778034 (diff=0.022945 amp=0.755089)  diff_lr=0.00e+00 amp_lr=2.11e-05
Epoch 196/300  train=0.474871 (diff=0.032784 amp=0.474871)  test=0.830295 (diff=0.007535 amp=0.822760)  diff_lr=0.00e+00 amp_lr=2.09e-05
Epoch 197/300  train=0.470909 (diff=0.035000 amp=0.470909)  test=0.816922 (diff=0.017291 amp=0.799631)  diff_lr=0.00e+00 amp_lr=2.07e-05
Epoch 198/300  train=0.476780 (diff=0.032824 amp=0.476780)  test=0.912077 (diff=0.016813 amp=0.895263)  diff_lr=0.00e+00 amp_lr=2.05e-05
Epoch 199/300  train=0.470341 (diff=0.034165 amp=0.470341)  test=0.811043 (diff=0.009027 amp=0.802016)  diff_lr=0.00e+00 amp_lr=2.04e-05
Epoch 200/300  train=0.473852 (diff=0.034270 amp=0.473852)  test=0.777188 (diff=0.031627 amp=0.745561)  diff_lr=0.00e+00 amp_lr=2.02e-05
  [TwoStep] note_level: mean=-1.6046, std=2.0086 | residual: std=2.9543 | note_aux_loss=0.0752 | gt_amp: std=1.1029
Epoch 201/300  train=0.472357 (diff=0.033938 amp=0.472357)  test=0.819387 (diff=0.014319 amp=0.805068)  diff_lr=0.00e+00 amp_lr=2.00e-05
Epoch 202/300  train=0.474157 (diff=0.033549 amp=0.474157)  test=0.805448 (diff=0.013175 amp=0.792273)  diff_lr=0.00e+00 amp_lr=1.98e-05
Epoch 203/300  train=0.474586 (diff=0.033709 amp=0.474586)  test=0.806617 (diff=0.024811 amp=0.781806)  diff_lr=0.00e+00 amp_lr=1.96e-05
Epoch 204/300  train=0.476292 (diff=0.032089 amp=0.476292)  test=0.803963 (diff=0.021034 amp=0.782930)  diff_lr=0.00e+00 amp_lr=1.95e-05
Epoch 205/300  train=0.473638 (diff=0.034753 amp=0.473638)  test=0.768236 (diff=0.036862 amp=0.731374)  diff_lr=0.00e+00 amp_lr=1.93e-05
Epoch 206/300  train=0.477608 (diff=0.035545 amp=0.477608)  test=0.865558 (diff=0.020857 amp=0.844701)  diff_lr=0.00e+00 amp_lr=1.91e-05
Epoch 207/300  train=0.474372 (diff=0.031763 amp=0.474372)  test=0.844027 (diff=0.054957 amp=0.789070)  diff_lr=0.00e+00 amp_lr=1.89e-05
Epoch 208/300  train=0.475326 (diff=0.034167 amp=0.475326)  test=0.810538 (diff=0.019890 amp=0.790647)  diff_lr=0.00e+00 amp_lr=1.88e-05
Epoch 209/300  train=0.471863 (diff=0.035846 amp=0.471863)  test=0.758487 (diff=0.026992 amp=0.731495)  diff_lr=0.00e+00 amp_lr=1.86e-05
Epoch 210/300  train=0.472047 (diff=0.034011 amp=0.472047)  test=0.718891 (diff=0.014273 amp=0.704618)  diff_lr=0.00e+00 amp_lr=1.84e-05
  [TwoStep] note_level: mean=-1.6092, std=2.0046 | residual: std=2.9708 | note_aux_loss=0.0753 | gt_amp: std=1.1029
Epoch 211/300  train=0.467918 (diff=0.032551 amp=0.467918)  test=0.788261 (diff=0.017788 amp=0.770473)  diff_lr=0.00e+00 amp_lr=1.82e-05
Epoch 212/300  train=0.472534 (diff=0.033952 amp=0.472534)  test=0.839730 (diff=0.024051 amp=0.815679)  diff_lr=0.00e+00 amp_lr=1.81e-05
Epoch 213/300  train=0.475344 (diff=0.034278 amp=0.475344)  test=0.778123 (diff=0.022257 amp=0.755866)  diff_lr=0.00e+00 amp_lr=1.79e-05
Epoch 214/300  train=0.469028 (diff=0.034631 amp=0.469028)  test=0.794379 (diff=0.024404 amp=0.769975)  diff_lr=0.00e+00 amp_lr=1.77e-05
Epoch 215/300  train=0.468650 (diff=0.034847 amp=0.468650)  test=0.746638 (diff=0.024460 amp=0.722178)  diff_lr=0.00e+00 amp_lr=1.76e-05
Epoch 216/300  train=0.462187 (diff=0.034572 amp=0.462187)  test=0.816500 (diff=0.015708 amp=0.800791)  diff_lr=0.00e+00 amp_lr=1.74e-05
Epoch 217/300  train=0.469736 (diff=0.032181 amp=0.469736)  test=0.811008 (diff=0.024171 amp=0.786837)  diff_lr=0.00e+00 amp_lr=1.73e-05
Epoch 218/300  train=0.472672 (diff=0.034718 amp=0.472672)  test=0.817020 (diff=0.011652 amp=0.805369)  diff_lr=0.00e+00 amp_lr=1.71e-05
Epoch 219/300  train=0.472041 (diff=0.035826 amp=0.472041)  test=0.785554 (diff=0.038612 amp=0.746942)  diff_lr=0.00e+00 amp_lr=1.69e-05
Epoch 220/300  train=0.463197 (diff=0.035481 amp=0.463197)  test=0.771647 (diff=0.016578 amp=0.755070)  diff_lr=0.00e+00 amp_lr=1.68e-05
  [TwoStep] note_level: mean=-1.6073, std=2.0073 | residual: std=2.9200 | note_aux_loss=0.0744 | gt_amp: std=1.1029
Epoch 221/300  train=0.464633 (diff=0.034582 amp=0.464633)  test=0.848379 (diff=0.022575 amp=0.825804)  diff_lr=0.00e+00 amp_lr=1.66e-05
Epoch 222/300  train=0.476202 (diff=0.033158 amp=0.476202)  test=0.815913 (diff=0.023158 amp=0.792755)  diff_lr=0.00e+00 amp_lr=1.65e-05
Epoch 223/300  train=0.460939 (diff=0.033314 amp=0.460939)  test=0.763878 (diff=0.032558 amp=0.731319)  diff_lr=0.00e+00 amp_lr=1.63e-05
Epoch 224/300  train=0.467413 (diff=0.035567 amp=0.467413)  test=0.816487 (diff=0.022629 amp=0.793858)  diff_lr=0.00e+00 amp_lr=1.62e-05
Epoch 225/300  train=0.465435 (diff=0.035358 amp=0.465435)  test=0.827617 (diff=0.022339 amp=0.805278)  diff_lr=0.00e+00 amp_lr=1.60e-05
Epoch 226/300  train=0.465798 (diff=0.033636 amp=0.465798)  test=0.867735 (diff=0.024827 amp=0.842908)  diff_lr=0.00e+00 amp_lr=1.59e-05
Epoch 227/300  train=0.468096 (diff=0.033034 amp=0.468096)  test=0.915827 (diff=0.022603 amp=0.893224)  diff_lr=0.00e+00 amp_lr=1.57e-05
Epoch 228/300  train=0.465393 (diff=0.034344 amp=0.465393)  test=0.895331 (diff=0.022673 amp=0.872658)  diff_lr=0.00e+00 amp_lr=1.56e-05
Epoch 229/300  train=0.469808 (diff=0.034167 amp=0.469808)  test=0.814806 (diff=0.020106 amp=0.794700)  diff_lr=0.00e+00 amp_lr=1.54e-05
Epoch 230/300  train=0.469339 (diff=0.033687 amp=0.469339)  test=0.829587 (diff=0.036672 amp=0.792915)  diff_lr=0.00e+00 amp_lr=1.53e-05
  [TwoStep] note_level: mean=-1.6077, std=2.0110 | residual: std=2.9324 | note_aux_loss=0.0733 | gt_amp: std=1.1029
Epoch 231/300  train=0.458903 (diff=0.033663 amp=0.458903)  test=0.788458 (diff=0.020554 amp=0.767904)  diff_lr=0.00e+00 amp_lr=1.51e-05
Epoch 232/300  train=0.466210 (diff=0.032547 amp=0.466210)  test=0.768355 (diff=0.026551 amp=0.741805)  diff_lr=0.00e+00 amp_lr=1.50e-05
Epoch 233/300  train=0.466013 (diff=0.034114 amp=0.466013)  test=0.831740 (diff=0.045443 amp=0.786297)  diff_lr=0.00e+00 amp_lr=1.49e-05
Epoch 234/300  train=0.465845 (diff=0.033996 amp=0.465845)  test=0.727772 (diff=0.028995 amp=0.698777)  diff_lr=0.00e+00 amp_lr=1.47e-05
Epoch 235/300  train=0.466129 (diff=0.035344 amp=0.466129)  test=0.801332 (diff=0.044445 amp=0.756887)  diff_lr=0.00e+00 amp_lr=1.46e-05
Epoch 236/300  train=0.469411 (diff=0.030874 amp=0.469411)  test=0.766127 (diff=0.041095 amp=0.725033)  diff_lr=0.00e+00 amp_lr=1.45e-05
Epoch 237/300  train=0.472224 (diff=0.035409 amp=0.472224)  test=0.797526 (diff=0.038154 amp=0.759372)  diff_lr=0.00e+00 amp_lr=1.43e-05
Epoch 238/300  train=0.474940 (diff=0.037570 amp=0.474940)  test=0.751606 (diff=0.030924 amp=0.720682)  diff_lr=0.00e+00 amp_lr=1.42e-05
Epoch 239/300  train=0.463451 (diff=0.033417 amp=0.463451)  test=0.780003 (diff=0.038067 amp=0.741937)  diff_lr=0.00e+00 amp_lr=1.41e-05
Epoch 240/300  train=0.463736 (diff=0.035830 amp=0.463736)  test=0.731408 (diff=0.014615 amp=0.716792)  diff_lr=0.00e+00 amp_lr=1.39e-05
  [TwoStep] note_level: mean=-1.6059, std=2.0095 | residual: std=3.0056 | note_aux_loss=0.0735 | gt_amp: std=1.1029
Epoch 241/300  train=0.468401 (diff=0.033621 amp=0.468401)  test=0.786817 (diff=0.022900 amp=0.763918)  diff_lr=0.00e+00 amp_lr=1.38e-05
Epoch 242/300  train=0.460883 (diff=0.033297 amp=0.460883)  test=0.814408 (diff=0.026746 amp=0.787662)  diff_lr=0.00e+00 amp_lr=1.37e-05
Epoch 243/300  train=0.471241 (diff=0.033918 amp=0.471241)  test=0.798458 (diff=0.043056 amp=0.755402)  diff_lr=0.00e+00 amp_lr=1.36e-05
Epoch 244/300  train=0.470108 (diff=0.033172 amp=0.470108)  test=0.781341 (diff=0.012353 amp=0.768988)  diff_lr=0.00e+00 amp_lr=1.35e-05
Epoch 245/300  train=0.466354 (diff=0.032695 amp=0.466354)  test=0.740101 (diff=0.032992 amp=0.707109)  diff_lr=0.00e+00 amp_lr=1.33e-05
Epoch 246/300  train=0.464538 (diff=0.033642 amp=0.464538)  test=0.775794 (diff=0.022057 amp=0.753736)  diff_lr=0.00e+00 amp_lr=1.32e-05
Epoch 247/300  train=0.465162 (diff=0.031988 amp=0.465162)  test=0.789674 (diff=0.021981 amp=0.767692)  diff_lr=0.00e+00 amp_lr=1.31e-05
Epoch 248/300  train=0.464804 (diff=0.034188 amp=0.464804)  test=0.810903 (diff=0.044273 amp=0.766631)  diff_lr=0.00e+00 amp_lr=1.30e-05
Epoch 249/300  train=0.462828 (diff=0.034781 amp=0.462828)  test=0.823839 (diff=0.023409 amp=0.800430)  diff_lr=0.00e+00 amp_lr=1.29e-05
Epoch 250/300  train=0.460600 (diff=0.034199 amp=0.460600)  test=0.830038 (diff=0.023400 amp=0.806639)  diff_lr=0.00e+00 amp_lr=1.28e-05
  [TwoStep] note_level: mean=-1.6012, std=2.0116 | residual: std=2.9446 | note_aux_loss=0.0732 | gt_amp: std=1.1029
Epoch 251/300  train=0.466581 (diff=0.033142 amp=0.466581)  test=0.795296 (diff=0.041826 amp=0.753470)  diff_lr=0.00e+00 amp_lr=1.27e-05
Epoch 252/300  train=0.456915 (diff=0.032038 amp=0.456915)  test=0.750835 (diff=0.029613 amp=0.721222)  diff_lr=0.00e+00 amp_lr=1.26e-05
Epoch 253/300  train=0.460251 (diff=0.035532 amp=0.460251)  test=0.731299 (diff=0.018510 amp=0.712789)  diff_lr=0.00e+00 amp_lr=1.25e-05
Epoch 254/300  train=0.464894 (diff=0.033127 amp=0.464894)  test=0.713969 (diff=0.010836 amp=0.703132)  diff_lr=0.00e+00 amp_lr=1.24e-05
Epoch 255/300  train=0.460882 (diff=0.035275 amp=0.460882)  test=0.818925 (diff=0.011910 amp=0.807015)  diff_lr=0.00e+00 amp_lr=1.23e-05
Epoch 256/300  train=0.464985 (diff=0.034553 amp=0.464985)  test=0.813608 (diff=0.017905 amp=0.795703)  diff_lr=0.00e+00 amp_lr=1.22e-05
Epoch 257/300  train=0.464613 (diff=0.033643 amp=0.464613)  test=0.789320 (diff=0.047709 amp=0.741611)  diff_lr=0.00e+00 amp_lr=1.21e-05
Epoch 258/300  train=0.467272 (diff=0.034419 amp=0.467272)  test=0.824065 (diff=0.068429 amp=0.755636)  diff_lr=0.00e+00 amp_lr=1.20e-05
Epoch 259/300  train=0.463660 (diff=0.036144 amp=0.463660)  test=0.789444 (diff=0.032750 amp=0.756694)  diff_lr=0.00e+00 amp_lr=1.19e-05
Epoch 260/300  train=0.461537 (diff=0.034451 amp=0.461537)  test=0.771186 (diff=0.023673 amp=0.747512)  diff_lr=0.00e+00 amp_lr=1.18e-05
  [TwoStep] note_level: mean=-1.6080, std=2.0100 | residual: std=2.9432 | note_aux_loss=0.0728 | gt_amp: std=1.1029
Epoch 261/300  train=0.457833 (diff=0.035406 amp=0.457833)  test=0.760000 (diff=0.031051 amp=0.728949)  diff_lr=0.00e+00 amp_lr=1.17e-05
Epoch 262/300  train=0.459119 (diff=0.034435 amp=0.459119)  test=0.816018 (diff=0.013395 amp=0.802624)  diff_lr=0.00e+00 amp_lr=1.16e-05
Epoch 263/300  train=0.455725 (diff=0.034673 amp=0.455725)  test=0.801802 (diff=0.013764 amp=0.788038)  diff_lr=0.00e+00 amp_lr=1.16e-05
Epoch 264/300  train=0.464744 (diff=0.033168 amp=0.464744)  test=0.749870 (diff=0.017715 amp=0.732155)  diff_lr=0.00e+00 amp_lr=1.15e-05
Epoch 265/300  train=0.464121 (diff=0.033099 amp=0.464121)  test=0.788808 (diff=0.010624 amp=0.778184)  diff_lr=0.00e+00 amp_lr=1.14e-05
Epoch 266/300  train=0.462013 (diff=0.032730 amp=0.462013)  test=0.785170 (diff=0.029529 amp=0.755641)  diff_lr=0.00e+00 amp_lr=1.13e-05
Epoch 267/300  train=0.467473 (diff=0.035205 amp=0.467473)  test=0.802575 (diff=0.015076 amp=0.787499)  diff_lr=0.00e+00 amp_lr=1.13e-05
Epoch 268/300  train=0.459900 (diff=0.033051 amp=0.459900)  test=0.778485 (diff=0.012688 amp=0.765797)  diff_lr=0.00e+00 amp_lr=1.12e-05
Epoch 269/300  train=0.463065 (diff=0.032718 amp=0.463065)  test=0.801425 (diff=0.023079 amp=0.778346)  diff_lr=0.00e+00 amp_lr=1.11e-05
Epoch 270/300  train=0.458817 (diff=0.032772 amp=0.458817)  test=0.792921 (diff=0.022625 amp=0.770297)  diff_lr=0.00e+00 amp_lr=1.10e-05
  [TwoStep] note_level: mean=-1.6065, std=2.0110 | residual: std=2.9517 | note_aux_loss=0.0724 | gt_amp: std=1.1029
Epoch 271/300  train=0.461776 (diff=0.033196 amp=0.461776)  test=0.807313 (diff=0.028915 amp=0.778398)  diff_lr=0.00e+00 amp_lr=1.10e-05
Epoch 272/300  train=0.465947 (diff=0.032791 amp=0.465947)  test=0.771334 (diff=0.018020 amp=0.753314)  diff_lr=0.00e+00 amp_lr=1.09e-05
Epoch 273/300  train=0.466338 (diff=0.035026 amp=0.466338)  test=0.803130 (diff=0.018363 amp=0.784767)  diff_lr=0.00e+00 amp_lr=1.09e-05
Epoch 274/300  train=0.460818 (diff=0.034067 amp=0.460818)  test=0.778526 (diff=0.022028 amp=0.756499)  diff_lr=0.00e+00 amp_lr=1.08e-05
Epoch 275/300  train=0.463200 (diff=0.034248 amp=0.463200)  test=0.870164 (diff=0.076160 amp=0.794004)  diff_lr=0.00e+00 amp_lr=1.07e-05
Epoch 276/300  train=0.450172 (diff=0.033969 amp=0.450172)  test=0.776971 (diff=0.023139 amp=0.753832)  diff_lr=0.00e+00 amp_lr=1.07e-05
Epoch 277/300  train=0.460460 (diff=0.031294 amp=0.460460)  test=0.809575 (diff=0.035027 amp=0.774548)  diff_lr=0.00e+00 amp_lr=1.06e-05
Epoch 278/300  train=0.461435 (diff=0.035551 amp=0.461435)  test=0.840338 (diff=0.042522 amp=0.797816)  diff_lr=0.00e+00 amp_lr=1.06e-05
Epoch 279/300  train=0.459538 (diff=0.033758 amp=0.459538)  test=0.834177 (diff=0.027335 amp=0.806842)  diff_lr=0.00e+00 amp_lr=1.05e-05
Epoch 280/300  train=0.457112 (diff=0.033559 amp=0.457112)  test=0.797074 (diff=0.016948 amp=0.780126)  diff_lr=0.00e+00 amp_lr=1.05e-05
  [TwoStep] note_level: mean=-1.6066, std=2.0081 | residual: std=2.9726 | note_aux_loss=0.0728 | gt_amp: std=1.1029
Epoch 281/300  train=0.463198 (diff=0.032505 amp=0.463198)  test=0.797304 (diff=0.014086 amp=0.783218)  diff_lr=0.00e+00 amp_lr=1.04e-05
Epoch 282/300  train=0.457011 (diff=0.032703 amp=0.457011)  test=0.795987 (diff=0.022392 amp=0.773595)  diff_lr=0.00e+00 amp_lr=1.04e-05
Epoch 283/300  train=0.457451 (diff=0.033825 amp=0.457451)  test=0.751655 (diff=0.010128 amp=0.741527)  diff_lr=0.00e+00 amp_lr=1.04e-05
Epoch 284/300  train=0.464907 (diff=0.034968 amp=0.464907)  test=0.795162 (diff=0.031642 amp=0.763520)  diff_lr=0.00e+00 amp_lr=1.03e-05
Epoch 285/300  train=0.464417 (diff=0.034283 amp=0.464417)  test=0.830700 (diff=0.018955 amp=0.811744)  diff_lr=0.00e+00 amp_lr=1.03e-05
Epoch 286/300  train=0.459219 (diff=0.034741 amp=0.459219)  test=0.821738 (diff=0.034676 amp=0.787062)  diff_lr=0.00e+00 amp_lr=1.02e-05
Epoch 287/300  train=0.460479 (diff=0.032688 amp=0.460479)  test=0.821056 (diff=0.020972 amp=0.800084)  diff_lr=0.00e+00 amp_lr=1.02e-05
Epoch 288/300  train=0.453746 (diff=0.033889 amp=0.453746)  test=0.882992 (diff=0.015467 amp=0.867525)  diff_lr=0.00e+00 amp_lr=1.02e-05
Epoch 289/300  train=0.463685 (diff=0.035151 amp=0.463685)  test=0.818287 (diff=0.016130 amp=0.802157)  diff_lr=0.00e+00 amp_lr=1.02e-05
Epoch 290/300  train=0.462826 (diff=0.035088 amp=0.462826)  test=0.866638 (diff=0.016190 amp=0.850448)  diff_lr=0.00e+00 amp_lr=1.01e-05
  [TwoStep] note_level: mean=-1.6039, std=2.0128 | residual: std=2.9119 | note_aux_loss=0.0719 | gt_amp: std=1.1029
Epoch 291/300  train=0.463017 (diff=0.034897 amp=0.463017)  test=0.798527 (diff=0.031195 amp=0.767332)  diff_lr=0.00e+00 amp_lr=1.01e-05
Epoch 292/300  train=0.457248 (diff=0.032593 amp=0.457248)  test=0.843171 (diff=0.020257 amp=0.822914)  diff_lr=0.00e+00 amp_lr=1.01e-05
Epoch 293/300  train=0.464114 (diff=0.036680 amp=0.464114)  test=0.826791 (diff=0.019590 amp=0.807201)  diff_lr=0.00e+00 amp_lr=1.01e-05
Epoch 294/300  train=0.455666 (diff=0.032635 amp=0.455666)  test=0.798892 (diff=0.019154 amp=0.779737)  diff_lr=0.00e+00 amp_lr=1.01e-05
Epoch 295/300  train=0.460531 (diff=0.034301 amp=0.460531)  test=0.803988 (diff=0.025044 amp=0.778944)  diff_lr=0.00e+00 amp_lr=1.00e-05
Epoch 296/300  train=0.452271 (diff=0.032555 amp=0.452271)  test=0.816679 (diff=0.021222 amp=0.795456)  diff_lr=0.00e+00 amp_lr=1.00e-05
Epoch 297/300  train=0.455158 (diff=0.034514 amp=0.455158)  test=0.850020 (diff=0.036508 amp=0.813512)  diff_lr=0.00e+00 amp_lr=1.00e-05
Epoch 298/300  train=0.455121 (diff=0.033623 amp=0.455121)  test=0.815955 (diff=0.028210 amp=0.787745)  diff_lr=0.00e+00 amp_lr=1.00e-05
Epoch 299/300  train=0.448698 (diff=0.035369 amp=0.448698)  test=0.789217 (diff=0.020628 amp=0.768588)  diff_lr=0.00e+00 amp_lr=1.00e-05
Epoch 300/300  train=0.461165 (diff=0.035082 amp=0.461165)  test=0.778818 (diff=0.023182 amp=0.755636)  diff_lr=0.00e+00 amp_lr=1.00e-05
  [TwoStep] note_level: mean=-1.6089, std=2.0125 | residual: std=2.9552 | note_aux_loss=0.0715 | gt_amp: std=1.1029

Training complete.
exp047 training complete at: Sun Mar 29 16:41:35     2026
==========================================
Evaluating exp047
==========================================
C:\lxr\study\final\src\model\diffusion.py:510: UserWarning: enable_nested_tensor is True, but self.use_nested_tensor is False because encoder_layer.norm_first was True
  self.attn = nn.TransformerEncoder(attn_layer, num_layers=n_attn_layers)
C:\lxr\study\final\src\model\evaluate.py:203: FutureWarning: `torch.cuda.amp.autocast(args...)` is deprecated. Please use `torch.amp.autocast('cuda', args...)` instead.
  autocast_ctx = torch.cuda.amp.autocast() if device.type == "cuda" else torch.inference_mode()
Device: cuda
Test tracks: 49

--- Evaluating Diffusion ---
Loaded baseline from config fallback: experiments/checkpoints/exp033/baseline_best.pt
Loaded frozen diffusion from config fallback: experiments/checkpoints/exp034/diffusion_best_ema.pt
Loaded TwoStepAmpPredictor (hidden=256, gru_hidden=128, layers=2, dropout=0.3, use_attention=True) from experiments/checkpoints/exp047\amp_predictor_best.pt
{
  "diffusion_rpa_mean": {
    "mean": 0.9387700971021106,
    "std": 0.048995185984417405,
    "min": 0.7779659953572997,
    "max": 0.9921104536489151
  },
  "diffusion_rpa_oracle": {
    "mean": 0.9567566989718812,
    "std": 0.03324193815711033,
    "min": 0.8545454545454545,
    "max": 0.995956607495069
  },
  "diffusion_f0_mae_mean": {
    "mean": 24.58373686732078,
    "std": 18.948322006337147,
    "min": 9.653202056884766,
    "max": 131.07662963867188
  },
  "diffusion_f0_mae_oracle": {
    "mean": 20.853032890631226,
    "std": 17.70624623253798,
    "min": 8.768218994140625,
    "max": 128.27113342285156
  },
  "diffusion_amp_corr_mean": {
    "mean": 0.7871546641056709,
    "std": 0.085383414777415,
    "min": 0.5799122268461478,
    "max": 0.9349669721820928
  },
  "diffusion_amp_corr_oracle": {
    "mean": 0.7871546641056709,
    "std": 0.08538341477741498,
    "min": 0.5799122268461478,
    "max": 0.9349669721820928
  },
  "diffusion_amp_rmse_log_mean": {
    "mean": 0.6578025592833149,
    "std": 0.21180203945265635,
    "min": 0.3596270978450775,
    "max": 1.1999801397323608
  },
  "diffusion_amp_rmse_log_oracle": {
    "mean": 0.6578025592833149,
    "std": 0.21180203945265635,
    "min": 0.3596270978450775,
    "max": 1.1999801397323608
  },
  "diffusion_vde_mean_avg": {
    "mean": 7.829635074105786,
    "std": 7.027102096217976,
    "min": 1.3756465247397056,
    "max": 34.81614580090348
  },
  "diffusion_vde_mean_oracle": {
    "mean": 7.245761736651416,
    "std": 6.615860748684364,
    "min": 1.4043921884959145,
    "max": 36.53772564924818
  },
  "diffusion_vre_mean_avg": {
    "mean": 0.9207301668444913,
    "std": 0.20459625222080544,
    "min": 0.5322986768839651,
    "max": 1.2498217574914425
  },
  "diffusion_vre_mean_oracle": {
    "mean": 0.9240088895555422,
    "std": 0.2360438089190435,
    "min": 0.3031892699089137,
    "max": 1.3299667363154806
  },
  "diffusion_f0_diversity_cents": {
    "mean": 10.650843075343541,
    "std": 6.998721665461564,
    "min": 4.830198287963867,
    "max": 39.22982406616211
  },
  "diffusion_amp_diversity": {
    "mean": 2.9992332880296117e-10,
    "std": 3.159044897820762e-10,
    "min": 8.609484652977173e-11,
    "max": 1.185970655015467e-09
  },
  "diffusion_n_vibrato_notes": {
    "mean": 74.18367346938776,
    "std": 43.8306916368287,
    "min": 17.0,
    "max": 144.0
  }
}

Results saved to experiments/results/exp047.json
==========================================
Done: exp047 train + eval complete
Results: experiments/results/exp047.json
==========================================
