==========================================
Training exp048 (Enhanced Two-Step: EncoderPool + ResidualL1)
Started at: Sun Mar 29 17:30:44     2026
==========================================
C:\lxr\study\final\src\model\diffusion.py:515: UserWarning: enable_nested_tensor is True, but self.use_nested_tensor is False because encoder_layer.norm_first was True
  self.attn = nn.TransformerEncoder(attn_layer, num_layers=n_attn_layers)
Device: cuda
Config: {
  "data_dir": "C:\\lxr\\study\\final\\datagen\\solo\\URMP",
  "bach10_dir": "C:\\lxr\\study\\final\\datagen\\solo\\Bach10",
  "output_dir": "experiments/checkpoints/exp048",
  "instruments": [
    "vn",
    "va",
    "vc",
    "fl",
    "ob",
    "cl",
    "sax",
    "tpt",
    "tbn",
    "bn"
  ],
  "crop_len": 512,
  "seed": 42,
  "stage1": {
    "batch_size": 32,
    "lr": 0.001,
    "epochs": 100,
    "lam": 1.0,
    "patience": 15,
    "lr_patience": 5,
    "lr_factor": 0.5,
    "dropout": 0.3
  },
  "stage2": {
    "batch_size": 16,
    "lr": 0.0002,
    "epochs": 300,
    "ema_decay": 0.995,
    "n_diffusion_steps": 1000,
    "samples_per_epoch": 1860,
    "lr_min": 1e-05,
    "n_channels": 1,
    "amp_two_step": true,
    "amp_note_aux_weight": 0.3,
    "amp_residual_penalty_weight": 0.3,
    "amp_smooth_kernel": 31,
    "amp_hidden": 256,
    "amp_gru_hidden": 128,
    "amp_gru_layers": 2,
    "amp_dropout": 0.3,
    "amp_use_attention": true,
    "amp_n_attn_heads": 4,
    "amp_n_attn_layers": 2,
    "amp_instrument_conditioned": false,
    "amp_note_position_conditioned": false,
    "amp_f0_conditioned": false,
    "amp_velocity_conditioned": false,
    "amp_condition_dropout": 0.0,
    "amp_corr_weight": 0.3,
    "amp_grad_weight": 0.2,
    "freeze_diffusion": true,
    "diffusion_checkpoint": "experiments/checkpoints/exp034/diffusion_best_ema.pt",
    "amp_lr": 5e-05,
    "amp_weight_decay": 0.0001,
    "amp_augment": true,
    "amp_augment_scale": 0.2,
    "amp_augment_jitter": 0.05
  },
  "stage3": {
    "batch_size": 16,
    "lr": 0.0002,
    "epochs": 200,
    "ema_decay": 0.995,
    "n_diffusion_steps": 1000,
    "samples_per_epoch": null
  },
  "save_every": 10,
  "baseline_checkpoint": "experiments/checkpoints/exp033/baseline_best.pt"
}
Loaded baseline from experiments/checkpoints/exp033/baseline_best.pt

============================================================
Stage 2: Training 1ch Diffusion (f0) + AmpPredictor
============================================================
Train: 124 tracks, samples_per_epoch=1860
Amp log stats: mean=-4.5382, std=1.2719
Diffusion n_channels=1
Loaded pre-trained diffusion from experiments/checkpoints/exp034/diffusion_best_ema.pt
Diffusion FROZEN ¡ª only training AmpPredictor
TwoStepAmpPredictor enabled (hidden=256, gru_hidden=128, layers=2, dropout=0.3, use_attention=True, n_attn_heads=4, n_attn_layers=2, smooth_kernel=31, note_aux_weight=0.3, residual_penalty_weight=0.3, params=1,754,882)
AmpPredictor optimizer: lr=5e-05, weight_decay=0.0001
Using CosineAnnealingLR (amp): lr 5e-05 -> 1e-05 over 300 epochs
Amplitude augmentation ENABLED: scale=0.2, jitter=0.05
Epoch 1/300  train=6.526904 (diff=0.035998 amp=6.526904)  test=3.378675 (diff=0.009539 amp=3.369136)  diff_lr=0.00e+00 amp_lr=5.00e-05
  -> New best test_loss=3.378675
  -> New best test_amp_loss=3.369136, saved amp_predictor
Epoch 2/300  train=3.879676 (diff=0.033722 amp=3.879676)  test=2.510439 (diff=0.026872 amp=2.483568)  diff_lr=0.00e+00 amp_lr=5.00e-05
  -> New best test_loss=2.510439
  -> New best test_amp_loss=2.483568, saved amp_predictor
Epoch 3/300  train=2.078518 (diff=0.033535 amp=2.078518)  test=2.612717 (diff=0.010854 amp=2.601863)  diff_lr=0.00e+00 amp_lr=5.00e-05
Epoch 4/300  train=1.609414 (diff=0.033381 amp=1.609414)  test=2.407791 (diff=0.018655 amp=2.389136)  diff_lr=0.00e+00 amp_lr=5.00e-05
  -> New best test_loss=2.407791
  -> New best test_amp_loss=2.389136, saved amp_predictor
Epoch 5/300  train=1.538838 (diff=0.032523 amp=1.538838)  test=2.255036 (diff=0.014905 amp=2.240131)  diff_lr=0.00e+00 amp_lr=5.00e-05
  -> New best test_loss=2.255036
  -> New best test_amp_loss=2.240131, saved amp_predictor
Epoch 6/300  train=1.459191 (diff=0.033717 amp=1.459191)  test=2.076677 (diff=0.032056 amp=2.044622)  diff_lr=0.00e+00 amp_lr=5.00e-05
  -> New best test_loss=2.076677
  -> New best test_amp_loss=2.044622, saved amp_predictor
Epoch 7/300  train=1.373124 (diff=0.032522 amp=1.373124)  test=1.956716 (diff=0.028900 amp=1.927816)  diff_lr=0.00e+00 amp_lr=5.00e-05
  -> New best test_loss=1.956716
  -> New best test_amp_loss=1.927816, saved amp_predictor
Epoch 8/300  train=1.317886 (diff=0.035570 amp=1.317886)  test=1.886786 (diff=0.020292 amp=1.866494)  diff_lr=0.00e+00 amp_lr=4.99e-05
  -> New best test_loss=1.886786
  -> New best test_amp_loss=1.866494, saved amp_predictor
Epoch 9/300  train=1.297327 (diff=0.032455 amp=1.297327)  test=1.818073 (diff=0.013721 amp=1.804352)  diff_lr=0.00e+00 amp_lr=4.99e-05
  -> New best test_loss=1.818073
  -> New best test_amp_loss=1.804352, saved amp_predictor
Epoch 10/300  train=1.249117 (diff=0.034184 amp=1.249117)  test=1.793408 (diff=0.019430 amp=1.773978)  diff_lr=0.00e+00 amp_lr=4.99e-05
  [TwoStep] note_level: mean=-2.1263, std=1.3691 | residual: std=2.3319, L1=3.4984 | note_aux_loss=1.6331 | gt_amp: std=1.1029
  -> New best test_loss=1.793408
  -> New best test_amp_loss=1.773978, saved amp_predictor
Epoch 11/300  train=1.195442 (diff=0.033564 amp=1.195442)  test=1.805728 (diff=0.019359 amp=1.786369)  diff_lr=0.00e+00 amp_lr=4.99e-05
Epoch 12/300  train=1.187019 (diff=0.036027 amp=1.187019)  test=1.940916 (diff=0.039309 amp=1.901606)  diff_lr=0.00e+00 amp_lr=4.99e-05
Epoch 13/300  train=1.175484 (diff=0.034835 amp=1.175484)  test=1.880861 (diff=0.021749 amp=1.859113)  diff_lr=0.00e+00 amp_lr=4.98e-05
Epoch 14/300  train=1.154151 (diff=0.032899 amp=1.154151)  test=1.867632 (diff=0.049477 amp=1.818155)  diff_lr=0.00e+00 amp_lr=4.98e-05
Epoch 15/300  train=1.161855 (diff=0.032951 amp=1.161855)  test=1.816201 (diff=0.039956 amp=1.776244)  diff_lr=0.00e+00 amp_lr=4.98e-05
Epoch 16/300  train=1.127126 (diff=0.034206 amp=1.127126)  test=1.759435 (diff=0.025569 amp=1.733866)  diff_lr=0.00e+00 amp_lr=4.98e-05
  -> New best test_loss=1.759435
  -> New best test_amp_loss=1.733866, saved amp_predictor
Epoch 17/300  train=1.129172 (diff=0.034083 amp=1.129172)  test=1.758714 (diff=0.022612 amp=1.736102)  diff_lr=0.00e+00 amp_lr=4.97e-05
  -> New best test_loss=1.758714
Epoch 18/300  train=1.111744 (diff=0.034648 amp=1.111744)  test=1.882969 (diff=0.023516 amp=1.859453)  diff_lr=0.00e+00 amp_lr=4.97e-05
Epoch 19/300  train=1.111354 (diff=0.035746 amp=1.111354)  test=1.761251 (diff=0.014130 amp=1.747121)  diff_lr=0.00e+00 amp_lr=4.96e-05
Epoch 20/300  train=1.114270 (diff=0.033343 amp=1.114270)  test=1.821129 (diff=0.024863 amp=1.796266)  diff_lr=0.00e+00 amp_lr=4.96e-05
  [TwoStep] note_level: mean=-2.0008, std=1.5824 | residual: std=2.4953, L1=3.5607 | note_aux_loss=1.1865 | gt_amp: std=1.1029
Epoch 21/300  train=1.083747 (diff=0.034438 amp=1.083747)  test=1.825102 (diff=0.020619 amp=1.804483)  diff_lr=0.00e+00 amp_lr=4.96e-05
Epoch 22/300  train=1.072409 (diff=0.032707 amp=1.072409)  test=1.777223 (diff=0.035892 amp=1.741331)  diff_lr=0.00e+00 amp_lr=4.95e-05
Epoch 23/300  train=1.076184 (diff=0.033121 amp=1.076184)  test=1.732633 (diff=0.016979 amp=1.715654)  diff_lr=0.00e+00 amp_lr=4.95e-05
  -> New best test_loss=1.732633
  -> New best test_amp_loss=1.715654, saved amp_predictor
Epoch 24/300  train=1.052004 (diff=0.032263 amp=1.052004)  test=1.772633 (diff=0.028960 amp=1.743673)  diff_lr=0.00e+00 amp_lr=4.94e-05
Epoch 25/300  train=1.048755 (diff=0.034148 amp=1.048755)  test=1.754759 (diff=0.037224 amp=1.717535)  diff_lr=0.00e+00 amp_lr=4.94e-05
Epoch 26/300  train=1.052484 (diff=0.036101 amp=1.052484)  test=1.700002 (diff=0.022200 amp=1.677802)  diff_lr=0.00e+00 amp_lr=4.93e-05
  -> New best test_loss=1.700002
  -> New best test_amp_loss=1.677802, saved amp_predictor
Epoch 27/300  train=1.032219 (diff=0.032636 amp=1.032219)  test=1.784369 (diff=0.042315 amp=1.742054)  diff_lr=0.00e+00 amp_lr=4.93e-05
Epoch 28/300  train=1.039487 (diff=0.033166 amp=1.039487)  test=1.725923 (diff=0.024362 amp=1.701562)  diff_lr=0.00e+00 amp_lr=4.92e-05
Epoch 29/300  train=1.013844 (diff=0.034478 amp=1.013844)  test=1.716741 (diff=0.026575 amp=1.690167)  diff_lr=0.00e+00 amp_lr=4.91e-05
Epoch 30/300  train=1.001319 (diff=0.033990 amp=1.001319)  test=1.900185 (diff=0.027937 amp=1.872249)  diff_lr=0.00e+00 amp_lr=4.91e-05
  [TwoStep] note_level: mean=-2.0071, std=1.6280 | residual: std=2.4931, L1=3.4757 | note_aux_loss=0.9156 | gt_amp: std=1.1029
Epoch 31/300  train=0.993513 (diff=0.034984 amp=0.993513)  test=1.734008 (diff=0.031674 amp=1.702334)  diff_lr=0.00e+00 amp_lr=4.90e-05
Epoch 32/300  train=0.988717 (diff=0.034997 amp=0.988717)  test=1.705427 (diff=0.018933 amp=1.686494)  diff_lr=0.00e+00 amp_lr=4.90e-05
Epoch 33/300  train=0.984303 (diff=0.033536 amp=0.984303)  test=1.685470 (diff=0.013181 amp=1.672290)  diff_lr=0.00e+00 amp_lr=4.89e-05
  -> New best test_loss=1.685470
  -> New best test_amp_loss=1.672290, saved amp_predictor
Epoch 34/300  train=0.997420 (diff=0.034188 amp=0.997420)  test=1.791786 (diff=0.020177 amp=1.771608)  diff_lr=0.00e+00 amp_lr=4.88e-05
Epoch 35/300  train=0.969092 (diff=0.035150 amp=0.969092)  test=1.725289 (diff=0.023443 amp=1.701846)  diff_lr=0.00e+00 amp_lr=4.87e-05
Epoch 36/300  train=0.957229 (diff=0.033210 amp=0.957229)  test=1.717742 (diff=0.009736 amp=1.708006)  diff_lr=0.00e+00 amp_lr=4.87e-05
Epoch 37/300  train=0.969372 (diff=0.032600 amp=0.969372)  test=1.717178 (diff=0.028575 amp=1.688602)  diff_lr=0.00e+00 amp_lr=4.86e-05
Epoch 38/300  train=0.941500 (diff=0.032406 amp=0.941500)  test=1.710566 (diff=0.033998 amp=1.676567)  diff_lr=0.00e+00 amp_lr=4.85e-05
Epoch 39/300  train=0.954196 (diff=0.033022 amp=0.954196)  test=1.686470 (diff=0.019908 amp=1.666562)  diff_lr=0.00e+00 amp_lr=4.84e-05
  -> New best test_amp_loss=1.666562, saved amp_predictor
Epoch 40/300  train=0.928697 (diff=0.034656 amp=0.928697)  test=1.719016 (diff=0.021940 amp=1.697076)  diff_lr=0.00e+00 amp_lr=4.84e-05
  [TwoStep] note_level: mean=-2.0396, std=1.6956 | residual: std=2.7805, L1=3.8762 | note_aux_loss=0.6265 | gt_amp: std=1.1029
Epoch 41/300  train=0.921211 (diff=0.034388 amp=0.921211)  test=1.743873 (diff=0.026004 amp=1.717869)  diff_lr=0.00e+00 amp_lr=4.83e-05
Epoch 42/300  train=0.926950 (diff=0.035139 amp=0.926950)  test=1.723424 (diff=0.033041 amp=1.690383)  diff_lr=0.00e+00 amp_lr=4.82e-05
Epoch 43/300  train=0.916002 (diff=0.035207 amp=0.916002)  test=1.772608 (diff=0.034820 amp=1.737788)  diff_lr=0.00e+00 amp_lr=4.81e-05
Epoch 44/300  train=0.923826 (diff=0.034294 amp=0.923826)  test=1.748320 (diff=0.021449 amp=1.726871)  diff_lr=0.00e+00 amp_lr=4.80e-05
Epoch 45/300  train=0.884685 (diff=0.034619 amp=0.884685)  test=1.774928 (diff=0.015988 amp=1.758940)  diff_lr=0.00e+00 amp_lr=4.79e-05
Epoch 46/300  train=0.895653 (diff=0.032595 amp=0.895653)  test=1.699818 (diff=0.020652 amp=1.679166)  diff_lr=0.00e+00 amp_lr=4.78e-05
Epoch 47/300  train=0.890402 (diff=0.033006 amp=0.890402)  test=1.796614 (diff=0.075097 amp=1.721517)  diff_lr=0.00e+00 amp_lr=4.77e-05
Epoch 48/300  train=0.884913 (diff=0.033510 amp=0.884913)  test=1.709026 (diff=0.018259 amp=1.690767)  diff_lr=0.00e+00 amp_lr=4.76e-05
Epoch 49/300  train=0.884246 (diff=0.034820 amp=0.884246)  test=1.733143 (diff=0.024610 amp=1.708533)  diff_lr=0.00e+00 amp_lr=4.75e-05
Epoch 50/300  train=0.879596 (diff=0.035952 amp=0.879596)  test=1.708293 (diff=0.013113 amp=1.695180)  diff_lr=0.00e+00 amp_lr=4.74e-05
  [TwoStep] note_level: mean=-2.0137, std=1.7519 | residual: std=2.7180, L1=3.7237 | note_aux_loss=0.4227 | gt_amp: std=1.1029
Epoch 51/300  train=0.889184 (diff=0.034017 amp=0.889184)  test=1.739171 (diff=0.013762 amp=1.725409)  diff_lr=0.00e+00 amp_lr=4.73e-05
Epoch 52/300  train=0.873765 (diff=0.033824 amp=0.873765)  test=1.676372 (diff=0.026053 amp=1.650319)  diff_lr=0.00e+00 amp_lr=4.72e-05
  -> New best test_loss=1.676372
  -> New best test_amp_loss=1.650319, saved amp_predictor
Epoch 53/300  train=0.870800 (diff=0.034997 amp=0.870800)  test=1.881848 (diff=0.017806 amp=1.864042)  diff_lr=0.00e+00 amp_lr=4.71e-05
Epoch 54/300  train=0.881482 (diff=0.032476 amp=0.881482)  test=1.721629 (diff=0.029490 amp=1.692140)  diff_lr=0.00e+00 amp_lr=4.70e-05
Epoch 55/300  train=0.866223 (diff=0.037318 amp=0.866223)  test=1.820120 (diff=0.049861 amp=1.770259)  diff_lr=0.00e+00 amp_lr=4.69e-05
Epoch 56/300  train=0.870428 (diff=0.035132 amp=0.870428)  test=1.765080 (diff=0.027016 amp=1.738064)  diff_lr=0.00e+00 amp_lr=4.68e-05
Epoch 57/300  train=0.858752 (diff=0.035243 amp=0.858752)  test=1.709692 (diff=0.018476 amp=1.691216)  diff_lr=0.00e+00 amp_lr=4.67e-05
Epoch 58/300  train=0.859237 (diff=0.033776 amp=0.859237)  test=1.797763 (diff=0.022779 amp=1.774984)  diff_lr=0.00e+00 amp_lr=4.65e-05
Epoch 59/300  train=0.859576 (diff=0.033930 amp=0.859576)  test=1.740328 (diff=0.031536 amp=1.708791)  diff_lr=0.00e+00 amp_lr=4.64e-05
Epoch 60/300  train=0.869185 (diff=0.032931 amp=0.869185)  test=1.756993 (diff=0.023577 amp=1.733416)  diff_lr=0.00e+00 amp_lr=4.63e-05
  [TwoStep] note_level: mean=-1.9969, std=1.7731 | residual: std=2.6406, L1=3.5444 | note_aux_loss=0.3447 | gt_amp: std=1.1029
Epoch 61/300  train=0.861611 (diff=0.032971 amp=0.861611)  test=1.737838 (diff=0.049849 amp=1.687990)  diff_lr=0.00e+00 amp_lr=4.62e-05
Epoch 62/300  train=0.845319 (diff=0.032283 amp=0.845319)  test=1.775456 (diff=0.062101 amp=1.713355)  diff_lr=0.00e+00 amp_lr=4.61e-05
Epoch 63/300  train=0.843495 (diff=0.036780 amp=0.843495)  test=1.806897 (diff=0.030928 amp=1.775969)  diff_lr=0.00e+00 amp_lr=4.59e-05
Epoch 64/300  train=0.837686 (diff=0.032360 amp=0.837686)  test=1.785041 (diff=0.064986 amp=1.720055)  diff_lr=0.00e+00 amp_lr=4.58e-05
Epoch 65/300  train=0.860227 (diff=0.032230 amp=0.860227)  test=1.742030 (diff=0.014789 amp=1.727241)  diff_lr=0.00e+00 amp_lr=4.57e-05
Epoch 66/300  train=0.853504 (diff=0.033973 amp=0.853504)  test=1.654953 (diff=0.012485 amp=1.642468)  diff_lr=0.00e+00 amp_lr=4.55e-05
  -> New best test_loss=1.654953
  -> New best test_amp_loss=1.642468, saved amp_predictor
Epoch 67/300  train=0.835582 (diff=0.034120 amp=0.835582)  test=1.715676 (diff=0.037061 amp=1.678615)  diff_lr=0.00e+00 amp_lr=4.54e-05
Epoch 68/300  train=0.851129 (diff=0.033625 amp=0.851129)  test=1.728279 (diff=0.024527 amp=1.703752)  diff_lr=0.00e+00 amp_lr=4.53e-05
Epoch 69/300  train=0.852994 (diff=0.033120 amp=0.852994)  test=1.767842 (diff=0.016311 amp=1.751531)  diff_lr=0.00e+00 amp_lr=4.51e-05
Epoch 70/300  train=0.848652 (diff=0.033573 amp=0.848652)  test=1.802164 (diff=0.024785 amp=1.777379)  diff_lr=0.00e+00 amp_lr=4.50e-05
  [TwoStep] note_level: mean=-1.9914, std=1.7730 | residual: std=2.6886, L1=3.6296 | note_aux_loss=0.3224 | gt_amp: std=1.1029
Epoch 71/300  train=0.835151 (diff=0.033358 amp=0.835151)  test=1.852440 (diff=0.014190 amp=1.838250)  diff_lr=0.00e+00 amp_lr=4.49e-05
Epoch 72/300  train=0.837591 (diff=0.033547 amp=0.837591)  test=1.863033 (diff=0.016254 amp=1.846778)  diff_lr=0.00e+00 amp_lr=4.47e-05
Epoch 73/300  train=0.843660 (diff=0.035308 amp=0.843660)  test=1.701440 (diff=0.019532 amp=1.681908)  diff_lr=0.00e+00 amp_lr=4.46e-05
Epoch 74/300  train=0.834536 (diff=0.034666 amp=0.834536)  test=1.759616 (diff=0.028212 amp=1.731404)  diff_lr=0.00e+00 amp_lr=4.44e-05
Epoch 75/300  train=0.842807 (diff=0.035132 amp=0.842807)  test=1.702513 (diff=0.024130 amp=1.678383)  diff_lr=0.00e+00 amp_lr=4.43e-05
Epoch 76/300  train=0.830681 (diff=0.030430 amp=0.830681)  test=1.743269 (diff=0.071110 amp=1.672159)  diff_lr=0.00e+00 amp_lr=4.41e-05
Epoch 77/300  train=0.834810 (diff=0.033386 amp=0.834810)  test=1.718934 (diff=0.012642 amp=1.706292)  diff_lr=0.00e+00 amp_lr=4.40e-05
Epoch 78/300  train=0.848506 (diff=0.036205 amp=0.848506)  test=1.725506 (diff=0.019789 amp=1.705717)  diff_lr=0.00e+00 amp_lr=4.38e-05
Epoch 79/300  train=0.831144 (diff=0.034317 amp=0.831144)  test=1.722870 (diff=0.031605 amp=1.691265)  diff_lr=0.00e+00 amp_lr=4.37e-05
Epoch 80/300  train=0.825665 (diff=0.033019 amp=0.825665)  test=1.830042 (diff=0.087520 amp=1.742522)  diff_lr=0.00e+00 amp_lr=4.35e-05
  [TwoStep] note_level: mean=-1.9766, std=1.8009 | residual: std=2.7357, L1=3.6893 | note_aux_loss=0.2864 | gt_amp: std=1.1029
Epoch 81/300  train=0.821524 (diff=0.033502 amp=0.821524)  test=1.732656 (diff=0.027363 amp=1.705293)  diff_lr=0.00e+00 amp_lr=4.34e-05
Epoch 82/300  train=0.811465 (diff=0.037313 amp=0.811465)  test=1.732198 (diff=0.016396 amp=1.715802)  diff_lr=0.00e+00 amp_lr=4.32e-05
Epoch 83/300  train=0.824635 (diff=0.034153 amp=0.824635)  test=1.709128 (diff=0.040326 amp=1.668802)  diff_lr=0.00e+00 amp_lr=4.31e-05
Epoch 84/300  train=0.822883 (diff=0.035480 amp=0.822883)  test=1.803938 (diff=0.021373 amp=1.782565)  diff_lr=0.00e+00 amp_lr=4.29e-05
Epoch 85/300  train=0.822718 (diff=0.033516 amp=0.822718)  test=1.710099 (diff=0.020309 amp=1.689790)  diff_lr=0.00e+00 amp_lr=4.27e-05
Epoch 86/300  train=0.832235 (diff=0.033264 amp=0.832235)  test=1.814955 (diff=0.029416 amp=1.785539)  diff_lr=0.00e+00 amp_lr=4.26e-05
Epoch 87/300  train=0.828090 (diff=0.034139 amp=0.828090)  test=1.741501 (diff=0.027316 amp=1.714186)  diff_lr=0.00e+00 amp_lr=4.24e-05
Epoch 88/300  train=0.820134 (diff=0.034365 amp=0.820134)  test=1.768150 (diff=0.028857 amp=1.739292)  diff_lr=0.00e+00 amp_lr=4.23e-05
Epoch 89/300  train=0.832345 (diff=0.033612 amp=0.832345)  test=1.725190 (diff=0.023790 amp=1.701400)  diff_lr=0.00e+00 amp_lr=4.21e-05
Epoch 90/300  train=0.838004 (diff=0.034545 amp=0.838004)  test=1.782634 (diff=0.013107 amp=1.769527)  diff_lr=0.00e+00 amp_lr=4.19e-05
  [TwoStep] note_level: mean=-2.0005, std=1.8200 | residual: std=2.6768, L1=3.5694 | note_aux_loss=0.2879 | gt_amp: std=1.1029
Epoch 91/300  train=0.804987 (diff=0.032424 amp=0.804987)  test=1.764890 (diff=0.016663 amp=1.748227)  diff_lr=0.00e+00 amp_lr=4.18e-05
Epoch 92/300  train=0.810091 (diff=0.032837 amp=0.810091)  test=1.684494 (diff=0.014194 amp=1.670300)  diff_lr=0.00e+00 amp_lr=4.16e-05
Epoch 93/300  train=0.808808 (diff=0.032306 amp=0.808808)  test=1.738194 (diff=0.012637 amp=1.725558)  diff_lr=0.00e+00 amp_lr=4.14e-05
Epoch 94/300  train=0.814786 (diff=0.032433 amp=0.814786)  test=1.814944 (diff=0.034083 amp=1.780861)  diff_lr=0.00e+00 amp_lr=4.12e-05
Epoch 95/300  train=0.805178 (diff=0.032619 amp=0.805178)  test=1.692086 (diff=0.022959 amp=1.669127)  diff_lr=0.00e+00 amp_lr=4.11e-05
Epoch 96/300  train=0.820219 (diff=0.031716 amp=0.820219)  test=1.790659 (diff=0.020561 amp=1.770098)  diff_lr=0.00e+00 amp_lr=4.09e-05
Epoch 97/300  train=0.805492 (diff=0.032092 amp=0.805492)  test=1.740163 (diff=0.025804 amp=1.714360)  diff_lr=0.00e+00 amp_lr=4.07e-05
Epoch 98/300  train=0.806757 (diff=0.034324 amp=0.806757)  test=1.832916 (diff=0.017007 amp=1.815909)  diff_lr=0.00e+00 amp_lr=4.05e-05
Epoch 99/300  train=0.821719 (diff=0.031607 amp=0.821719)  test=1.728464 (diff=0.024824 amp=1.703640)  diff_lr=0.00e+00 amp_lr=4.04e-05
Epoch 100/300  train=0.817428 (diff=0.036607 amp=0.817428)  test=1.711739 (diff=0.029597 amp=1.682141)  diff_lr=0.00e+00 amp_lr=4.02e-05
  [TwoStep] note_level: mean=-2.0221, std=1.7782 | residual: std=2.8028, L1=3.7716 | note_aux_loss=0.3283 | gt_amp: std=1.1029
Epoch 101/300  train=0.806740 (diff=0.031716 amp=0.806740)  test=1.782384 (diff=0.028854 amp=1.753530)  diff_lr=0.00e+00 amp_lr=4.00e-05
Epoch 102/300  train=0.798220 (diff=0.033659 amp=0.798220)  test=1.642271 (diff=0.031447 amp=1.610823)  diff_lr=0.00e+00 amp_lr=3.98e-05
  -> New best test_loss=1.642271
  -> New best test_amp_loss=1.610823, saved amp_predictor
Epoch 103/300  train=0.812614 (diff=0.034487 amp=0.812614)  test=1.818627 (diff=0.036943 amp=1.781684)  diff_lr=0.00e+00 amp_lr=3.96e-05
Epoch 104/300  train=0.807119 (diff=0.034256 amp=0.807119)  test=1.741716 (diff=0.020655 amp=1.721062)  diff_lr=0.00e+00 amp_lr=3.95e-05
Epoch 105/300  train=0.803922 (diff=0.034005 amp=0.803922)  test=1.795119 (diff=0.024166 amp=1.770953)  diff_lr=0.00e+00 amp_lr=3.93e-05
Epoch 106/300  train=0.806306 (diff=0.033096 amp=0.806306)  test=1.710624 (diff=0.033221 amp=1.677403)  diff_lr=0.00e+00 amp_lr=3.91e-05
Epoch 107/300  train=0.790634 (diff=0.033618 amp=0.790634)  test=1.753759 (diff=0.046369 amp=1.707390)  diff_lr=0.00e+00 amp_lr=3.89e-05
Epoch 108/300  train=0.798613 (diff=0.033013 amp=0.798613)  test=1.810552 (diff=0.010417 amp=1.800135)  diff_lr=0.00e+00 amp_lr=3.87e-05
Epoch 109/300  train=0.804523 (diff=0.034431 amp=0.804523)  test=1.679645 (diff=0.022930 amp=1.656715)  diff_lr=0.00e+00 amp_lr=3.85e-05
Epoch 110/300  train=0.805584 (diff=0.034389 amp=0.805584)  test=1.801048 (diff=0.020672 amp=1.780375)  diff_lr=0.00e+00 amp_lr=3.83e-05
  [TwoStep] note_level: mean=-1.9737, std=1.8083 | residual: std=2.6856, L1=3.5941 | note_aux_loss=0.2717 | gt_amp: std=1.1029
Epoch 111/300  train=0.801429 (diff=0.034212 amp=0.801429)  test=1.736541 (diff=0.011918 amp=1.724624)  diff_lr=0.00e+00 amp_lr=3.81e-05
Epoch 112/300  train=0.811551 (diff=0.033339 amp=0.811551)  test=1.750585 (diff=0.019122 amp=1.731463)  diff_lr=0.00e+00 amp_lr=3.79e-05
Epoch 113/300  train=0.798957 (diff=0.036039 amp=0.798957)  test=1.725383 (diff=0.021029 amp=1.704355)  diff_lr=0.00e+00 amp_lr=3.78e-05
Epoch 114/300  train=0.796336 (diff=0.034552 amp=0.796336)  test=1.694524 (diff=0.029015 amp=1.665509)  diff_lr=0.00e+00 amp_lr=3.76e-05
Epoch 115/300  train=0.802506 (diff=0.031480 amp=0.802506)  test=1.696611 (diff=0.019426 amp=1.677185)  diff_lr=0.00e+00 amp_lr=3.74e-05
Epoch 116/300  train=0.782241 (diff=0.033710 amp=0.782241)  test=1.806163 (diff=0.030787 amp=1.775376)  diff_lr=0.00e+00 amp_lr=3.72e-05
Epoch 117/300  train=0.793626 (diff=0.032952 amp=0.793626)  test=1.727371 (diff=0.033110 amp=1.694261)  diff_lr=0.00e+00 amp_lr=3.70e-05
Epoch 118/300  train=0.789839 (diff=0.032843 amp=0.789839)  test=1.721556 (diff=0.023808 amp=1.697748)  diff_lr=0.00e+00 amp_lr=3.68e-05
Epoch 119/300  train=0.791040 (diff=0.032586 amp=0.791040)  test=1.756515 (diff=0.022241 amp=1.734275)  diff_lr=0.00e+00 amp_lr=3.66e-05
Epoch 120/300  train=0.797422 (diff=0.033707 amp=0.797422)  test=1.749060 (diff=0.021258 amp=1.727803)  diff_lr=0.00e+00 amp_lr=3.64e-05
  [TwoStep] note_level: mean=-2.0014, std=1.7959 | residual: std=2.7450, L1=3.6877 | note_aux_loss=0.2980 | gt_amp: std=1.1029
Epoch 121/300  train=0.790729 (diff=0.032951 amp=0.790729)  test=1.700618 (diff=0.015176 amp=1.685442)  diff_lr=0.00e+00 amp_lr=3.62e-05
Epoch 122/300  train=0.787008 (diff=0.033305 amp=0.787008)  test=1.824515 (diff=0.014358 amp=1.810158)  diff_lr=0.00e+00 amp_lr=3.60e-05
Epoch 123/300  train=0.782748 (diff=0.032046 amp=0.782748)  test=1.711825 (diff=0.026212 amp=1.685613)  diff_lr=0.00e+00 amp_lr=3.58e-05
Epoch 124/300  train=0.798488 (diff=0.033169 amp=0.798488)  test=1.796354 (diff=0.041907 amp=1.754446)  diff_lr=0.00e+00 amp_lr=3.56e-05
Epoch 125/300  train=0.808673 (diff=0.033106 amp=0.808673)  test=1.759835 (diff=0.033971 amp=1.725864)  diff_lr=0.00e+00 amp_lr=3.54e-05
Epoch 126/300  train=0.780099 (diff=0.032763 amp=0.780099)  test=1.712016 (diff=0.017935 amp=1.694081)  diff_lr=0.00e+00 amp_lr=3.52e-05
Epoch 127/300  train=0.792751 (diff=0.034298 amp=0.792751)  test=1.698475 (diff=0.032742 amp=1.665733)  diff_lr=0.00e+00 amp_lr=3.50e-05
Epoch 128/300  train=0.776479 (diff=0.034580 amp=0.776479)  test=1.730279 (diff=0.019847 amp=1.710432)  diff_lr=0.00e+00 amp_lr=3.48e-05
Epoch 129/300  train=0.782377 (diff=0.034569 amp=0.782377)  test=1.838949 (diff=0.033972 amp=1.804977)  diff_lr=0.00e+00 amp_lr=3.46e-05
Epoch 130/300  train=0.782845 (diff=0.032979 amp=0.782845)  test=1.728602 (diff=0.014991 amp=1.713612)  diff_lr=0.00e+00 amp_lr=3.44e-05
  [TwoStep] note_level: mean=-2.0076, std=1.7822 | residual: std=2.8221, L1=3.7848 | note_aux_loss=0.3107 | gt_amp: std=1.1029
Epoch 131/300  train=0.797915 (diff=0.032813 amp=0.797915)  test=1.750298 (diff=0.021731 amp=1.728567)  diff_lr=0.00e+00 amp_lr=3.42e-05
Epoch 132/300  train=0.779149 (diff=0.034660 amp=0.779149)  test=1.739534 (diff=0.022904 amp=1.716630)  diff_lr=0.00e+00 amp_lr=3.40e-05
Epoch 133/300  train=0.783806 (diff=0.034317 amp=0.783806)  test=1.703114 (diff=0.028635 amp=1.674479)  diff_lr=0.00e+00 amp_lr=3.37e-05
Epoch 134/300  train=0.776647 (diff=0.034310 amp=0.776647)  test=1.786128 (diff=0.021988 amp=1.764140)  diff_lr=0.00e+00 amp_lr=3.35e-05
Epoch 135/300  train=0.780325 (diff=0.033045 amp=0.780325)  test=1.859901 (diff=0.018897 amp=1.841005)  diff_lr=0.00e+00 amp_lr=3.33e-05
Epoch 136/300  train=0.777185 (diff=0.033182 amp=0.777185)  test=1.778086 (diff=0.043394 amp=1.734692)  diff_lr=0.00e+00 amp_lr=3.31e-05
Epoch 137/300  train=0.774427 (diff=0.034754 amp=0.774427)  test=1.884106 (diff=0.056858 amp=1.827248)  diff_lr=0.00e+00 amp_lr=3.29e-05
Epoch 138/300  train=0.776770 (diff=0.035483 amp=0.776770)  test=1.740534 (diff=0.046220 amp=1.694314)  diff_lr=0.00e+00 amp_lr=3.27e-05
Epoch 139/300  train=0.787966 (diff=0.034109 amp=0.787966)  test=1.740599 (diff=0.017200 amp=1.723399)  diff_lr=0.00e+00 amp_lr=3.25e-05
Epoch 140/300  train=0.786076 (diff=0.034398 amp=0.786076)  test=1.709621 (diff=0.045533 amp=1.664088)  diff_lr=0.00e+00 amp_lr=3.23e-05
  [TwoStep] note_level: mean=-1.9939, std=1.7999 | residual: std=2.8184, L1=3.8325 | note_aux_loss=0.2887 | gt_amp: std=1.1029
Epoch 141/300  train=0.776451 (diff=0.032583 amp=0.776451)  test=1.781842 (diff=0.039565 amp=1.742278)  diff_lr=0.00e+00 amp_lr=3.21e-05
Epoch 142/300  train=0.774235 (diff=0.032474 amp=0.774235)  test=1.702938 (diff=0.028092 amp=1.674845)  diff_lr=0.00e+00 amp_lr=3.19e-05
Epoch 143/300  train=0.782692 (diff=0.031883 amp=0.782692)  test=1.728106 (diff=0.038391 amp=1.689716)  diff_lr=0.00e+00 amp_lr=3.17e-05
Epoch 144/300  train=0.774969 (diff=0.034657 amp=0.774969)  test=1.774324 (diff=0.030841 amp=1.743483)  diff_lr=0.00e+00 amp_lr=3.15e-05
Epoch 145/300  train=0.784054 (diff=0.034438 amp=0.784054)  test=1.712891 (diff=0.016848 amp=1.696042)  diff_lr=0.00e+00 amp_lr=3.13e-05
Epoch 146/300  train=0.767669 (diff=0.037009 amp=0.767669)  test=1.699386 (diff=0.020646 amp=1.678740)  diff_lr=0.00e+00 amp_lr=3.10e-05
Epoch 147/300  train=0.784574 (diff=0.033654 amp=0.784574)  test=1.762328 (diff=0.018925 amp=1.743403)  diff_lr=0.00e+00 amp_lr=3.08e-05
Epoch 148/300  train=0.779566 (diff=0.033675 amp=0.779566)  test=1.780255 (diff=0.032741 amp=1.747513)  diff_lr=0.00e+00 amp_lr=3.06e-05
Epoch 149/300  train=0.772390 (diff=0.033356 amp=0.772390)  test=1.775393 (diff=0.019035 amp=1.756357)  diff_lr=0.00e+00 amp_lr=3.04e-05
Epoch 150/300  train=0.791000 (diff=0.034854 amp=0.791000)  test=1.705976 (diff=0.021773 amp=1.684203)  diff_lr=0.00e+00 amp_lr=3.02e-05
  [TwoStep] note_level: mean=-1.9810, std=1.8120 | residual: std=2.7051, L1=3.6344 | note_aux_loss=0.2713 | gt_amp: std=1.1029
Epoch 151/300  train=0.777528 (diff=0.034085 amp=0.777528)  test=1.759596 (diff=0.023114 amp=1.736482)  diff_lr=0.00e+00 amp_lr=3.00e-05
Epoch 152/300  train=0.774415 (diff=0.033100 amp=0.774415)  test=1.708756 (diff=0.030247 amp=1.678509)  diff_lr=0.00e+00 amp_lr=2.98e-05
Epoch 153/300  train=0.782988 (diff=0.033340 amp=0.782988)  test=1.749612 (diff=0.021452 amp=1.728160)  diff_lr=0.00e+00 amp_lr=2.96e-05
Epoch 154/300  train=0.765973 (diff=0.032300 amp=0.765973)  test=1.807065 (diff=0.024127 amp=1.782938)  diff_lr=0.00e+00 amp_lr=2.94e-05
Epoch 155/300  train=0.779766 (diff=0.032611 amp=0.779766)  test=1.872670 (diff=0.022991 amp=1.849679)  diff_lr=0.00e+00 amp_lr=2.92e-05
Epoch 156/300  train=0.767753 (diff=0.035460 amp=0.767753)  test=1.779314 (diff=0.016212 amp=1.763102)  diff_lr=0.00e+00 amp_lr=2.90e-05
Epoch 157/300  train=0.775777 (diff=0.032519 amp=0.775777)  test=1.785320 (diff=0.013287 amp=1.772033)  diff_lr=0.00e+00 amp_lr=2.87e-05
Epoch 158/300  train=0.768311 (diff=0.035658 amp=0.768311)  test=1.731240 (diff=0.037168 amp=1.694073)  diff_lr=0.00e+00 amp_lr=2.85e-05
Epoch 159/300  train=0.767413 (diff=0.034511 amp=0.767413)  test=1.749319 (diff=0.017937 amp=1.731382)  diff_lr=0.00e+00 amp_lr=2.83e-05
Epoch 160/300  train=0.766332 (diff=0.036469 amp=0.766332)  test=1.762262 (diff=0.009595 amp=1.752667)  diff_lr=0.00e+00 amp_lr=2.81e-05
  [TwoStep] note_level: mean=-2.0058, std=1.7931 | residual: std=2.7399, L1=3.6860 | note_aux_loss=0.3000 | gt_amp: std=1.1029
Epoch 161/300  train=0.762806 (diff=0.033088 amp=0.762806)  test=1.784818 (diff=0.019018 amp=1.765800)  diff_lr=0.00e+00 amp_lr=2.79e-05
Epoch 162/300  train=0.770766 (diff=0.033912 amp=0.770766)  test=1.789940 (diff=0.023603 amp=1.766338)  diff_lr=0.00e+00 amp_lr=2.77e-05
Epoch 163/300  train=0.767160 (diff=0.031893 amp=0.767160)  test=1.807338 (diff=0.018286 amp=1.789052)  diff_lr=0.00e+00 amp_lr=2.75e-05
Epoch 164/300  train=0.773567 (diff=0.034709 amp=0.773567)  test=1.791034 (diff=0.019491 amp=1.771543)  diff_lr=0.00e+00 amp_lr=2.73e-05
Epoch 165/300  train=0.771143 (diff=0.032942 amp=0.771143)  test=1.774798 (diff=0.021919 amp=1.752879)  diff_lr=0.00e+00 amp_lr=2.71e-05
Epoch 166/300  train=0.767166 (diff=0.034422 amp=0.767166)  test=1.803598 (diff=0.024238 amp=1.779360)  diff_lr=0.00e+00 amp_lr=2.69e-05
Epoch 167/300  train=0.761604 (diff=0.034209 amp=0.761604)  test=1.812057 (diff=0.021528 amp=1.790529)  diff_lr=0.00e+00 amp_lr=2.67e-05
Epoch 168/300  train=0.762369 (diff=0.033488 amp=0.762369)  test=1.812922 (diff=0.016148 amp=1.796775)  diff_lr=0.00e+00 amp_lr=2.65e-05
Epoch 169/300  train=0.770667 (diff=0.032923 amp=0.770667)  test=1.700988 (diff=0.022559 amp=1.678429)  diff_lr=0.00e+00 amp_lr=2.63e-05
Epoch 170/300  train=0.768104 (diff=0.031635 amp=0.768104)  test=1.724662 (diff=0.020858 amp=1.703805)  diff_lr=0.00e+00 amp_lr=2.60e-05
  [TwoStep] note_level: mean=-1.9910, std=1.8024 | residual: std=2.7232, L1=3.6796 | note_aux_loss=0.2830 | gt_amp: std=1.1029
Epoch 171/300  train=0.752251 (diff=0.035559 amp=0.752251)  test=1.718816 (diff=0.024508 amp=1.694308)  diff_lr=0.00e+00 amp_lr=2.58e-05
Epoch 172/300  train=0.765754 (diff=0.034324 amp=0.765754)  test=1.813135 (diff=0.036919 amp=1.776216)  diff_lr=0.00e+00 amp_lr=2.56e-05
Epoch 173/300  train=0.774174 (diff=0.031962 amp=0.774174)  test=1.806927 (diff=0.028925 amp=1.778002)  diff_lr=0.00e+00 amp_lr=2.54e-05
Epoch 174/300  train=0.756307 (diff=0.034346 amp=0.756307)  test=1.846225 (diff=0.040693 amp=1.805532)  diff_lr=0.00e+00 amp_lr=2.52e-05
Epoch 175/300  train=0.775347 (diff=0.035144 amp=0.775347)  test=1.880681 (diff=0.022411 amp=1.858270)  diff_lr=0.00e+00 amp_lr=2.50e-05
Epoch 176/300  train=0.756619 (diff=0.034452 amp=0.756619)  test=1.707960 (diff=0.015307 amp=1.692653)  diff_lr=0.00e+00 amp_lr=2.48e-05
Epoch 177/300  train=0.765023 (diff=0.032393 amp=0.765023)  test=1.788374 (diff=0.017969 amp=1.770405)  diff_lr=0.00e+00 amp_lr=2.46e-05
Epoch 178/300  train=0.757622 (diff=0.032244 amp=0.757622)  test=1.781116 (diff=0.020868 amp=1.760248)  diff_lr=0.00e+00 amp_lr=2.44e-05
Epoch 179/300  train=0.762891 (diff=0.033065 amp=0.762891)  test=1.802085 (diff=0.018421 amp=1.783664)  diff_lr=0.00e+00 amp_lr=2.42e-05
Epoch 180/300  train=0.761803 (diff=0.032811 amp=0.761803)  test=1.743143 (diff=0.018460 amp=1.724683)  diff_lr=0.00e+00 amp_lr=2.40e-05
  [TwoStep] note_level: mean=-1.9888, std=1.8009 | residual: std=2.6686, L1=3.6008 | note_aux_loss=0.2814 | gt_amp: std=1.1029
Epoch 181/300  train=0.749634 (diff=0.032190 amp=0.749634)  test=1.885562 (diff=0.045700 amp=1.839861)  diff_lr=0.00e+00 amp_lr=2.38e-05
Epoch 182/300  train=0.760781 (diff=0.034343 amp=0.760781)  test=1.789998 (diff=0.035573 amp=1.754425)  diff_lr=0.00e+00 amp_lr=2.36e-05
Epoch 183/300  train=0.752914 (diff=0.037261 amp=0.752914)  test=1.775206 (diff=0.016207 amp=1.759000)  diff_lr=0.00e+00 amp_lr=2.34e-05
Epoch 184/300  train=0.759195 (diff=0.033706 amp=0.759195)  test=1.753228 (diff=0.023744 amp=1.729484)  diff_lr=0.00e+00 amp_lr=2.32e-05
Epoch 185/300  train=0.756123 (diff=0.034512 amp=0.756123)  test=1.762298 (diff=0.010946 amp=1.751352)  diff_lr=0.00e+00 amp_lr=2.30e-05
Epoch 186/300  train=0.745652 (diff=0.031770 amp=0.745652)  test=1.778255 (diff=0.025243 amp=1.753012)  diff_lr=0.00e+00 amp_lr=2.28e-05
Epoch 187/300  train=0.755865 (diff=0.034535 amp=0.755865)  test=1.726015 (diff=0.007650 amp=1.718364)  diff_lr=0.00e+00 amp_lr=2.26e-05
Epoch 188/300  train=0.758015 (diff=0.033331 amp=0.758015)  test=1.777149 (diff=0.039466 amp=1.737683)  diff_lr=0.00e+00 amp_lr=2.24e-05
Epoch 189/300  train=0.756428 (diff=0.032704 amp=0.756428)  test=1.700931 (diff=0.016855 amp=1.684076)  diff_lr=0.00e+00 amp_lr=2.22e-05
Epoch 190/300  train=0.756073 (diff=0.033491 amp=0.756073)  test=1.768100 (diff=0.057520 amp=1.710581)  diff_lr=0.00e+00 amp_lr=2.21e-05
  [TwoStep] note_level: mean=-1.9716, std=1.8044 | residual: std=2.6817, L1=3.5919 | note_aux_loss=0.2682 | gt_amp: std=1.1029
Epoch 191/300  train=0.761594 (diff=0.034508 amp=0.761594)  test=1.753833 (diff=0.020304 amp=1.733529)  diff_lr=0.00e+00 amp_lr=2.19e-05
Epoch 192/300  train=0.762868 (diff=0.034221 amp=0.762868)  test=1.689209 (diff=0.013294 amp=1.675915)  diff_lr=0.00e+00 amp_lr=2.17e-05
Epoch 193/300  train=0.754551 (diff=0.033874 amp=0.754551)  test=1.772490 (diff=0.083672 amp=1.688819)  diff_lr=0.00e+00 amp_lr=2.15e-05
Epoch 194/300  train=0.763236 (diff=0.033625 amp=0.763236)  test=1.750932 (diff=0.014940 amp=1.735992)  diff_lr=0.00e+00 amp_lr=2.13e-05
Epoch 195/300  train=0.742809 (diff=0.035737 amp=0.742809)  test=1.742855 (diff=0.012246 amp=1.730609)  diff_lr=0.00e+00 amp_lr=2.11e-05
Epoch 196/300  train=0.748743 (diff=0.034020 amp=0.748743)  test=1.722457 (diff=0.023087 amp=1.699370)  diff_lr=0.00e+00 amp_lr=2.09e-05
Epoch 197/300  train=0.751863 (diff=0.034893 amp=0.751863)  test=1.802916 (diff=0.014207 amp=1.788710)  diff_lr=0.00e+00 amp_lr=2.07e-05
Epoch 198/300  train=0.744437 (diff=0.035338 amp=0.744437)  test=1.761423 (diff=0.024712 amp=1.736711)  diff_lr=0.00e+00 amp_lr=2.05e-05
Epoch 199/300  train=0.760890 (diff=0.033847 amp=0.760890)  test=1.771811 (diff=0.011430 amp=1.760381)  diff_lr=0.00e+00 amp_lr=2.04e-05
Epoch 200/300  train=0.748846 (diff=0.034905 amp=0.748846)  test=1.779639 (diff=0.015495 amp=1.764144)  diff_lr=0.00e+00 amp_lr=2.02e-05
  [TwoStep] note_level: mean=-1.9919, std=1.8037 | residual: std=2.7316, L1=3.6430 | note_aux_loss=0.2817 | gt_amp: std=1.1029
Epoch 201/300  train=0.748591 (diff=0.034104 amp=0.748591)  test=1.825526 (diff=0.024940 amp=1.800587)  diff_lr=0.00e+00 amp_lr=2.00e-05
Epoch 202/300  train=0.758888 (diff=0.034490 amp=0.758888)  test=1.775656 (diff=0.013523 amp=1.762133)  diff_lr=0.00e+00 amp_lr=1.98e-05
Epoch 203/300  train=0.752539 (diff=0.032391 amp=0.752539)  test=1.742636 (diff=0.025113 amp=1.717523)  diff_lr=0.00e+00 amp_lr=1.96e-05
Epoch 204/300  train=0.757274 (diff=0.036076 amp=0.757274)  test=1.825871 (diff=0.026898 amp=1.798973)  diff_lr=0.00e+00 amp_lr=1.95e-05
Epoch 205/300  train=0.756833 (diff=0.033111 amp=0.756833)  test=1.778857 (diff=0.029623 amp=1.749234)  diff_lr=0.00e+00 amp_lr=1.93e-05
Epoch 206/300  train=0.757954 (diff=0.034265 amp=0.757954)  test=1.841510 (diff=0.024814 amp=1.816695)  diff_lr=0.00e+00 amp_lr=1.91e-05
Epoch 207/300  train=0.749908 (diff=0.036725 amp=0.749908)  test=1.777050 (diff=0.026377 amp=1.750673)  diff_lr=0.00e+00 amp_lr=1.89e-05
Epoch 208/300  train=0.747554 (diff=0.033142 amp=0.747554)  test=1.802940 (diff=0.047793 amp=1.755147)  diff_lr=0.00e+00 amp_lr=1.88e-05
Epoch 209/300  train=0.756925 (diff=0.034496 amp=0.756925)  test=1.824111 (diff=0.020301 amp=1.803810)  diff_lr=0.00e+00 amp_lr=1.86e-05
Epoch 210/300  train=0.760932 (diff=0.035592 amp=0.760932)  test=1.770809 (diff=0.024263 amp=1.746545)  diff_lr=0.00e+00 amp_lr=1.84e-05
  [TwoStep] note_level: mean=-1.9886, std=1.8023 | residual: std=2.7536, L1=3.6817 | note_aux_loss=0.2796 | gt_amp: std=1.1029
Epoch 211/300  train=0.741122 (diff=0.033163 amp=0.741122)  test=1.808840 (diff=0.019066 amp=1.789774)  diff_lr=0.00e+00 amp_lr=1.82e-05
Epoch 212/300  train=0.750106 (diff=0.032875 amp=0.750106)  test=1.845657 (diff=0.028458 amp=1.817199)  diff_lr=0.00e+00 amp_lr=1.81e-05
Epoch 213/300  train=0.767632 (diff=0.034830 amp=0.767632)  test=1.831244 (diff=0.018033 amp=1.813211)  diff_lr=0.00e+00 amp_lr=1.79e-05
Epoch 214/300  train=0.739496 (diff=0.033629 amp=0.739496)  test=1.781733 (diff=0.022546 amp=1.759187)  diff_lr=0.00e+00 amp_lr=1.77e-05
Epoch 215/300  train=0.740695 (diff=0.032032 amp=0.740695)  test=1.769738 (diff=0.018622 amp=1.751116)  diff_lr=0.00e+00 amp_lr=1.76e-05
Epoch 216/300  train=0.747854 (diff=0.033784 amp=0.747854)  test=1.874691 (diff=0.029939 amp=1.844752)  diff_lr=0.00e+00 amp_lr=1.74e-05
Epoch 217/300  train=0.753201 (diff=0.033817 amp=0.753201)  test=1.809530 (diff=0.020041 amp=1.789489)  diff_lr=0.00e+00 amp_lr=1.73e-05
Epoch 218/300  train=0.747131 (diff=0.032803 amp=0.747131)  test=1.884962 (diff=0.026023 amp=1.858939)  diff_lr=0.00e+00 amp_lr=1.71e-05
Epoch 219/300  train=0.753537 (diff=0.034428 amp=0.753537)  test=1.807450 (diff=0.023903 amp=1.783547)  diff_lr=0.00e+00 amp_lr=1.69e-05
Epoch 220/300  train=0.748080 (diff=0.035182 amp=0.748080)  test=1.829414 (diff=0.025277 amp=1.804136)  diff_lr=0.00e+00 amp_lr=1.68e-05
  [TwoStep] note_level: mean=-1.9747, std=1.8001 | residual: std=2.7480, L1=3.6974 | note_aux_loss=0.2707 | gt_amp: std=1.1029
Epoch 221/300  train=0.743942 (diff=0.032175 amp=0.743942)  test=1.865861 (diff=0.094688 amp=1.771173)  diff_lr=0.00e+00 amp_lr=1.66e-05
Epoch 222/300  train=0.740726 (diff=0.035768 amp=0.740726)  test=1.799441 (diff=0.032374 amp=1.767067)  diff_lr=0.00e+00 amp_lr=1.65e-05
Epoch 223/300  train=0.753459 (diff=0.033512 amp=0.753459)  test=1.829552 (diff=0.027039 amp=1.802513)  diff_lr=0.00e+00 amp_lr=1.63e-05
Epoch 224/300  train=0.749758 (diff=0.034044 amp=0.749758)  test=1.906281 (diff=0.018778 amp=1.887503)  diff_lr=0.00e+00 amp_lr=1.62e-05
Epoch 225/300  train=0.745613 (diff=0.031718 amp=0.745613)  test=1.859831 (diff=0.020250 amp=1.839582)  diff_lr=0.00e+00 amp_lr=1.60e-05
Epoch 226/300  train=0.744290 (diff=0.033465 amp=0.744290)  test=1.811373 (diff=0.017011 amp=1.794361)  diff_lr=0.00e+00 amp_lr=1.59e-05
Epoch 227/300  train=0.745277 (diff=0.032913 amp=0.745277)  test=1.816002 (diff=0.030328 amp=1.785674)  diff_lr=0.00e+00 amp_lr=1.57e-05
Epoch 228/300  train=0.744096 (diff=0.034507 amp=0.744096)  test=1.885142 (diff=0.017825 amp=1.867318)  diff_lr=0.00e+00 amp_lr=1.56e-05
Epoch 229/300  train=0.743732 (diff=0.033683 amp=0.743732)  test=1.840325 (diff=0.021574 amp=1.818751)  diff_lr=0.00e+00 amp_lr=1.54e-05
Epoch 230/300  train=0.757133 (diff=0.034467 amp=0.757133)  test=1.826209 (diff=0.063895 amp=1.762313)  diff_lr=0.00e+00 amp_lr=1.53e-05
  [TwoStep] note_level: mean=-1.9675, std=1.8080 | residual: std=2.7889, L1=3.7196 | note_aux_loss=0.2613 | gt_amp: std=1.1029
Epoch 231/300  train=0.750616 (diff=0.034091 amp=0.750616)  test=1.785296 (diff=0.033657 amp=1.751639)  diff_lr=0.00e+00 amp_lr=1.51e-05
Epoch 232/300  train=0.741388 (diff=0.033198 amp=0.741388)  test=1.773167 (diff=0.032220 amp=1.740946)  diff_lr=0.00e+00 amp_lr=1.50e-05
Epoch 233/300  train=0.752915 (diff=0.033829 amp=0.752915)  test=1.777636 (diff=0.029236 amp=1.748400)  diff_lr=0.00e+00 amp_lr=1.49e-05
Epoch 234/300  train=0.737956 (diff=0.034932 amp=0.737956)  test=1.829250 (diff=0.014316 amp=1.814935)  diff_lr=0.00e+00 amp_lr=1.47e-05
Epoch 235/300  train=0.739192 (diff=0.034655 amp=0.739192)  test=1.814505 (diff=0.020257 amp=1.794248)  diff_lr=0.00e+00 amp_lr=1.46e-05
Epoch 236/300  train=0.740622 (diff=0.033433 amp=0.740622)  test=1.854894 (diff=0.018200 amp=1.836694)  diff_lr=0.00e+00 amp_lr=1.45e-05
Epoch 237/300  train=0.748130 (diff=0.035329 amp=0.748130)  test=1.834136 (diff=0.018438 amp=1.815698)  diff_lr=0.00e+00 amp_lr=1.43e-05
Epoch 238/300  train=0.734775 (diff=0.033476 amp=0.734775)  test=1.758552 (diff=0.018727 amp=1.739826)  diff_lr=0.00e+00 amp_lr=1.42e-05
Epoch 239/300  train=0.736795 (diff=0.032547 amp=0.736795)  test=1.779762 (diff=0.028229 amp=1.751534)  diff_lr=0.00e+00 amp_lr=1.41e-05
Epoch 240/300  train=0.750470 (diff=0.035531 amp=0.750470)  test=1.750594 (diff=0.022007 amp=1.728587)  diff_lr=0.00e+00 amp_lr=1.39e-05
  [TwoStep] note_level: mean=-2.0042, std=1.8070 | residual: std=2.7294, L1=3.6409 | note_aux_loss=0.2878 | gt_amp: std=1.1029
Epoch 241/300  train=0.725643 (diff=0.033505 amp=0.725643)  test=1.868897 (diff=0.027081 amp=1.841815)  diff_lr=0.00e+00 amp_lr=1.38e-05
Epoch 242/300  train=0.741086 (diff=0.033979 amp=0.741086)  test=1.843545 (diff=0.035252 amp=1.808293)  diff_lr=0.00e+00 amp_lr=1.37e-05
Epoch 243/300  train=0.750681 (diff=0.031397 amp=0.750681)  test=1.836577 (diff=0.018826 amp=1.817751)  diff_lr=0.00e+00 amp_lr=1.36e-05
Epoch 244/300  train=0.737015 (diff=0.033733 amp=0.737015)  test=1.878982 (diff=0.022021 amp=1.856961)  diff_lr=0.00e+00 amp_lr=1.35e-05
Epoch 245/300  train=0.739825 (diff=0.033633 amp=0.739825)  test=1.863308 (diff=0.019959 amp=1.843349)  diff_lr=0.00e+00 amp_lr=1.33e-05
Epoch 246/300  train=0.737737 (diff=0.032422 amp=0.737737)  test=1.787769 (diff=0.013493 amp=1.774277)  diff_lr=0.00e+00 amp_lr=1.32e-05
Epoch 247/300  train=0.741139 (diff=0.032691 amp=0.741139)  test=1.780684 (diff=0.038234 amp=1.742451)  diff_lr=0.00e+00 amp_lr=1.31e-05
Epoch 248/300  train=0.744410 (diff=0.031332 amp=0.744410)  test=1.775543 (diff=0.015246 amp=1.760297)  diff_lr=0.00e+00 amp_lr=1.30e-05
Epoch 249/300  train=0.743888 (diff=0.034481 amp=0.743888)  test=1.792268 (diff=0.028861 amp=1.763407)  diff_lr=0.00e+00 amp_lr=1.29e-05
Epoch 250/300  train=0.750479 (diff=0.034832 amp=0.750479)  test=1.818445 (diff=0.040332 amp=1.778113)  diff_lr=0.00e+00 amp_lr=1.28e-05
  [TwoStep] note_level: mean=-2.0039, std=1.8024 | residual: std=2.7733, L1=3.7080 | note_aux_loss=0.2906 | gt_amp: std=1.1029
Epoch 251/300  train=0.745589 (diff=0.032232 amp=0.745589)  test=1.843248 (diff=0.022091 amp=1.821158)  diff_lr=0.00e+00 amp_lr=1.27e-05
Epoch 252/300  train=0.745786 (diff=0.031710 amp=0.745786)  test=1.817617 (diff=0.028344 amp=1.789273)  diff_lr=0.00e+00 amp_lr=1.26e-05
Epoch 253/300  train=0.739002 (diff=0.034375 amp=0.739002)  test=1.797326 (diff=0.026036 amp=1.771290)  diff_lr=0.00e+00 amp_lr=1.25e-05
Epoch 254/300  train=0.749883 (diff=0.031474 amp=0.749883)  test=1.856872 (diff=0.020721 amp=1.836151)  diff_lr=0.00e+00 amp_lr=1.24e-05
Epoch 255/300  train=0.742161 (diff=0.033054 amp=0.742161)  test=1.747989 (diff=0.020730 amp=1.727259)  diff_lr=0.00e+00 amp_lr=1.23e-05
Epoch 256/300  train=0.743764 (diff=0.032498 amp=0.743764)  test=1.780362 (diff=0.022544 amp=1.757818)  diff_lr=0.00e+00 amp_lr=1.22e-05
Epoch 257/300  train=0.734549 (diff=0.033399 amp=0.734549)  test=1.770276 (diff=0.021354 amp=1.748922)  diff_lr=0.00e+00 amp_lr=1.21e-05
Epoch 258/300  train=0.732732 (diff=0.032999 amp=0.732732)  test=1.808278 (diff=0.019331 amp=1.788948)  diff_lr=0.00e+00 amp_lr=1.20e-05
Epoch 259/300  train=0.746838 (diff=0.033311 amp=0.746838)  test=1.758413 (diff=0.019813 amp=1.738600)  diff_lr=0.00e+00 amp_lr=1.19e-05
Epoch 260/300  train=0.750972 (diff=0.034567 amp=0.750972)  test=1.781900 (diff=0.022563 amp=1.759337)  diff_lr=0.00e+00 amp_lr=1.18e-05
  [TwoStep] note_level: mean=-2.0003, std=1.7983 | residual: std=2.7682, L1=3.7188 | note_aux_loss=0.2905 | gt_amp: std=1.1029
Epoch 261/300  train=0.749150 (diff=0.034621 amp=0.749150)  test=1.758801 (diff=0.028764 amp=1.730037)  diff_lr=0.00e+00 amp_lr=1.17e-05
Epoch 262/300  train=0.737302 (diff=0.035272 amp=0.737302)  test=1.754192 (diff=0.021575 amp=1.732617)  diff_lr=0.00e+00 amp_lr=1.16e-05
Epoch 263/300  train=0.735022 (diff=0.036620 amp=0.735022)  test=1.769490 (diff=0.038477 amp=1.731013)  diff_lr=0.00e+00 amp_lr=1.16e-05
Epoch 264/300  train=0.742990 (diff=0.033352 amp=0.742990)  test=1.824219 (diff=0.031486 amp=1.792733)  diff_lr=0.00e+00 amp_lr=1.15e-05
Epoch 265/300  train=0.741044 (diff=0.035303 amp=0.741044)  test=1.764338 (diff=0.031401 amp=1.732937)  diff_lr=0.00e+00 amp_lr=1.14e-05
Epoch 266/300  train=0.737659 (diff=0.032662 amp=0.737659)  test=1.798795 (diff=0.021970 amp=1.776824)  diff_lr=0.00e+00 amp_lr=1.13e-05
Epoch 267/300  train=0.729073 (diff=0.032882 amp=0.729073)  test=1.764631 (diff=0.033072 amp=1.731559)  diff_lr=0.00e+00 amp_lr=1.13e-05
Epoch 268/300  train=0.741636 (diff=0.032907 amp=0.741636)  test=1.742601 (diff=0.023686 amp=1.718916)  diff_lr=0.00e+00 amp_lr=1.12e-05
Epoch 269/300  train=0.743424 (diff=0.032406 amp=0.743424)  test=1.808258 (diff=0.047491 amp=1.760766)  diff_lr=0.00e+00 amp_lr=1.11e-05
Epoch 270/300  train=0.748268 (diff=0.035329 amp=0.748268)  test=1.822094 (diff=0.063693 amp=1.758401)  diff_lr=0.00e+00 amp_lr=1.10e-05
  [TwoStep] note_level: mean=-1.9950, std=1.8127 | residual: std=2.7726, L1=3.7091 | note_aux_loss=0.2767 | gt_amp: std=1.1029
Epoch 271/300  train=0.744527 (diff=0.032367 amp=0.744527)  test=1.756436 (diff=0.011960 amp=1.744475)  diff_lr=0.00e+00 amp_lr=1.10e-05
Epoch 272/300  train=0.742157 (diff=0.031416 amp=0.742157)  test=1.810193 (diff=0.010823 amp=1.799370)  diff_lr=0.00e+00 amp_lr=1.09e-05
Epoch 273/300  train=0.736206 (diff=0.033799 amp=0.736206)  test=1.790915 (diff=0.018167 amp=1.772748)  diff_lr=0.00e+00 amp_lr=1.09e-05
Epoch 274/300  train=0.729361 (diff=0.034961 amp=0.729361)  test=1.755859 (diff=0.013865 amp=1.741993)  diff_lr=0.00e+00 amp_lr=1.08e-05
Epoch 275/300  train=0.726577 (diff=0.033284 amp=0.726577)  test=1.764828 (diff=0.027413 amp=1.737415)  diff_lr=0.00e+00 amp_lr=1.07e-05
Epoch 276/300  train=0.742898 (diff=0.033240 amp=0.742898)  test=1.794840 (diff=0.020983 amp=1.773856)  diff_lr=0.00e+00 amp_lr=1.07e-05
Epoch 277/300  train=0.731910 (diff=0.033448 amp=0.731910)  test=1.732275 (diff=0.009247 amp=1.723028)  diff_lr=0.00e+00 amp_lr=1.06e-05
Epoch 278/300  train=0.745008 (diff=0.034102 amp=0.745008)  test=1.760444 (diff=0.030676 amp=1.729768)  diff_lr=0.00e+00 amp_lr=1.06e-05
Epoch 279/300  train=0.731328 (diff=0.032694 amp=0.731328)  test=1.723612 (diff=0.016593 amp=1.707020)  diff_lr=0.00e+00 amp_lr=1.05e-05
Epoch 280/300  train=0.737079 (diff=0.035522 amp=0.737079)  test=1.756306 (diff=0.026744 amp=1.729562)  diff_lr=0.00e+00 amp_lr=1.05e-05
  [TwoStep] note_level: mean=-1.9919, std=1.8017 | residual: std=2.7874, L1=3.7553 | note_aux_loss=0.2814 | gt_amp: std=1.1029
Epoch 281/300  train=0.749001 (diff=0.036452 amp=0.749001)  test=1.745350 (diff=0.032381 amp=1.712969)  diff_lr=0.00e+00 amp_lr=1.04e-05
Epoch 282/300  train=0.740673 (diff=0.035421 amp=0.740673)  test=1.805429 (diff=0.019626 amp=1.785804)  diff_lr=0.00e+00 amp_lr=1.04e-05
Epoch 283/300  train=0.743942 (diff=0.033755 amp=0.743942)  test=1.791283 (diff=0.029450 amp=1.761833)  diff_lr=0.00e+00 amp_lr=1.04e-05
Epoch 284/300  train=0.743040 (diff=0.033888 amp=0.743040)  test=1.802785 (diff=0.024277 amp=1.778508)  diff_lr=0.00e+00 amp_lr=1.03e-05
Epoch 285/300  train=0.735884 (diff=0.034802 amp=0.735884)  test=1.799997 (diff=0.027474 amp=1.772523)  diff_lr=0.00e+00 amp_lr=1.03e-05
Epoch 286/300  train=0.727099 (diff=0.035127 amp=0.727099)  test=1.806271 (diff=0.014768 amp=1.791503)  diff_lr=0.00e+00 amp_lr=1.02e-05
Epoch 287/300  train=0.726212 (diff=0.034943 amp=0.726212)  test=1.866475 (diff=0.013940 amp=1.852535)  diff_lr=0.00e+00 amp_lr=1.02e-05
Epoch 288/300  train=0.734746 (diff=0.032695 amp=0.734746)  test=1.822289 (diff=0.022414 amp=1.799875)  diff_lr=0.00e+00 amp_lr=1.02e-05
Epoch 289/300  train=0.738779 (diff=0.032784 amp=0.738779)  test=1.860414 (diff=0.022908 amp=1.837506)  diff_lr=0.00e+00 amp_lr=1.02e-05
Epoch 290/300  train=0.730277 (diff=0.032735 amp=0.730277)  test=1.803232 (diff=0.027580 amp=1.775651)  diff_lr=0.00e+00 amp_lr=1.01e-05
  [TwoStep] note_level: mean=-1.9832, std=1.8017 | residual: std=2.7482, L1=3.6676 | note_aux_loss=0.2754 | gt_amp: std=1.1029
Epoch 291/300  train=0.739992 (diff=0.032238 amp=0.739992)  test=1.825516 (diff=0.025456 amp=1.800060)  diff_lr=0.00e+00 amp_lr=1.01e-05
Epoch 292/300  train=0.733606 (diff=0.036331 amp=0.733606)  test=1.799420 (diff=0.016769 amp=1.782650)  diff_lr=0.00e+00 amp_lr=1.01e-05
Epoch 293/300  train=0.741044 (diff=0.037668 amp=0.741044)  test=1.766323 (diff=0.015297 amp=1.751026)  diff_lr=0.00e+00 amp_lr=1.01e-05
Epoch 294/300  train=0.735358 (diff=0.033822 amp=0.735358)  test=1.808289 (diff=0.033563 amp=1.774726)  diff_lr=0.00e+00 amp_lr=1.01e-05
Epoch 295/300  train=0.731069 (diff=0.035031 amp=0.731069)  test=1.807869 (diff=0.033507 amp=1.774362)  diff_lr=0.00e+00 amp_lr=1.00e-05
Epoch 296/300  train=0.739518 (diff=0.033071 amp=0.739518)  test=1.770043 (diff=0.014879 amp=1.755163)  diff_lr=0.00e+00 amp_lr=1.00e-05
Epoch 297/300  train=0.736985 (diff=0.034816 amp=0.736985)  test=1.826990 (diff=0.026252 amp=1.800738)  diff_lr=0.00e+00 amp_lr=1.00e-05
Epoch 298/300  train=0.729722 (diff=0.034574 amp=0.729722)  test=1.808027 (diff=0.028586 amp=1.779440)  diff_lr=0.00e+00 amp_lr=1.00e-05
Epoch 299/300  train=0.739297 (diff=0.033855 amp=0.739297)  test=1.777495 (diff=0.016052 amp=1.761443)  diff_lr=0.00e+00 amp_lr=1.00e-05
Epoch 300/300  train=0.735661 (diff=0.034148 amp=0.735661)  test=1.781261 (diff=0.020509 amp=1.760752)  diff_lr=0.00e+00 amp_lr=1.00e-05
  [TwoStep] note_level: mean=-1.9754, std=1.8070 | residual: std=2.7249, L1=3.6448 | note_aux_loss=0.2666 | gt_amp: std=1.1029

Training complete.
exp048 training complete at: Sun Mar 29 18:33:34     2026
==========================================
Evaluating exp048
==========================================
usage: evaluate.py [-h] [--checkpoint_dir CHECKPOINT_DIR]
                   [--mode {baseline,diffusion,both}] [--n_samples N_SAMPLES]
                   [--ddim_steps DDIM_STEPS] [--eta ETA] [--output OUTPUT]
                   [--residual_scale RESIDUAL_SCALE] [--config CONFIG]
                   [--max_test_tracks MAX_TEST_TRACKS]
evaluate.py: error: unrecognized arguments: --diffusion_checkpoint experiments/checkpoints/exp034/diffusion_best_ema.pt
