=== exp009: Evaluating diffusion (eta=1.0, n_samples=5) ===
Device: cuda
Test tracks: 15

--- Evaluating Baseline ---
{
  "baseline_rpa": {
    "mean": 0.9713685894310086,
    "std": 0.02379642147553425,
    "min": 0.8935664734391333,
    "max": 0.9896858884200657
  },
  "baseline_f0_mae": {
    "mean": 16.39490623474121,
    "std": 3.02308463952469,
    "min": 12.181537628173828,
    "max": 22.72052001953125
  },
  "baseline_amp_corr": {
    "mean": 0.6454484693104038,
    "std": 0.18415941870590657,
    "min": 0.28676752445840514,
    "max": 0.8783912371793564
  },
  "baseline_amp_rmse_log": {
    "mean": 0.7379309495290121,
    "std": 0.1590150135709954,
    "min": 0.5264824628829956,
    "max": 1.039360761642456
  },
  "baseline_vde_mean": {
    "mean": 8.335156993455033,
    "std": 2.7786190661449854,
    "min": 2.662921697678706,
    "max": 12.231777259262524
  },
  "baseline_vre_mean": {
    "mean": 0.8797696095315721,
    "std": 0.22988423819462722,
    "min": 0.4637404374266793,
    "max": 1.2501153917060512
  },
  "baseline_n_vibrato_notes": {
    "mean": 40.46666666666667,
    "std": 26.209073916404513,
    "min": 10.0,
    "max": 82.0
  }
}

--- Evaluating Diffusion ---
{
  "diffusion_rpa_mean": {
    "mean": 0.9406822800730669,
    "std": 0.0405412900241651,
    "min": 0.8506432381550049,
    "max": 0.9873234154269284
  },
  "diffusion_rpa_oracle": {
    "mean": 0.958803013301721,
    "std": 0.028342647406637264,
    "min": 0.9014747411358645,
    "max": 0.9897487185898237
  },
  "diffusion_f0_mae_mean": {
    "mean": 21.981762924194335,
    "std": 5.896910609017226,
    "min": 14.149794006347657,
    "max": 32.36853103637695
  },
  "diffusion_f0_mae_oracle": {
    "mean": 18.977892303466795,
    "std": 5.183184530668859,
    "min": 13.7606840133667,
    "max": 28.989566802978516
  },
  "diffusion_amp_corr_mean": {
    "mean": 0.5811326758484864,
    "std": 0.23991595692445647,
    "min": 0.11384561809264512,
    "max": 0.8244660836347231
  },
  "diffusion_amp_corr_oracle": {
    "mean": 0.6122693836114729,
    "std": 0.20178477060641098,
    "min": 0.16030636302891046,
    "max": 0.845033341454981
  },
  "diffusion_amp_rmse_log_mean": {
    "mean": 0.9424517639478046,
    "std": 0.33469181166982626,
    "min": 0.5683285474777222,
    "max": 1.689955973625183
  },
  "diffusion_amp_rmse_log_oracle": {
    "mean": 0.780478549003601,
    "std": 0.228771003932758,
    "min": 0.5299831628799438,
    "max": 1.424076795578003
  },
  "diffusion_vde_mean_avg": {
    "mean": 4.845869900765039,
    "std": 1.9484062055814846,
    "min": 1.3915383823791494,
    "max": 7.437261645180392
  },
  "diffusion_vde_mean_oracle": {
    "mean": 4.873884207363343,
    "std": 2.0849928665000466,
    "min": 1.5941116591245577,
    "max": 8.186284355725926
  },
  "diffusion_vre_mean_avg": {
    "mean": 0.7722598785509626,
    "std": 0.16752470023320562,
    "min": 0.4707405164044907,
    "max": 1.0309793418578734
  },
  "diffusion_vre_mean_oracle": {
    "mean": 0.7735313004241171,
    "std": 0.20460915866097237,
    "min": 0.4252756230014381,
    "max": 1.1869522012619917
  },
  "diffusion_f0_diversity_cents": {
    "mean": 7.871282863616943,
    "std": 2.6032647595047806,
    "min": 5.332859992980957,
    "max": 13.558971405029297
  },
  "diffusion_amp_diversity": {
    "mean": 0.00540769980289042,
    "std": 0.0014831465619311965,
    "min": 0.0033603894989937544,
    "max": 0.008807320147752762
  },
  "diffusion_n_vibrato_notes": {
    "mean": 59.333333333333336,
    "std": 38.79633430564743,
    "min": 11.0,
    "max": 121.0
  }
}

Results saved to experiments/results/exp009_eta10.json
=== exp009 eta=1.0 done ===
=== exp009: Evaluating diffusion (eta=0.3, n_samples=5) ===
Device: cuda
Test tracks: 15

--- Evaluating Diffusion ---
{
  "diffusion_rpa_mean": {
    "mean": 0.9419866754380043,
    "std": 0.04465826661701248,
    "min": 0.8191011235955056,
    "max": 0.9868483560445055
  },
  "diffusion_rpa_oracle": {
    "mean": 0.9646573398940478,
    "std": 0.02475693182689654,
    "min": 0.9103428625700446,
    "max": 0.9891236404550569
  },
  "diffusion_f0_mae_mean": {
    "mean": 21.108007011413573,
    "std": 5.56882225066325,
    "min": 14.511234664916993,
    "max": 31.726504135131837
  },
  "diffusion_f0_mae_oracle": {
    "mean": 17.407692591349285,
    "std": 4.403277623231377,
    "min": 13.094009399414062,
    "max": 25.970422744750977
  },
  "diffusion_amp_corr_mean": {
    "mean": 0.5711156958605177,
    "std": 0.23797664957169232,
    "min": 0.08519970018631999,
    "max": 0.8252475155978993
  },
  "diffusion_amp_corr_oracle": {
    "mean": 0.5777853903846968,
    "std": 0.23988889008625672,
    "min": 0.016322995508234576,
    "max": 0.8328172309389752
  },
  "diffusion_amp_rmse_log_mean": {
    "mean": 1.1116487328211468,
    "std": 0.31586364469257094,
    "min": 0.6709976553916931,
    "max": 1.8899867057800293
  },
  "diffusion_amp_rmse_log_oracle": {
    "mean": 0.8337905208269755,
    "std": 0.22802624750159142,
    "min": 0.5694432854652405,
    "max": 1.4512693881988525
  },
  "diffusion_vde_mean_avg": {
    "mean": 4.835016817583497,
    "std": 1.9476450038363473,
    "min": 1.2526085505641325,
    "max": 7.756628264422258
  },
  "diffusion_vde_mean_oracle": {
    "mean": 4.7190760207792,
    "std": 1.9652794359750245,
    "min": 1.021734169557149,
    "max": 8.295931218972825
  },
  "diffusion_vre_mean_avg": {
    "mean": 0.7610810735967701,
    "std": 0.12829517031539192,
    "min": 0.5526701770768374,
    "max": 1.0344489853282934
  },
  "diffusion_vre_mean_oracle": {
    "mean": 0.742838353973405,
    "std": 0.15769501192780752,
    "min": 0.4362092544090712,
    "max": 1.0671102095965594
  },
  "diffusion_f0_diversity_cents": {
    "mean": 8.920420837402343,
    "std": 2.5130612731815303,
    "min": 6.220658302307129,
    "max": 15.198299407958984
  },
  "diffusion_amp_diversity": {
    "mean": 0.009626207407563925,
    "std": 0.0035508269278593805,
    "min": 0.0036825668066740036,
    "max": 0.018019020557403564
  },
  "diffusion_n_vibrato_notes": {
    "mean": 59.333333333333336,
    "std": 38.79633430564743,
    "min": 11.0,
    "max": 121.0
  }
}

Results saved to experiments/results/exp009_eta03.json
=== exp009 eta=0.3 done ===
=== exp009: Evaluating diffusion (eta=0.0, n_samples=5) ===
Device: cuda
Test tracks: 15

--- Evaluating Diffusion ---
{
  "diffusion_rpa_mean": {
    "mean": 0.9424029830596766,
    "std": 0.038790820492558484,
    "min": 0.863316582914573,
    "max": 0.9859482435304413
  },
  "diffusion_rpa_oracle": {
    "mean": 0.9662834602122156,
    "std": 0.021328342846135124,
    "min": 0.9129072086617912,
    "max": 0.9911238904863108
  },
  "diffusion_f0_mae_mean": {
    "mean": 21.61465002695719,
    "std": 5.473013630105898,
    "min": 14.152679824829102,
    "max": 31.58657302856445
  },
  "diffusion_f0_mae_oracle": {
    "mean": 17.163171195983885,
    "std": 3.5831864658077994,
    "min": 12.610845565795898,
    "max": 24.838699340820312
  },
  "diffusion_amp_corr_mean": {
    "mean": 0.5752408999207396,
    "std": 0.24656557390321324,
    "min": 0.0889428714260551,
    "max": 0.8275958234603408
  },
  "diffusion_amp_corr_oracle": {
    "mean": 0.5752012791843167,
    "std": 0.26121492406084756,
    "min": 0.04561835727574008,
    "max": 0.837327104218153
  },
  "diffusion_amp_rmse_log_mean": {
    "mean": 1.141248244444529,
    "std": 0.262968060744278,
    "min": 0.744875144958496,
    "max": 1.6135998487472534
  },
  "diffusion_amp_rmse_log_oracle": {
    "mean": 0.7970540165901184,
    "std": 0.17631393768334988,
    "min": 0.5564209818840027,
    "max": 1.202890157699585
  },
  "diffusion_vde_mean_avg": {
    "mean": 4.796155801569575,
    "std": 1.7752752426186866,
    "min": 1.378061602314246,
    "max": 7.573487185926024
  },
  "diffusion_vde_mean_oracle": {
    "mean": 4.940516797227218,
    "std": 1.8327419882968543,
    "min": 1.2941906190295536,
    "max": 7.770230846636881
  },
  "diffusion_vre_mean_avg": {
    "mean": 0.7523883491309014,
    "std": 0.12422516260613042,
    "min": 0.5616687331201322,
    "max": 0.9685595938981872
  },
  "diffusion_vre_mean_oracle": {
    "mean": 0.7907153294312794,
    "std": 0.07380022356500145,
    "min": 0.687367917364931,
    "max": 0.9262721757402714
  },
  "diffusion_f0_diversity_cents": {
    "mean": 9.012169933319091,
    "std": 2.197553206454444,
    "min": 6.528988838195801,
    "max": 12.92000961303711
  },
  "diffusion_amp_diversity": {
    "mean": 0.01059525969127814,
    "std": 0.002814076015812166,
    "min": 0.006954301614314318,
    "max": 0.016190705820918083
  },
  "diffusion_n_vibrato_notes": {
    "mean": 59.333333333333336,
    "std": 38.79633430564743,
    "min": 11.0,
    "max": 121.0
  }
}

Results saved to experiments/results/exp009_eta00.json
=== exp009 all evaluations complete ===
