==========================================
exp051: Encoder Adapter + 185-track AmpPredictor
Training started at: Mon Mar 30 12:42:36     2026
==========================================
C:\lxr\study\final\src\model\diffusion.py:434: UserWarning: enable_nested_tensor is True, but self.use_nested_tensor is False because encoder_layer.norm_first was True
  self.attn = nn.TransformerEncoder(attn_layer, num_layers=n_attn_layers)
Device: cuda
Config: {
  "data_dir": "C:\\lxr\\study\\final\\datagen\\solo\\URMP",
  "bach10_dir": "C:\\lxr\\study\\final\\datagen\\solo\\Bach10",
  "phenicx_dir": "datagen/solo/PHENICX",
  "trios_dir": "datagen/solo/TRIOS",
  "output_dir": "experiments/checkpoints/exp051",
  "instruments": [
    "vn",
    "va",
    "vc",
    "fl",
    "ob",
    "cl",
    "sax",
    "tpt",
    "tbn",
    "bn"
  ],
  "crop_len": 512,
  "seed": 42,
  "stage1": {
    "batch_size": 32,
    "lr": 0.001,
    "epochs": 100,
    "lam": 1.0,
    "patience": 15,
    "lr_patience": 5,
    "lr_factor": 0.5,
    "dropout": 0.3
  },
  "stage2": {
    "batch_size": 16,
    "lr": 0.0002,
    "epochs": 300,
    "ema_decay": 0.995,
    "n_diffusion_steps": 1000,
    "samples_per_epoch": 2055,
    "lr_min": 1e-05,
    "n_channels": 1,
    "amp_hidden": 256,
    "amp_gru_hidden": 128,
    "amp_gru_layers": 2,
    "amp_dropout": 0.3,
    "amp_use_attention": true,
    "amp_n_attn_heads": 4,
    "amp_n_attn_layers": 2,
    "amp_instrument_conditioned": false,
    "amp_note_position_conditioned": false,
    "amp_f0_conditioned": false,
    "amp_encoder_adapter": true,
    "adapter_bottleneck": 64,
    "adapter_layers": 1,
    "adapter_dropout": 0.1,
    "amp_corr_weight": 0.3,
    "amp_grad_weight": 0.2,
    "freeze_diffusion": true,
    "diffusion_checkpoint": "experiments/checkpoints/exp034/diffusion_best_ema.pt",
    "amp_lr": 5e-05,
    "amp_weight_decay": 0.0001,
    "amp_augment": true,
    "amp_augment_scale": 0.2,
    "amp_augment_jitter": 0.05
  },
  "stage3": {
    "batch_size": 16,
    "lr": 0.0002,
    "epochs": 200,
    "ema_decay": 0.995,
    "n_diffusion_steps": 1000,
    "samples_per_epoch": null
  },
  "save_every": 10,
  "baseline_checkpoint": "experiments/checkpoints/exp033/baseline_best.pt"
}
Loaded baseline from experiments/checkpoints/exp033/baseline_best.pt

============================================================
Stage 2: Training 1ch Diffusion (f0) + AmpPredictor
============================================================
Train: 153 tracks, samples_per_epoch=2055
Amp log stats: mean=-4.6780, std=1.5514
Diffusion n_channels=1
Loaded pre-trained diffusion from experiments/checkpoints/exp034/diffusion_best_ema.pt
Diffusion FROZEN ¡ª only training AmpPredictor
AmpPredictor enabled (hidden=256, gru_hidden=128, layers=2, dropout=0.3, f0_conditioned=False, use_attention=True, n_attn_heads=4, n_attn_layers=2, instrument_conditioned=False, note_position_conditioned=False, velocity_conditioned=False, condition_dropout=0.0)
EncoderAdapter enabled (bottleneck=64, layers=1, dropout=0.1, params=33,088)
AmpPredictor optimizer: lr=5e-05, weight_decay=0.0001, +adapter params
Using CosineAnnealingLR (amp): lr 5e-05 -> 1e-05 over 300 epochs
Amplitude augmentation ENABLED: scale=0.2, jitter=0.05
Epoch 1/300  train=2.022823 (diff=0.032867 amp=2.022823)  test=2.245407 (diff=0.015221 amp=2.230186)  diff_lr=0.00e+00 amp_lr=5.00e-05
  -> New best test_loss=2.245407
  -> New best test_amp_loss=2.230186, saved amp_predictor + adapter
Epoch 2/300  train=0.934641 (diff=0.030685 amp=0.934641)  test=2.047401 (diff=0.033908 amp=2.013493)  diff_lr=0.00e+00 amp_lr=5.00e-05
  -> New best test_loss=2.047401
  -> New best test_amp_loss=2.013493, saved amp_predictor + adapter
Epoch 3/300  train=0.866645 (diff=0.032151 amp=0.866645)  test=1.869861 (diff=0.012882 amp=1.856980)  diff_lr=0.00e+00 amp_lr=5.00e-05
  -> New best test_loss=1.869861
  -> New best test_amp_loss=1.856980, saved amp_predictor + adapter
Epoch 4/300  train=0.842515 (diff=0.029718 amp=0.842515)  test=1.872161 (diff=0.027009 amp=1.845152)  diff_lr=0.00e+00 amp_lr=5.00e-05
  -> New best test_amp_loss=1.845152, saved amp_predictor + adapter
Epoch 5/300  train=0.837204 (diff=0.030100 amp=0.837204)  test=1.979699 (diff=0.019593 amp=1.960106)  diff_lr=0.00e+00 amp_lr=5.00e-05
Epoch 6/300  train=0.800024 (diff=0.031227 amp=0.800024)  test=2.079192 (diff=0.031936 amp=2.047256)  diff_lr=0.00e+00 amp_lr=5.00e-05
Epoch 7/300  train=0.834635 (diff=0.032377 amp=0.834635)  test=2.002771 (diff=0.018521 amp=1.984250)  diff_lr=0.00e+00 amp_lr=5.00e-05
Epoch 8/300  train=0.798218 (diff=0.032937 amp=0.798218)  test=1.895437 (diff=0.028171 amp=1.867266)  diff_lr=0.00e+00 amp_lr=4.99e-05
Epoch 9/300  train=0.805847 (diff=0.031492 amp=0.805847)  test=1.873866 (diff=0.025837 amp=1.848029)  diff_lr=0.00e+00 amp_lr=4.99e-05
Epoch 10/300  train=0.798018 (diff=0.032062 amp=0.798018)  test=2.010385 (diff=0.016958 amp=1.993427)  diff_lr=0.00e+00 amp_lr=4.99e-05
Epoch 11/300  train=0.751361 (diff=0.031890 amp=0.751361)  test=1.903744 (diff=0.016510 amp=1.887234)  diff_lr=0.00e+00 amp_lr=4.99e-05
Epoch 12/300  train=0.761493 (diff=0.032170 amp=0.761493)  test=1.959649 (diff=0.020731 amp=1.938918)  diff_lr=0.00e+00 amp_lr=4.99e-05
Epoch 13/300  train=0.733090 (diff=0.033384 amp=0.733090)  test=1.995776 (diff=0.017435 amp=1.978341)  diff_lr=0.00e+00 amp_lr=4.98e-05
Epoch 14/300  train=0.716647 (diff=0.031152 amp=0.716647)  test=2.261744 (diff=0.026166 amp=2.235578)  diff_lr=0.00e+00 amp_lr=4.98e-05
Epoch 15/300  train=0.799546 (diff=0.032810 amp=0.799546)  test=2.014537 (diff=0.027649 amp=1.986888)  diff_lr=0.00e+00 amp_lr=4.98e-05
Epoch 16/300  train=0.741325 (diff=0.031845 amp=0.741325)  test=2.015074 (diff=0.019571 amp=1.995503)  diff_lr=0.00e+00 amp_lr=4.98e-05
Epoch 17/300  train=0.792343 (diff=0.030590 amp=0.792343)  test=1.972844 (diff=0.034623 amp=1.938221)  diff_lr=0.00e+00 amp_lr=4.97e-05
Epoch 18/300  train=0.751351 (diff=0.031220 amp=0.751351)  test=1.994526 (diff=0.021851 amp=1.972674)  diff_lr=0.00e+00 amp_lr=4.97e-05
Epoch 19/300  train=0.707943 (diff=0.033581 amp=0.707943)  test=2.018440 (diff=0.018328 amp=2.000112)  diff_lr=0.00e+00 amp_lr=4.96e-05
Epoch 20/300  train=0.756187 (diff=0.030941 amp=0.756187)  test=2.014325 (diff=0.023510 amp=1.990814)  diff_lr=0.00e+00 amp_lr=4.96e-05
Epoch 21/300  train=0.716780 (diff=0.031203 amp=0.716780)  test=2.213120 (diff=0.013754 amp=2.199365)  diff_lr=0.00e+00 amp_lr=4.96e-05
Epoch 22/300  train=0.737498 (diff=0.030667 amp=0.737498)  test=1.966351 (diff=0.035213 amp=1.931138)  diff_lr=0.00e+00 amp_lr=4.95e-05
Epoch 23/300  train=0.740984 (diff=0.032945 amp=0.740984)  test=2.189727 (diff=0.022034 amp=2.167693)  diff_lr=0.00e+00 amp_lr=4.95e-05
Epoch 24/300  train=0.718442 (diff=0.032285 amp=0.718442)  test=1.950408 (diff=0.019995 amp=1.930412)  diff_lr=0.00e+00 amp_lr=4.94e-05
Epoch 25/300  train=0.695626 (diff=0.031370 amp=0.695626)  test=1.986968 (diff=0.026941 amp=1.960027)  diff_lr=0.00e+00 amp_lr=4.94e-05
Epoch 26/300  train=0.712013 (diff=0.032480 amp=0.712013)  test=1.994417 (diff=0.009687 amp=1.984730)  diff_lr=0.00e+00 amp_lr=4.93e-05
Epoch 27/300  train=0.681565 (diff=0.032258 amp=0.681565)  test=1.964663 (diff=0.034383 amp=1.930280)  diff_lr=0.00e+00 amp_lr=4.93e-05
Epoch 28/300  train=0.686631 (diff=0.033825 amp=0.686631)  test=2.125835 (diff=0.018457 amp=2.107378)  diff_lr=0.00e+00 amp_lr=4.92e-05
Epoch 29/300  train=0.745700 (diff=0.032948 amp=0.745700)  test=1.939685 (diff=0.028492 amp=1.911193)  diff_lr=0.00e+00 amp_lr=4.91e-05
Epoch 30/300  train=0.701191 (diff=0.031551 amp=0.701191)  test=1.896809 (diff=0.025827 amp=1.870982)  diff_lr=0.00e+00 amp_lr=4.91e-05
Epoch 31/300  train=0.708416 (diff=0.029402 amp=0.708416)  test=1.971036 (diff=0.011731 amp=1.959305)  diff_lr=0.00e+00 amp_lr=4.90e-05
Epoch 32/300  train=0.714034 (diff=0.031736 amp=0.714034)  test=1.996898 (diff=0.023632 amp=1.973266)  diff_lr=0.00e+00 amp_lr=4.90e-05
Epoch 33/300  train=0.640249 (diff=0.032235 amp=0.640249)  test=1.887537 (diff=0.019273 amp=1.868264)  diff_lr=0.00e+00 amp_lr=4.89e-05
Epoch 34/300  train=0.706049 (diff=0.033235 amp=0.706049)  test=1.900237 (diff=0.019775 amp=1.880462)  diff_lr=0.00e+00 amp_lr=4.88e-05
Epoch 35/300  train=0.707057 (diff=0.030593 amp=0.707057)  test=2.084448 (diff=0.048358 amp=2.036090)  diff_lr=0.00e+00 amp_lr=4.87e-05
Epoch 36/300  train=0.712226 (diff=0.031135 amp=0.712226)  test=2.314800 (diff=0.013430 amp=2.301370)  diff_lr=0.00e+00 amp_lr=4.87e-05
Epoch 37/300  train=0.731557 (diff=0.032618 amp=0.731557)  test=1.920767 (diff=0.023699 amp=1.897067)  diff_lr=0.00e+00 amp_lr=4.86e-05
Epoch 38/300  train=0.683097 (diff=0.031999 amp=0.683097)  test=2.019609 (diff=0.014807 amp=2.004803)  diff_lr=0.00e+00 amp_lr=4.85e-05
Epoch 39/300  train=0.682449 (diff=0.031726 amp=0.682449)  test=1.939622 (diff=0.018245 amp=1.921378)  diff_lr=0.00e+00 amp_lr=4.84e-05
Epoch 40/300  train=0.678313 (diff=0.029691 amp=0.678313)  test=1.955962 (diff=0.019805 amp=1.936157)  diff_lr=0.00e+00 amp_lr=4.84e-05
Epoch 41/300  train=0.648721 (diff=0.032182 amp=0.648721)  test=2.070183 (diff=0.016185 amp=2.053998)  diff_lr=0.00e+00 amp_lr=4.83e-05
Epoch 42/300  train=0.659474 (diff=0.031043 amp=0.659474)  test=1.916129 (diff=0.022063 amp=1.894066)  diff_lr=0.00e+00 amp_lr=4.82e-05
Epoch 43/300  train=0.627423 (diff=0.032018 amp=0.627423)  test=1.947893 (diff=0.019309 amp=1.928584)  diff_lr=0.00e+00 amp_lr=4.81e-05
Epoch 44/300  train=0.660221 (diff=0.030785 amp=0.660221)  test=1.942512 (diff=0.025954 amp=1.916557)  diff_lr=0.00e+00 amp_lr=4.80e-05
Epoch 45/300  train=0.691641 (diff=0.031932 amp=0.691641)  test=1.881486 (diff=0.014277 amp=1.867209)  diff_lr=0.00e+00 amp_lr=4.79e-05
Epoch 46/300  train=0.581884 (diff=0.032128 amp=0.581884)  test=2.123034 (diff=0.015116 amp=2.107918)  diff_lr=0.00e+00 amp_lr=4.78e-05
Epoch 47/300  train=0.641056 (diff=0.031115 amp=0.641056)  test=1.566528 (diff=0.026384 amp=1.540145)  diff_lr=0.00e+00 amp_lr=4.77e-05
  -> New best test_loss=1.566528
  -> New best test_amp_loss=1.540145, saved amp_predictor + adapter
Epoch 48/300  train=0.629094 (diff=0.031430 amp=0.629094)  test=2.147685 (diff=0.019171 amp=2.128514)  diff_lr=0.00e+00 amp_lr=4.76e-05
Epoch 49/300  train=0.672161 (diff=0.032807 amp=0.672161)  test=1.886246 (diff=0.015241 amp=1.871005)  diff_lr=0.00e+00 amp_lr=4.75e-05
Epoch 50/300  train=0.632795 (diff=0.033072 amp=0.632795)  test=2.060927 (diff=0.018713 amp=2.042214)  diff_lr=0.00e+00 amp_lr=4.74e-05
Epoch 51/300  train=0.692777 (diff=0.031864 amp=0.692777)  test=1.875522 (diff=0.011441 amp=1.864081)  diff_lr=0.00e+00 amp_lr=4.73e-05
Epoch 52/300  train=0.677389 (diff=0.033108 amp=0.677389)  test=1.691727 (diff=0.023649 amp=1.668078)  diff_lr=0.00e+00 amp_lr=4.72e-05
Epoch 53/300  train=0.663622 (diff=0.030148 amp=0.663622)  test=2.029097 (diff=0.020977 amp=2.008120)  diff_lr=0.00e+00 amp_lr=4.71e-05
Epoch 54/300  train=0.676998 (diff=0.030789 amp=0.676998)  test=1.883455 (diff=0.020789 amp=1.862666)  diff_lr=0.00e+00 amp_lr=4.70e-05
Epoch 55/300  train=0.588963 (diff=0.031083 amp=0.588963)  test=1.702803 (diff=0.017361 amp=1.685443)  diff_lr=0.00e+00 amp_lr=4.69e-05
Epoch 56/300  train=0.621005 (diff=0.029572 amp=0.621005)  test=1.889729 (diff=0.015025 amp=1.874704)  diff_lr=0.00e+00 amp_lr=4.68e-05
Epoch 57/300  train=0.657137 (diff=0.031442 amp=0.657137)  test=1.882699 (diff=0.021592 amp=1.861108)  diff_lr=0.00e+00 amp_lr=4.67e-05
Epoch 58/300  train=0.609571 (diff=0.030905 amp=0.609571)  test=2.003898 (diff=0.018554 amp=1.985344)  diff_lr=0.00e+00 amp_lr=4.65e-05
Epoch 59/300  train=0.662101 (diff=0.032468 amp=0.662101)  test=1.743758 (diff=0.023157 amp=1.720601)  diff_lr=0.00e+00 amp_lr=4.64e-05
Epoch 60/300  train=0.641161 (diff=0.031704 amp=0.641161)  test=1.842009 (diff=0.021291 amp=1.820718)  diff_lr=0.00e+00 amp_lr=4.63e-05
Epoch 61/300  train=0.646472 (diff=0.030875 amp=0.646472)  test=1.659574 (diff=0.011254 amp=1.648320)  diff_lr=0.00e+00 amp_lr=4.62e-05
Epoch 62/300  train=0.633091 (diff=0.031476 amp=0.633091)  test=1.773978 (diff=0.011025 amp=1.762952)  diff_lr=0.00e+00 amp_lr=4.61e-05
Epoch 63/300  train=0.628878 (diff=0.031180 amp=0.628878)  test=1.545351 (diff=0.027823 amp=1.517528)  diff_lr=0.00e+00 amp_lr=4.59e-05
  -> New best test_loss=1.545351
  -> New best test_amp_loss=1.517528, saved amp_predictor + adapter
Epoch 64/300  train=0.691625 (diff=0.030957 amp=0.691625)  test=1.889418 (diff=0.046437 amp=1.842981)  diff_lr=0.00e+00 amp_lr=4.58e-05
Epoch 65/300  train=0.579631 (diff=0.029809 amp=0.579631)  test=1.852165 (diff=0.022317 amp=1.829848)  diff_lr=0.00e+00 amp_lr=4.57e-05
Epoch 66/300  train=0.616399 (diff=0.031141 amp=0.616399)  test=1.516609 (diff=0.015346 amp=1.501263)  diff_lr=0.00e+00 amp_lr=4.55e-05
  -> New best test_loss=1.516609
  -> New best test_amp_loss=1.501263, saved amp_predictor + adapter
Epoch 67/300  train=0.640286 (diff=0.032148 amp=0.640286)  test=1.698954 (diff=0.014251 amp=1.684703)  diff_lr=0.00e+00 amp_lr=4.54e-05
Epoch 68/300  train=0.657137 (diff=0.030156 amp=0.657137)  test=1.800090 (diff=0.028524 amp=1.771566)  diff_lr=0.00e+00 amp_lr=4.53e-05
Epoch 69/300  train=0.602622 (diff=0.032045 amp=0.602622)  test=1.932887 (diff=0.019678 amp=1.913209)  diff_lr=0.00e+00 amp_lr=4.51e-05
Epoch 70/300  train=0.668103 (diff=0.031632 amp=0.668103)  test=1.519362 (diff=0.017247 amp=1.502115)  diff_lr=0.00e+00 amp_lr=4.50e-05
Epoch 71/300  train=0.624796 (diff=0.029992 amp=0.624796)  test=1.910926 (diff=0.041724 amp=1.869202)  diff_lr=0.00e+00 amp_lr=4.49e-05
Epoch 72/300  train=0.657117 (diff=0.032424 amp=0.657117)  test=1.788515 (diff=0.015007 amp=1.773508)  diff_lr=0.00e+00 amp_lr=4.47e-05
Epoch 73/300  train=0.679623 (diff=0.033251 amp=0.679623)  test=1.704212 (diff=0.028333 amp=1.675879)  diff_lr=0.00e+00 amp_lr=4.46e-05
Epoch 74/300  train=0.633005 (diff=0.030282 amp=0.633005)  test=1.631676 (diff=0.023023 amp=1.608654)  diff_lr=0.00e+00 amp_lr=4.44e-05
Epoch 75/300  train=0.678320 (diff=0.031134 amp=0.678320)  test=1.463296 (diff=0.030871 amp=1.432425)  diff_lr=0.00e+00 amp_lr=4.43e-05
  -> New best test_loss=1.463296
  -> New best test_amp_loss=1.432425, saved amp_predictor + adapter
Epoch 76/300  train=0.643056 (diff=0.030556 amp=0.643056)  test=1.669113 (diff=0.025062 amp=1.644051)  diff_lr=0.00e+00 amp_lr=4.41e-05
Epoch 77/300  train=0.621128 (diff=0.030974 amp=0.621128)  test=1.694713 (diff=0.018891 amp=1.675821)  diff_lr=0.00e+00 amp_lr=4.40e-05
Epoch 78/300  train=0.597678 (diff=0.034283 amp=0.597678)  test=1.804406 (diff=0.023229 amp=1.781177)  diff_lr=0.00e+00 amp_lr=4.38e-05
Epoch 79/300  train=0.578636 (diff=0.031444 amp=0.578636)  test=1.830690 (diff=0.028241 amp=1.802448)  diff_lr=0.00e+00 amp_lr=4.37e-05
Epoch 80/300  train=0.634566 (diff=0.031001 amp=0.634566)  test=1.529099 (diff=0.022656 amp=1.506443)  diff_lr=0.00e+00 amp_lr=4.35e-05
Epoch 81/300  train=0.570355 (diff=0.029529 amp=0.570355)  test=1.654895 (diff=0.018981 amp=1.635914)  diff_lr=0.00e+00 amp_lr=4.34e-05
Epoch 82/300  train=0.613910 (diff=0.030992 amp=0.613910)  test=1.755202 (diff=0.012229 amp=1.742974)  diff_lr=0.00e+00 amp_lr=4.32e-05
Epoch 83/300  train=0.611456 (diff=0.031856 amp=0.611456)  test=1.942227 (diff=0.009563 amp=1.932663)  diff_lr=0.00e+00 amp_lr=4.31e-05
Epoch 84/300  train=0.606923 (diff=0.031877 amp=0.606923)  test=1.251597 (diff=0.015930 amp=1.235667)  diff_lr=0.00e+00 amp_lr=4.29e-05
  -> New best test_loss=1.251597
  -> New best test_amp_loss=1.235667, saved amp_predictor + adapter
Epoch 85/300  train=0.634277 (diff=0.031943 amp=0.634277)  test=1.678980 (diff=0.024023 amp=1.654957)  diff_lr=0.00e+00 amp_lr=4.27e-05
Epoch 86/300  train=0.606764 (diff=0.031130 amp=0.606764)  test=1.724714 (diff=0.028051 amp=1.696664)  diff_lr=0.00e+00 amp_lr=4.26e-05
Epoch 87/300  train=0.555258 (diff=0.031686 amp=0.555258)  test=1.478241 (diff=0.014338 amp=1.463903)  diff_lr=0.00e+00 amp_lr=4.24e-05
Epoch 88/300  train=0.694968 (diff=0.032255 amp=0.694968)  test=1.925495 (diff=0.018604 amp=1.906890)  diff_lr=0.00e+00 amp_lr=4.23e-05
Epoch 89/300  train=0.573322 (diff=0.030149 amp=0.573322)  test=1.800581 (diff=0.032217 amp=1.768363)  diff_lr=0.00e+00 amp_lr=4.21e-05
Epoch 90/300  train=0.605921 (diff=0.031451 amp=0.605921)  test=1.572226 (diff=0.020475 amp=1.551752)  diff_lr=0.00e+00 amp_lr=4.19e-05
Epoch 91/300  train=0.642967 (diff=0.033111 amp=0.642967)  test=1.394411 (diff=0.048195 amp=1.346216)  diff_lr=0.00e+00 amp_lr=4.18e-05
Epoch 92/300  train=0.611064 (diff=0.033907 amp=0.611064)  test=1.281378 (diff=0.013556 amp=1.267822)  diff_lr=0.00e+00 amp_lr=4.16e-05
Epoch 93/300  train=0.611357 (diff=0.031655 amp=0.611357)  test=1.225641 (diff=0.019013 amp=1.206628)  diff_lr=0.00e+00 amp_lr=4.14e-05
  -> New best test_loss=1.225641
  -> New best test_amp_loss=1.206628, saved amp_predictor + adapter
Epoch 94/300  train=0.623332 (diff=0.032117 amp=0.623332)  test=1.638476 (diff=0.022152 amp=1.616323)  diff_lr=0.00e+00 amp_lr=4.12e-05
Epoch 95/300  train=0.585045 (diff=0.030350 amp=0.585045)  test=1.736334 (diff=0.018817 amp=1.717517)  diff_lr=0.00e+00 amp_lr=4.11e-05
Epoch 96/300  train=0.595612 (diff=0.031217 amp=0.595612)  test=1.635554 (diff=0.019158 amp=1.616396)  diff_lr=0.00e+00 amp_lr=4.09e-05
Epoch 97/300  train=0.605356 (diff=0.030741 amp=0.605356)  test=1.484313 (diff=0.027993 amp=1.456320)  diff_lr=0.00e+00 amp_lr=4.07e-05
Epoch 98/300  train=0.600329 (diff=0.031584 amp=0.600329)  test=1.395232 (diff=0.018327 amp=1.376905)  diff_lr=0.00e+00 amp_lr=4.05e-05
Epoch 99/300  train=0.567518 (diff=0.031181 amp=0.567518)  test=1.620641 (diff=0.018053 amp=1.602588)  diff_lr=0.00e+00 amp_lr=4.04e-05
Epoch 100/300  train=0.613001 (diff=0.029628 amp=0.613001)  test=1.435517 (diff=0.035384 amp=1.400133)  diff_lr=0.00e+00 amp_lr=4.02e-05
Epoch 101/300  train=0.602189 (diff=0.030915 amp=0.602189)  test=1.628394 (diff=0.027000 amp=1.601394)  diff_lr=0.00e+00 amp_lr=4.00e-05
Epoch 102/300  train=0.568123 (diff=0.033043 amp=0.568123)  test=1.667521 (diff=0.024873 amp=1.642648)  diff_lr=0.00e+00 amp_lr=3.98e-05
Epoch 103/300  train=0.601420 (diff=0.032719 amp=0.601420)  test=1.795071 (diff=0.022053 amp=1.773019)  diff_lr=0.00e+00 amp_lr=3.96e-05
Epoch 104/300  train=0.639833 (diff=0.033274 amp=0.639833)  test=1.611306 (diff=0.014833 amp=1.596473)  diff_lr=0.00e+00 amp_lr=3.95e-05
Epoch 105/300  train=0.599238 (diff=0.034391 amp=0.599238)  test=1.540398 (diff=0.015414 amp=1.524984)  diff_lr=0.00e+00 amp_lr=3.93e-05
Epoch 106/300  train=0.593270 (diff=0.031135 amp=0.593270)  test=1.561162 (diff=0.015779 amp=1.545384)  diff_lr=0.00e+00 amp_lr=3.91e-05
Epoch 107/300  train=0.573412 (diff=0.030456 amp=0.573412)  test=1.514771 (diff=0.029791 amp=1.484980)  diff_lr=0.00e+00 amp_lr=3.89e-05
Epoch 108/300  train=0.589933 (diff=0.031439 amp=0.589933)  test=1.747737 (diff=0.016172 amp=1.731565)  diff_lr=0.00e+00 amp_lr=3.87e-05
Epoch 109/300  train=0.611580 (diff=0.029317 amp=0.611580)  test=1.363825 (diff=0.018573 amp=1.345253)  diff_lr=0.00e+00 amp_lr=3.85e-05
Epoch 110/300  train=0.594556 (diff=0.032515 amp=0.594556)  test=1.771145 (diff=0.029475 amp=1.741670)  diff_lr=0.00e+00 amp_lr=3.83e-05
Epoch 111/300  train=0.613972 (diff=0.031631 amp=0.613972)  test=1.437381 (diff=0.011267 amp=1.426114)  diff_lr=0.00e+00 amp_lr=3.81e-05
Epoch 112/300  train=0.598944 (diff=0.032133 amp=0.598944)  test=1.459413 (diff=0.030054 amp=1.429359)  diff_lr=0.00e+00 amp_lr=3.79e-05
Epoch 113/300  train=0.574192 (diff=0.032923 amp=0.574192)  test=1.336580 (diff=0.019478 amp=1.317102)  diff_lr=0.00e+00 amp_lr=3.78e-05
Epoch 114/300  train=0.608867 (diff=0.031352 amp=0.608867)  test=1.350506 (diff=0.023798 amp=1.326708)  diff_lr=0.00e+00 amp_lr=3.76e-05
Epoch 115/300  train=0.598768 (diff=0.029993 amp=0.598768)  test=1.646522 (diff=0.017041 amp=1.629481)  diff_lr=0.00e+00 amp_lr=3.74e-05
Epoch 116/300  train=0.577671 (diff=0.032348 amp=0.577671)  test=1.612617 (diff=0.021697 amp=1.590920)  diff_lr=0.00e+00 amp_lr=3.72e-05
Epoch 117/300  train=0.589112 (diff=0.032194 amp=0.589112)  test=1.475827 (diff=0.015816 amp=1.460011)  diff_lr=0.00e+00 amp_lr=3.70e-05
Epoch 118/300  train=0.609296 (diff=0.030502 amp=0.609296)  test=1.318499 (diff=0.029128 amp=1.289371)  diff_lr=0.00e+00 amp_lr=3.68e-05
Epoch 119/300  train=0.529966 (diff=0.032407 amp=0.529966)  test=1.489962 (diff=0.024321 amp=1.465642)  diff_lr=0.00e+00 amp_lr=3.66e-05
Epoch 120/300  train=0.596351 (diff=0.030838 amp=0.596351)  test=1.690207 (diff=0.018931 amp=1.671277)  diff_lr=0.00e+00 amp_lr=3.64e-05
Epoch 121/300  train=0.606305 (diff=0.031723 amp=0.606305)  test=1.800587 (diff=0.024441 amp=1.776146)  diff_lr=0.00e+00 amp_lr=3.62e-05
Epoch 122/300  train=0.613089 (diff=0.031902 amp=0.613089)  test=1.571729 (diff=0.017396 amp=1.554334)  diff_lr=0.00e+00 amp_lr=3.60e-05
Epoch 123/300  train=0.519828 (diff=0.029723 amp=0.519828)  test=1.566296 (diff=0.021052 amp=1.545244)  diff_lr=0.00e+00 amp_lr=3.58e-05
Epoch 124/300  train=0.553209 (diff=0.031710 amp=0.553209)  test=1.257227 (diff=0.016794 amp=1.240433)  diff_lr=0.00e+00 amp_lr=3.56e-05
Epoch 125/300  train=0.550873 (diff=0.031053 amp=0.550873)  test=1.506968 (diff=0.019691 amp=1.487277)  diff_lr=0.00e+00 amp_lr=3.54e-05
Epoch 126/300  train=0.553373 (diff=0.031769 amp=0.553373)  test=1.584449 (diff=0.027542 amp=1.556908)  diff_lr=0.00e+00 amp_lr=3.52e-05
Epoch 127/300  train=0.496448 (diff=0.029381 amp=0.496448)  test=1.716397 (diff=0.021937 amp=1.694461)  diff_lr=0.00e+00 amp_lr=3.50e-05
Epoch 128/300  train=0.549367 (diff=0.030988 amp=0.549367)  test=1.638452 (diff=0.028592 amp=1.609861)  diff_lr=0.00e+00 amp_lr=3.48e-05
Epoch 129/300  train=0.559446 (diff=0.031867 amp=0.559446)  test=1.788900 (diff=0.033618 amp=1.755282)  diff_lr=0.00e+00 amp_lr=3.46e-05
Epoch 130/300  train=0.535088 (diff=0.033301 amp=0.535088)  test=1.653806 (diff=0.021450 amp=1.632356)  diff_lr=0.00e+00 amp_lr=3.44e-05
Epoch 131/300  train=0.566667 (diff=0.030746 amp=0.566667)  test=1.787676 (diff=0.024296 amp=1.763380)  diff_lr=0.00e+00 amp_lr=3.42e-05
Epoch 132/300  train=0.548235 (diff=0.030771 amp=0.548235)  test=1.695201 (diff=0.031371 amp=1.663830)  diff_lr=0.00e+00 amp_lr=3.40e-05
Epoch 133/300  train=0.563461 (diff=0.030501 amp=0.563461)  test=1.660241 (diff=0.037809 amp=1.622432)  diff_lr=0.00e+00 amp_lr=3.37e-05
Epoch 134/300  train=0.576825 (diff=0.032599 amp=0.576825)  test=1.676438 (diff=0.018889 amp=1.657549)  diff_lr=0.00e+00 amp_lr=3.35e-05
Epoch 135/300  train=0.601476 (diff=0.031676 amp=0.601476)  test=1.987175 (diff=0.019020 amp=1.968155)  diff_lr=0.00e+00 amp_lr=3.33e-05
Epoch 136/300  train=0.528622 (diff=0.030680 amp=0.528622)  test=1.830643 (diff=0.016255 amp=1.814388)  diff_lr=0.00e+00 amp_lr=3.31e-05
Epoch 137/300  train=0.586122 (diff=0.030817 amp=0.586122)  test=1.680027 (diff=0.018077 amp=1.661950)  diff_lr=0.00e+00 amp_lr=3.29e-05
Epoch 138/300  train=0.596366 (diff=0.031152 amp=0.596366)  test=1.678157 (diff=0.020830 amp=1.657327)  diff_lr=0.00e+00 amp_lr=3.27e-05
Epoch 139/300  train=0.589691 (diff=0.029500 amp=0.589691)  test=1.802893 (diff=0.015449 amp=1.787444)  diff_lr=0.00e+00 amp_lr=3.25e-05
Epoch 140/300  train=0.574941 (diff=0.033065 amp=0.574941)  test=1.719774 (diff=0.010276 amp=1.709498)  diff_lr=0.00e+00 amp_lr=3.23e-05
Epoch 141/300  train=0.565862 (diff=0.033063 amp=0.565862)  test=1.534514 (diff=0.020494 amp=1.514020)  diff_lr=0.00e+00 amp_lr=3.21e-05
Epoch 142/300  train=0.547052 (diff=0.031509 amp=0.547052)  test=1.579739 (diff=0.024902 amp=1.554837)  diff_lr=0.00e+00 amp_lr=3.19e-05
Epoch 143/300  train=0.559524 (diff=0.031447 amp=0.559524)  test=2.002871 (diff=0.026716 amp=1.976155)  diff_lr=0.00e+00 amp_lr=3.17e-05
Epoch 144/300  train=0.602769 (diff=0.033766 amp=0.602769)  test=1.463408 (diff=0.016860 amp=1.446548)  diff_lr=0.00e+00 amp_lr=3.15e-05
Epoch 145/300  train=0.586383 (diff=0.030154 amp=0.586383)  test=1.419436 (diff=0.034945 amp=1.384491)  diff_lr=0.00e+00 amp_lr=3.13e-05
Epoch 146/300  train=0.619909 (diff=0.031642 amp=0.619909)  test=1.529027 (diff=0.024554 amp=1.504473)  diff_lr=0.00e+00 amp_lr=3.10e-05
Epoch 147/300  train=0.552038 (diff=0.032524 amp=0.552038)  test=1.674513 (diff=0.021108 amp=1.653404)  diff_lr=0.00e+00 amp_lr=3.08e-05
Epoch 148/300  train=0.551427 (diff=0.031110 amp=0.551427)  test=1.702425 (diff=0.028960 amp=1.673465)  diff_lr=0.00e+00 amp_lr=3.06e-05
Epoch 149/300  train=0.563189 (diff=0.029948 amp=0.563189)  test=1.612965 (diff=0.040794 amp=1.572171)  diff_lr=0.00e+00 amp_lr=3.04e-05
Epoch 150/300  train=0.558413 (diff=0.032525 amp=0.558413)  test=1.516932 (diff=0.023170 amp=1.493762)  diff_lr=0.00e+00 amp_lr=3.02e-05
Epoch 151/300  train=0.576835 (diff=0.032002 amp=0.576835)  test=1.883933 (diff=0.027993 amp=1.855940)  diff_lr=0.00e+00 amp_lr=3.00e-05
Epoch 152/300  train=0.563007 (diff=0.030599 amp=0.563007)  test=1.766920 (diff=0.022462 amp=1.744458)  diff_lr=0.00e+00 amp_lr=2.98e-05
Epoch 153/300  train=0.544479 (diff=0.031458 amp=0.544479)  test=1.941657 (diff=0.015408 amp=1.926249)  diff_lr=0.00e+00 amp_lr=2.96e-05
Epoch 154/300  train=0.516591 (diff=0.029403 amp=0.516591)  test=1.608698 (diff=0.019987 amp=1.588711)  diff_lr=0.00e+00 amp_lr=2.94e-05
Epoch 155/300  train=0.544677 (diff=0.031406 amp=0.544677)  test=1.832985 (diff=0.022023 amp=1.810963)  diff_lr=0.00e+00 amp_lr=2.92e-05
Epoch 156/300  train=0.580761 (diff=0.032690 amp=0.580761)  test=1.774708 (diff=0.015979 amp=1.758729)  diff_lr=0.00e+00 amp_lr=2.90e-05
Epoch 157/300  train=0.547281 (diff=0.029625 amp=0.547281)  test=1.294935 (diff=0.019573 amp=1.275361)  diff_lr=0.00e+00 amp_lr=2.87e-05
Epoch 158/300  train=0.617862 (diff=0.030530 amp=0.617862)  test=1.393907 (diff=0.028937 amp=1.364970)  diff_lr=0.00e+00 amp_lr=2.85e-05
Epoch 159/300  train=0.547225 (diff=0.030236 amp=0.547225)  test=1.489362 (diff=0.025891 amp=1.463471)  diff_lr=0.00e+00 amp_lr=2.83e-05
Epoch 160/300  train=0.520479 (diff=0.031402 amp=0.520479)  test=1.489182 (diff=0.021313 amp=1.467869)  diff_lr=0.00e+00 amp_lr=2.81e-05
Epoch 161/300  train=0.567208 (diff=0.032281 amp=0.567208)  test=1.485687 (diff=0.011664 amp=1.474023)  diff_lr=0.00e+00 amp_lr=2.79e-05
Epoch 162/300  train=0.521686 (diff=0.030829 amp=0.521686)  test=1.458089 (diff=0.019854 amp=1.438235)  diff_lr=0.00e+00 amp_lr=2.77e-05
Epoch 163/300  train=0.536907 (diff=0.030398 amp=0.536907)  test=1.382322 (diff=0.014696 amp=1.367627)  diff_lr=0.00e+00 amp_lr=2.75e-05
Epoch 164/300  train=0.583539 (diff=0.029931 amp=0.583539)  test=1.822885 (diff=0.023060 amp=1.799825)  diff_lr=0.00e+00 amp_lr=2.73e-05
Epoch 165/300  train=0.596214 (diff=0.031211 amp=0.596214)  test=1.589366 (diff=0.022827 amp=1.566538)  diff_lr=0.00e+00 amp_lr=2.71e-05
Epoch 166/300  train=0.543167 (diff=0.032962 amp=0.543167)  test=1.607518 (diff=0.011777 amp=1.595740)  diff_lr=0.00e+00 amp_lr=2.69e-05
Epoch 167/300  train=0.553754 (diff=0.032487 amp=0.553754)  test=1.608673 (diff=0.014416 amp=1.594257)  diff_lr=0.00e+00 amp_lr=2.67e-05
Epoch 168/300  train=0.577814 (diff=0.032909 amp=0.577814)  test=1.441244 (diff=0.026239 amp=1.415006)  diff_lr=0.00e+00 amp_lr=2.65e-05
Epoch 169/300  train=0.536343 (diff=0.030810 amp=0.536343)  test=1.686323 (diff=0.017614 amp=1.668708)  diff_lr=0.00e+00 amp_lr=2.63e-05
Epoch 170/300  train=0.551451 (diff=0.030815 amp=0.551451)  test=1.566704 (diff=0.015661 amp=1.551043)  diff_lr=0.00e+00 amp_lr=2.60e-05
Epoch 171/300  train=0.547363 (diff=0.031708 amp=0.547363)  test=1.486827 (diff=0.017637 amp=1.469189)  diff_lr=0.00e+00 amp_lr=2.58e-05
Epoch 172/300  train=0.515377 (diff=0.032025 amp=0.515377)  test=1.518051 (diff=0.016000 amp=1.502050)  diff_lr=0.00e+00 amp_lr=2.56e-05
Epoch 173/300  train=0.575553 (diff=0.033371 amp=0.575553)  test=1.616419 (diff=0.027501 amp=1.588919)  diff_lr=0.00e+00 amp_lr=2.54e-05
Epoch 174/300  train=0.532031 (diff=0.031904 amp=0.532031)  test=1.670285 (diff=0.019076 amp=1.651209)  diff_lr=0.00e+00 amp_lr=2.52e-05
Epoch 175/300  train=0.501285 (diff=0.032854 amp=0.501285)  test=1.630315 (diff=0.025847 amp=1.604467)  diff_lr=0.00e+00 amp_lr=2.50e-05
Epoch 176/300  train=0.566641 (diff=0.032197 amp=0.566641)  test=1.517796 (diff=0.015043 amp=1.502754)  diff_lr=0.00e+00 amp_lr=2.48e-05
Epoch 177/300  train=0.544092 (diff=0.031794 amp=0.544092)  test=1.436920 (diff=0.015917 amp=1.421003)  diff_lr=0.00e+00 amp_lr=2.46e-05
Epoch 178/300  train=0.568212 (diff=0.030931 amp=0.568212)  test=1.361414 (diff=0.018913 amp=1.342502)  diff_lr=0.00e+00 amp_lr=2.44e-05
Epoch 179/300  train=0.585514 (diff=0.029881 amp=0.585514)  test=1.472583 (diff=0.015962 amp=1.456621)  diff_lr=0.00e+00 amp_lr=2.42e-05
Epoch 180/300  train=0.599996 (diff=0.032221 amp=0.599996)  test=1.503248 (diff=0.026886 amp=1.476362)  diff_lr=0.00e+00 amp_lr=2.40e-05
Epoch 181/300  train=0.536743 (diff=0.031984 amp=0.536743)  test=1.377009 (diff=0.018953 amp=1.358055)  diff_lr=0.00e+00 amp_lr=2.38e-05
Epoch 182/300  train=0.588661 (diff=0.033468 amp=0.588661)  test=1.483719 (diff=0.019314 amp=1.464405)  diff_lr=0.00e+00 amp_lr=2.36e-05
Epoch 183/300  train=0.545984 (diff=0.030569 amp=0.545984)  test=1.514066 (diff=0.020277 amp=1.493789)  diff_lr=0.00e+00 amp_lr=2.34e-05
Epoch 184/300  train=0.555045 (diff=0.032764 amp=0.555045)  test=1.684098 (diff=0.020362 amp=1.663736)  diff_lr=0.00e+00 amp_lr=2.32e-05
Epoch 185/300  train=0.563732 (diff=0.033240 amp=0.563732)  test=1.531916 (diff=0.019366 amp=1.512549)  diff_lr=0.00e+00 amp_lr=2.30e-05
Epoch 186/300  train=0.566477 (diff=0.031514 amp=0.566477)  test=1.432068 (diff=0.024090 amp=1.407978)  diff_lr=0.00e+00 amp_lr=2.28e-05
Epoch 187/300  train=0.533476 (diff=0.029199 amp=0.533476)  test=1.352161 (diff=0.025264 amp=1.326897)  diff_lr=0.00e+00 amp_lr=2.26e-05
Epoch 188/300  train=0.534508 (diff=0.030697 amp=0.534508)  test=1.553740 (diff=0.019383 amp=1.534357)  diff_lr=0.00e+00 amp_lr=2.24e-05
Epoch 189/300  train=0.514088 (diff=0.032304 amp=0.514088)  test=1.664655 (diff=0.026980 amp=1.637675)  diff_lr=0.00e+00 amp_lr=2.22e-05
Epoch 190/300  train=0.580650 (diff=0.029589 amp=0.580650)  test=1.603451 (diff=0.022437 amp=1.581014)  diff_lr=0.00e+00 amp_lr=2.21e-05
Epoch 191/300  train=0.590813 (diff=0.033535 amp=0.590813)  test=1.442893 (diff=0.032852 amp=1.410041)  diff_lr=0.00e+00 amp_lr=2.19e-05
Epoch 192/300  train=0.565841 (diff=0.031167 amp=0.565841)  test=1.693867 (diff=0.021126 amp=1.672740)  diff_lr=0.00e+00 amp_lr=2.17e-05
Epoch 193/300  train=0.483485 (diff=0.031717 amp=0.483485)  test=1.495839 (diff=0.017573 amp=1.478267)  diff_lr=0.00e+00 amp_lr=2.15e-05
Epoch 194/300  train=0.547818 (diff=0.030200 amp=0.547818)  test=1.525314 (diff=0.016938 amp=1.508376)  diff_lr=0.00e+00 amp_lr=2.13e-05
Epoch 195/300  train=0.559586 (diff=0.031619 amp=0.559586)  test=1.657102 (diff=0.029424 amp=1.627678)  diff_lr=0.00e+00 amp_lr=2.11e-05
Epoch 196/300  train=0.520593 (diff=0.032268 amp=0.520593)  test=1.489456 (diff=0.025390 amp=1.464066)  diff_lr=0.00e+00 amp_lr=2.09e-05
Epoch 197/300  train=0.536233 (diff=0.029893 amp=0.536233)  test=1.671949 (diff=0.024650 amp=1.647299)  diff_lr=0.00e+00 amp_lr=2.07e-05
Epoch 198/300  train=0.555371 (diff=0.032604 amp=0.555371)  test=1.696442 (diff=0.014809 amp=1.681634)  diff_lr=0.00e+00 amp_lr=2.05e-05
Epoch 199/300  train=0.552238 (diff=0.029687 amp=0.552238)  test=1.524725 (diff=0.018473 amp=1.506252)  diff_lr=0.00e+00 amp_lr=2.04e-05
Epoch 200/300  train=0.534292 (diff=0.030640 amp=0.534292)  test=1.671961 (diff=0.019814 amp=1.652147)  diff_lr=0.00e+00 amp_lr=2.02e-05
Epoch 201/300  train=0.523178 (diff=0.032570 amp=0.523178)  test=1.587090 (diff=0.020679 amp=1.566411)  diff_lr=0.00e+00 amp_lr=2.00e-05
Epoch 202/300  train=0.557302 (diff=0.033472 amp=0.557302)  test=1.579664 (diff=0.017901 amp=1.561763)  diff_lr=0.00e+00 amp_lr=1.98e-05
Epoch 203/300  train=0.565772 (diff=0.030914 amp=0.565772)  test=1.668136 (diff=0.022583 amp=1.645553)  diff_lr=0.00e+00 amp_lr=1.96e-05
Epoch 204/300  train=0.523209 (diff=0.032595 amp=0.523209)  test=1.540742 (diff=0.017783 amp=1.522958)  diff_lr=0.00e+00 amp_lr=1.95e-05
Epoch 205/300  train=0.503541 (diff=0.029295 amp=0.503541)  test=1.623880 (diff=0.020036 amp=1.603844)  diff_lr=0.00e+00 amp_lr=1.93e-05
Epoch 206/300  train=0.554414 (diff=0.031189 amp=0.554414)  test=1.645306 (diff=0.020724 amp=1.624582)  diff_lr=0.00e+00 amp_lr=1.91e-05
Epoch 207/300  train=0.495338 (diff=0.029815 amp=0.495338)  test=1.721810 (diff=0.027890 amp=1.693920)  diff_lr=0.00e+00 amp_lr=1.89e-05
Epoch 208/300  train=0.568279 (diff=0.033193 amp=0.568279)  test=1.545248 (diff=0.024140 amp=1.521109)  diff_lr=0.00e+00 amp_lr=1.88e-05
Epoch 209/300  train=0.505919 (diff=0.032289 amp=0.505919)  test=1.586904 (diff=0.022587 amp=1.564318)  diff_lr=0.00e+00 amp_lr=1.86e-05
Epoch 210/300  train=0.520059 (diff=0.030340 amp=0.520059)  test=1.559037 (diff=0.021751 amp=1.537286)  diff_lr=0.00e+00 amp_lr=1.84e-05
Epoch 211/300  train=0.545353 (diff=0.029476 amp=0.545353)  test=1.718332 (diff=0.013302 amp=1.705029)  diff_lr=0.00e+00 amp_lr=1.82e-05
Epoch 212/300  train=0.564932 (diff=0.030077 amp=0.564932)  test=1.610194 (diff=0.031673 amp=1.578521)  diff_lr=0.00e+00 amp_lr=1.81e-05
Epoch 213/300  train=0.549847 (diff=0.033768 amp=0.549847)  test=1.895004 (diff=0.013105 amp=1.881899)  diff_lr=0.00e+00 amp_lr=1.79e-05
Epoch 214/300  train=0.497647 (diff=0.033328 amp=0.497647)  test=1.571382 (diff=0.020668 amp=1.550714)  diff_lr=0.00e+00 amp_lr=1.77e-05
Epoch 215/300  train=0.519635 (diff=0.031299 amp=0.519635)  test=1.684107 (diff=0.022265 amp=1.661842)  diff_lr=0.00e+00 amp_lr=1.76e-05
Epoch 216/300  train=0.582369 (diff=0.032163 amp=0.582369)  test=1.616374 (diff=0.018387 amp=1.597987)  diff_lr=0.00e+00 amp_lr=1.74e-05
Epoch 217/300  train=0.546239 (diff=0.031930 amp=0.546239)  test=1.600760 (diff=0.017071 amp=1.583689)  diff_lr=0.00e+00 amp_lr=1.73e-05
Epoch 218/300  train=0.545450 (diff=0.031866 amp=0.545450)  test=1.654718 (diff=0.034981 amp=1.619738)  diff_lr=0.00e+00 amp_lr=1.71e-05
Epoch 219/300  train=0.560106 (diff=0.033178 amp=0.560106)  test=1.508988 (diff=0.018634 amp=1.490354)  diff_lr=0.00e+00 amp_lr=1.69e-05
Epoch 220/300  train=0.568276 (diff=0.031323 amp=0.568276)  test=1.641086 (diff=0.018762 amp=1.622324)  diff_lr=0.00e+00 amp_lr=1.68e-05
Epoch 221/300  train=0.558230 (diff=0.030360 amp=0.558230)  test=1.600374 (diff=0.028191 amp=1.572183)  diff_lr=0.00e+00 amp_lr=1.66e-05
Epoch 222/300  train=0.541363 (diff=0.031850 amp=0.541363)  test=1.518007 (diff=0.017556 amp=1.500450)  diff_lr=0.00e+00 amp_lr=1.65e-05
Epoch 223/300  train=0.531765 (diff=0.033689 amp=0.531765)  test=1.495344 (diff=0.023334 amp=1.472010)  diff_lr=0.00e+00 amp_lr=1.63e-05
Epoch 224/300  train=0.578125 (diff=0.031642 amp=0.578125)  test=1.712325 (diff=0.018364 amp=1.693961)  diff_lr=0.00e+00 amp_lr=1.62e-05
Epoch 225/300  train=0.514797 (diff=0.031928 amp=0.514797)  test=1.619514 (diff=0.025074 amp=1.594440)  diff_lr=0.00e+00 amp_lr=1.60e-05
Epoch 226/300  train=0.523417 (diff=0.031189 amp=0.523417)  test=1.628562 (diff=0.026164 amp=1.602397)  diff_lr=0.00e+00 amp_lr=1.59e-05
Epoch 227/300  train=0.622034 (diff=0.031449 amp=0.622034)  test=1.553407 (diff=0.012984 amp=1.540423)  diff_lr=0.00e+00 amp_lr=1.57e-05
Epoch 228/300  train=0.514583 (diff=0.029476 amp=0.514583)  test=1.702375 (diff=0.027292 amp=1.675083)  diff_lr=0.00e+00 amp_lr=1.56e-05
Epoch 229/300  train=0.483184 (diff=0.032000 amp=0.483184)  test=1.593254 (diff=0.018189 amp=1.575065)  diff_lr=0.00e+00 amp_lr=1.54e-05
Epoch 230/300  train=0.509675 (diff=0.030846 amp=0.509675)  test=1.661031 (diff=0.025270 amp=1.635761)  diff_lr=0.00e+00 amp_lr=1.53e-05
Epoch 231/300  train=0.517315 (diff=0.031145 amp=0.517315)  test=1.638118 (diff=0.020994 amp=1.617124)  diff_lr=0.00e+00 amp_lr=1.51e-05
Epoch 232/300  train=0.588609 (diff=0.031322 amp=0.588609)  test=1.624936 (diff=0.023140 amp=1.601796)  diff_lr=0.00e+00 amp_lr=1.50e-05
Epoch 233/300  train=0.498052 (diff=0.031676 amp=0.498052)  test=1.731977 (diff=0.021778 amp=1.710198)  diff_lr=0.00e+00 amp_lr=1.49e-05
Epoch 234/300  train=0.543080 (diff=0.030062 amp=0.543080)  test=1.526309 (diff=0.018766 amp=1.507543)  diff_lr=0.00e+00 amp_lr=1.47e-05
Epoch 235/300  train=0.523533 (diff=0.030970 amp=0.523533)  test=1.539354 (diff=0.027078 amp=1.512276)  diff_lr=0.00e+00 amp_lr=1.46e-05
Epoch 236/300  train=0.512009 (diff=0.032629 amp=0.512009)  test=1.574921 (diff=0.016803 amp=1.558119)  diff_lr=0.00e+00 amp_lr=1.45e-05
Epoch 237/300  train=0.526659 (diff=0.032140 amp=0.526659)  test=1.705985 (diff=0.013465 amp=1.692520)  diff_lr=0.00e+00 amp_lr=1.43e-05
Epoch 238/300  train=0.510811 (diff=0.032325 amp=0.510811)  test=1.597407 (diff=0.025984 amp=1.571424)  diff_lr=0.00e+00 amp_lr=1.42e-05
Epoch 239/300  train=0.536130 (diff=0.031587 amp=0.536130)  test=1.487150 (diff=0.013983 amp=1.473167)  diff_lr=0.00e+00 amp_lr=1.41e-05
Epoch 240/300  train=0.536934 (diff=0.033821 amp=0.536934)  test=1.655885 (diff=0.019194 amp=1.636691)  diff_lr=0.00e+00 amp_lr=1.39e-05
Epoch 241/300  train=0.517681 (diff=0.032282 amp=0.517681)  test=1.526527 (diff=0.012303 amp=1.514223)  diff_lr=0.00e+00 amp_lr=1.38e-05
Epoch 242/300  train=0.524377 (diff=0.030088 amp=0.524377)  test=1.530119 (diff=0.031314 amp=1.498805)  diff_lr=0.00e+00 amp_lr=1.37e-05
Epoch 243/300  train=0.543668 (diff=0.031124 amp=0.543668)  test=1.510877 (diff=0.020699 amp=1.490177)  diff_lr=0.00e+00 amp_lr=1.36e-05
Epoch 244/300  train=0.523703 (diff=0.031072 amp=0.523703)  test=1.607483 (diff=0.022518 amp=1.584965)  diff_lr=0.00e+00 amp_lr=1.35e-05
Epoch 245/300  train=0.478530 (diff=0.031055 amp=0.478530)  test=1.515865 (diff=0.019661 amp=1.496203)  diff_lr=0.00e+00 amp_lr=1.33e-05
Epoch 246/300  train=0.513130 (diff=0.029926 amp=0.513130)  test=1.623155 (diff=0.017288 amp=1.605866)  diff_lr=0.00e+00 amp_lr=1.32e-05
Epoch 247/300  train=0.562372 (diff=0.031228 amp=0.562372)  test=1.566410 (diff=0.019623 amp=1.546788)  diff_lr=0.00e+00 amp_lr=1.31e-05
Epoch 248/300  train=0.494610 (diff=0.030439 amp=0.494610)  test=1.471155 (diff=0.022007 amp=1.449149)  diff_lr=0.00e+00 amp_lr=1.30e-05
Epoch 249/300  train=0.505332 (diff=0.029620 amp=0.505332)  test=1.439554 (diff=0.027086 amp=1.412468)  diff_lr=0.00e+00 amp_lr=1.29e-05
Epoch 250/300  train=0.508820 (diff=0.031209 amp=0.508820)  test=1.434340 (diff=0.020437 amp=1.413903)  diff_lr=0.00e+00 amp_lr=1.28e-05
Epoch 251/300  train=0.526820 (diff=0.030407 amp=0.526820)  test=1.532901 (diff=0.016462 amp=1.516439)  diff_lr=0.00e+00 amp_lr=1.27e-05
Epoch 252/300  train=0.534319 (diff=0.032300 amp=0.534319)  test=1.396752 (diff=0.017688 amp=1.379064)  diff_lr=0.00e+00 amp_lr=1.26e-05
Epoch 253/300  train=0.514482 (diff=0.032079 amp=0.514482)  test=1.446954 (diff=0.021465 amp=1.425488)  diff_lr=0.00e+00 amp_lr=1.25e-05
Epoch 254/300  train=0.548396 (diff=0.032993 amp=0.548396)  test=1.434313 (diff=0.025085 amp=1.409229)  diff_lr=0.00e+00 amp_lr=1.24e-05
Epoch 255/300  train=0.532547 (diff=0.031026 amp=0.532547)  test=1.538977 (diff=0.020762 amp=1.518215)  diff_lr=0.00e+00 amp_lr=1.23e-05
Epoch 256/300  train=0.527748 (diff=0.033356 amp=0.527748)  test=1.524827 (diff=0.022748 amp=1.502079)  diff_lr=0.00e+00 amp_lr=1.22e-05
Epoch 257/300  train=0.560897 (diff=0.032480 amp=0.560897)  test=1.441898 (diff=0.016805 amp=1.425093)  diff_lr=0.00e+00 amp_lr=1.21e-05
Epoch 258/300  train=0.613537 (diff=0.030193 amp=0.613537)  test=1.419754 (diff=0.034214 amp=1.385540)  diff_lr=0.00e+00 amp_lr=1.20e-05
Epoch 259/300  train=0.520770 (diff=0.031663 amp=0.520770)  test=1.426864 (diff=0.021717 amp=1.405148)  diff_lr=0.00e+00 amp_lr=1.19e-05
Epoch 260/300  train=0.495454 (diff=0.031116 amp=0.495454)  test=1.500546 (diff=0.011729 amp=1.488817)  diff_lr=0.00e+00 amp_lr=1.18e-05
Epoch 261/300  train=0.492855 (diff=0.030903 amp=0.492855)  test=1.441822 (diff=0.018331 amp=1.423491)  diff_lr=0.00e+00 amp_lr=1.17e-05
Epoch 262/300  train=0.554082 (diff=0.033914 amp=0.554082)  test=1.568179 (diff=0.012601 amp=1.555578)  diff_lr=0.00e+00 amp_lr=1.16e-05
Epoch 263/300  train=0.516902 (diff=0.032235 amp=0.516902)  test=1.453123 (diff=0.022492 amp=1.430631)  diff_lr=0.00e+00 amp_lr=1.16e-05
Epoch 264/300  train=0.528971 (diff=0.029737 amp=0.528971)  test=1.408580 (diff=0.013707 amp=1.394873)  diff_lr=0.00e+00 amp_lr=1.15e-05
Epoch 265/300  train=0.580576 (diff=0.032092 amp=0.580576)  test=1.413875 (diff=0.017250 amp=1.396625)  diff_lr=0.00e+00 amp_lr=1.14e-05
Epoch 266/300  train=0.532815 (diff=0.029916 amp=0.532815)  test=1.429578 (diff=0.015683 amp=1.413895)  diff_lr=0.00e+00 amp_lr=1.13e-05
Epoch 267/300  train=0.508676 (diff=0.031520 amp=0.508676)  test=1.492703 (diff=0.019927 amp=1.472776)  diff_lr=0.00e+00 amp_lr=1.13e-05
Epoch 268/300  train=0.517846 (diff=0.032376 amp=0.517846)  test=1.491670 (diff=0.023796 amp=1.467875)  diff_lr=0.00e+00 amp_lr=1.12e-05
Epoch 269/300  train=0.536406 (diff=0.030431 amp=0.536406)  test=1.479587 (diff=0.016427 amp=1.463159)  diff_lr=0.00e+00 amp_lr=1.11e-05
Epoch 270/300  train=0.528468 (diff=0.031436 amp=0.528468)  test=1.403357 (diff=0.013715 amp=1.389643)  diff_lr=0.00e+00 amp_lr=1.10e-05
Epoch 271/300  train=0.543365 (diff=0.033018 amp=0.543365)  test=1.409322 (diff=0.019389 amp=1.389933)  diff_lr=0.00e+00 amp_lr=1.10e-05
Epoch 272/300  train=0.539890 (diff=0.030950 amp=0.539890)  test=1.502194 (diff=0.051217 amp=1.450977)  diff_lr=0.00e+00 amp_lr=1.09e-05
Epoch 273/300  train=0.544930 (diff=0.032266 amp=0.544930)  test=1.431020 (diff=0.012356 amp=1.418664)  diff_lr=0.00e+00 amp_lr=1.09e-05
Epoch 274/300  train=0.497390 (diff=0.030932 amp=0.497390)  test=1.389365 (diff=0.017443 amp=1.371923)  diff_lr=0.00e+00 amp_lr=1.08e-05
Epoch 275/300  train=0.525558 (diff=0.032240 amp=0.525558)  test=1.422853 (diff=0.022166 amp=1.400687)  diff_lr=0.00e+00 amp_lr=1.07e-05
Epoch 276/300  train=0.543762 (diff=0.031957 amp=0.543762)  test=1.372248 (diff=0.015349 amp=1.356899)  diff_lr=0.00e+00 amp_lr=1.07e-05
Epoch 277/300  train=0.464879 (diff=0.033144 amp=0.464879)  test=1.551412 (diff=0.046951 amp=1.504461)  diff_lr=0.00e+00 amp_lr=1.06e-05
Epoch 278/300  train=0.552322 (diff=0.032209 amp=0.552322)  test=1.370682 (diff=0.018620 amp=1.352062)  diff_lr=0.00e+00 amp_lr=1.06e-05
Epoch 279/300  train=0.538704 (diff=0.031165 amp=0.538704)  test=1.532395 (diff=0.018301 amp=1.514094)  diff_lr=0.00e+00 amp_lr=1.05e-05
Epoch 280/300  train=0.526754 (diff=0.034235 amp=0.526754)  test=1.559319 (diff=0.021340 amp=1.537979)  diff_lr=0.00e+00 amp_lr=1.05e-05
Epoch 281/300  train=0.479799 (diff=0.032882 amp=0.479799)  test=1.475213 (diff=0.027433 amp=1.447781)  diff_lr=0.00e+00 amp_lr=1.04e-05
Epoch 282/300  train=0.546802 (diff=0.031667 amp=0.546802)  test=1.521041 (diff=0.014888 amp=1.506153)  diff_lr=0.00e+00 amp_lr=1.04e-05
Epoch 283/300  train=0.526581 (diff=0.031516 amp=0.526581)  test=1.517807 (diff=0.023409 amp=1.494398)  diff_lr=0.00e+00 amp_lr=1.04e-05
Epoch 284/300  train=0.476523 (diff=0.030948 amp=0.476523)  test=1.510022 (diff=0.017797 amp=1.492225)  diff_lr=0.00e+00 amp_lr=1.03e-05
Epoch 285/300  train=0.505011 (diff=0.031829 amp=0.505011)  test=1.370365 (diff=0.019983 amp=1.350382)  diff_lr=0.00e+00 amp_lr=1.03e-05
Epoch 286/300  train=0.514745 (diff=0.031830 amp=0.514745)  test=1.479162 (diff=0.017035 amp=1.462127)  diff_lr=0.00e+00 amp_lr=1.02e-05
Epoch 287/300  train=0.491821 (diff=0.031335 amp=0.491821)  test=1.496780 (diff=0.012506 amp=1.484274)  diff_lr=0.00e+00 amp_lr=1.02e-05
Epoch 288/300  train=0.513033 (diff=0.033694 amp=0.513033)  test=1.460418 (diff=0.024524 amp=1.435894)  diff_lr=0.00e+00 amp_lr=1.02e-05
Epoch 289/300  train=0.527131 (diff=0.030469 amp=0.527131)  test=1.380960 (diff=0.008258 amp=1.372701)  diff_lr=0.00e+00 amp_lr=1.02e-05
Epoch 290/300  train=0.534911 (diff=0.032855 amp=0.534911)  test=1.400667 (diff=0.023439 amp=1.377228)  diff_lr=0.00e+00 amp_lr=1.01e-05
Epoch 291/300  train=0.499139 (diff=0.030693 amp=0.499139)  test=1.404233 (diff=0.028639 amp=1.375594)  diff_lr=0.00e+00 amp_lr=1.01e-05
Epoch 292/300  train=0.548654 (diff=0.032116 amp=0.548654)  test=1.516914 (diff=0.021489 amp=1.495425)  diff_lr=0.00e+00 amp_lr=1.01e-05
Epoch 293/300  train=0.462917 (diff=0.031389 amp=0.462917)  test=1.460418 (diff=0.023850 amp=1.436567)  diff_lr=0.00e+00 amp_lr=1.01e-05
Epoch 294/300  train=0.606452 (diff=0.029692 amp=0.606452)  test=1.461954 (diff=0.019487 amp=1.442467)  diff_lr=0.00e+00 amp_lr=1.01e-05
Epoch 295/300  train=0.530874 (diff=0.032350 amp=0.530874)  test=1.455419 (diff=0.018139 amp=1.437280)  diff_lr=0.00e+00 amp_lr=1.00e-05
Epoch 296/300  train=0.536098 (diff=0.031918 amp=0.536098)  test=1.531197 (diff=0.021071 amp=1.510126)  diff_lr=0.00e+00 amp_lr=1.00e-05
Epoch 297/300  train=0.550393 (diff=0.031582 amp=0.550393)  test=1.514506 (diff=0.017687 amp=1.496819)  diff_lr=0.00e+00 amp_lr=1.00e-05
Epoch 298/300  train=0.581678 (diff=0.032134 amp=0.581678)  test=1.479133 (diff=0.018178 amp=1.460956)  diff_lr=0.00e+00 amp_lr=1.00e-05
Epoch 299/300  train=0.471263 (diff=0.030748 amp=0.471263)  test=1.507754 (diff=0.020336 amp=1.487419)  diff_lr=0.00e+00 amp_lr=1.00e-05
Epoch 300/300  train=0.496919 (diff=0.031275 amp=0.496919)  test=1.380597 (diff=0.013367 amp=1.367230)  diff_lr=0.00e+00 amp_lr=1.00e-05

Training complete.

==========================================
exp051: Training complete at: Mon Mar 30 13:13:51     2026
Starting evaluation...
==========================================
C:\lxr\study\final\src\model\diffusion.py:434: UserWarning: enable_nested_tensor is True, but self.use_nested_tensor is False because encoder_layer.norm_first was True
  self.attn = nn.TransformerEncoder(attn_layer, num_layers=n_attn_layers)
C:\lxr\study\final\src\model\evaluate.py:207: FutureWarning: `torch.cuda.amp.autocast(args...)` is deprecated. Please use `torch.amp.autocast('cuda', args...)` instead.
  autocast_ctx = torch.cuda.amp.autocast() if device.type == "cuda" else torch.inference_mode()
Device: cuda
Test tracks: 30

--- Evaluating Baseline ---
{
  "baseline_rpa": {
    "mean": 0.9446448217533749,
    "std": 0.03822733972862986,
    "min": 0.7996011964107677,
    "max": 0.9896858884200657
  },
  "baseline_f0_mae": {
    "mean": 34.12835753758748,
    "std": 50.12239399213163,
    "min": 14.696958541870117,
    "max": 277.7970886230469
  },
  "baseline_amp_corr": {
    "mean": 0.736660604349787,
    "std": 0.13919692324004487,
    "min": 0.45848959940508205,
    "max": 0.948161092164857
  },
  "baseline_amp_rmse_log": {
    "mean": 0.8718445201714834,
    "std": 0.6052760358136731,
    "min": 0.38461315631866455,
    "max": 3.739269733428955
  },
  "baseline_vde_mean": {
    "mean": 11.489839159083592,
    "std": 7.344295595005651,
    "min": 1.7205199725984546,
    "max": 35.0156226680229
  },
  "baseline_vre_mean": {
    "mean": 0.7565739044406616,
    "std": 0.31195263643606413,
    "min": 0.0,
    "max": 1.324212063813531
  },
  "baseline_n_vibrato_notes": {
    "mean": 58.43333333333333,
    "std": 56.101505228370556,
    "min": 2.0,
    "max": 185.0
  }
}

--- Evaluating Diffusion ---
Loaded baseline from experiments/checkpoints/exp051\baseline_best.pt
Loaded AmpPredictor (hidden=256, gru_hidden=128, layers=2, dropout=0.3, f0_conditioned=False, use_attention=True, n_attn_heads=4, n_attn_layers=2, instrument_conditioned=False, note_position_conditioned=False, velocity_conditioned=False, condition_dropout=0.0) from experiments/checkpoints/exp051\amp_predictor_best.pt
Loaded EncoderAdapter (bottleneck=64, layers=1) from experiments/checkpoints/exp051\encoder_adapter_best.pt
Traceback (most recent call last):
  File "C:\lxr\study\final\src\model\evaluate.py", line 759, in <module>
    main()
  File "C:\lxr\study\final\src\model\evaluate.py", line 733, in main
    diff_metrics = evaluate_diffusion(
                   ^^^^^^^^^^^^^^^^^^^
  File "C:\lxr\study\final\src\model\evaluate.py", line 288, in evaluate_diffusion
    x_gen = diffusion.ddim_sample(condition_perm, n_steps=ddim_steps, eta=eta)
            ^^^^^^^^^^^^^^^^^^^^^^^^^^^^^^^^^^^^^^^^^^^^^^^^^^^^^^^^^^^^^^^^^^
  File "C:\Users\17145\AppData\Local\Programs\Python\Python312\Lib\site-packages\torch\utils\_contextlib.py", line 124, in decorate_context
    return func(*args, **kwargs)
           ^^^^^^^^^^^^^^^^^^^^^
  File "C:\lxr\study\final\src\model\diffusion.py", line 311, in ddim_sample
    noise_pred = self.unet(x, t_batch, condition)
                 ^^^^^^^^^^^^^^^^^^^^^^^^^^^^^^^^
  File "C:\Users\17145\AppData\Local\Programs\Python\Python312\Lib\site-packages\torch\nn\modules\module.py", line 1776, in _wrapped_call_impl
    return self._call_impl(*args, **kwargs)
           ^^^^^^^^^^^^^^^^^^^^^^^^^^^^^^^^
  File "C:\Users\17145\AppData\Local\Programs\Python\Python312\Lib\site-packages\torch\nn\modules\module.py", line 1787, in _call_impl
    return forward_call(*args, **kwargs)
           ^^^^^^^^^^^^^^^^^^^^^^^^^^^^^
  File "C:\lxr\study\final\src\model\diffusion.py", line 231, in forward
    h, skip = down(h, t_emb)
              ^^^^^^^^^^^^^^
  File "C:\Users\17145\AppData\Local\Programs\Python\Python312\Lib\site-packages\torch\nn\modules\module.py", line 1776, in _wrapped_call_impl
    return self._call_impl(*args, **kwargs)
           ^^^^^^^^^^^^^^^^^^^^^^^^^^^^^^^^
  File "C:\Users\17145\AppData\Local\Programs\Python\Python312\Lib\site-packages\torch\nn\modules\module.py", line 1787, in _call_impl
    return forward_call(*args, **kwargs)
           ^^^^^^^^^^^^^^^^^^^^^^^^^^^^^
  File "C:\lxr\study\final\src\model\diffusion.py", line 130, in forward
    h = attn(h)
        ^^^^^^^
  File "C:\Users\17145\AppData\Local\Programs\Python\Python312\Lib\site-packages\torch\nn\modules\module.py", line 1776, in _wrapped_call_impl
    return self._call_impl(*args, **kwargs)
           ^^^^^^^^^^^^^^^^^^^^^^^^^^^^^^^^
  File "C:\Users\17145\AppData\Local\Programs\Python\Python312\Lib\site-packages\torch\nn\modules\module.py", line 1787, in _call_impl
    return forward_call(*args, **kwargs)
           ^^^^^^^^^^^^^^^^^^^^^^^^^^^^^
  File "C:\lxr\study\final\src\model\diffusion.py", line 104, in forward
    h, _ = self.attn(h, h, h)
           ^^^^^^^^^^^^^^^^^^
  File "C:\Users\17145\AppData\Local\Programs\Python\Python312\Lib\site-packages\torch\nn\modules\module.py", line 1776, in _wrapped_call_impl
    return self._call_impl(*args, **kwargs)
           ^^^^^^^^^^^^^^^^^^^^^^^^^^^^^^^^
  File "C:\Users\17145\AppData\Local\Programs\Python\Python312\Lib\site-packages\torch\nn\modules\module.py", line 1787, in _call_impl
    return forward_call(*args, **kwargs)
           ^^^^^^^^^^^^^^^^^^^^^^^^^^^^^
  File "C:\Users\17145\AppData\Local\Programs\Python\Python312\Lib\site-packages\torch\nn\modules\activation.py", line 1491, in forward
    attn_output, attn_output_weights = F.multi_head_attention_forward(
                                       ^^^^^^^^^^^^^^^^^^^^^^^^^^^^^^^
  File "C:\Users\17145\AppData\Local\Programs\Python\Python312\Lib\site-packages\torch\nn\functional.py", line 6590, in multi_head_attention_forward
    attn_output_weights = softmax(attn_output_weights, dim=-1)
                          ^^^^^^^^^^^^^^^^^^^^^^^^^^^^^^^^^^^^
  File "C:\Users\17145\AppData\Local\Programs\Python\Python312\Lib\site-packages\torch\nn\functional.py", line 2157, in softmax
    ret = input.softmax(dim)
          ^^^^^^^^^^^^^^^^^^
torch.OutOfMemoryError: CUDA out of memory. Tried to allocate 7.56 GiB. GPU 0 has a total capacity of 7.96 GiB of which 2.68 GiB is free. 7.56 GiB allowed; Of the allocated memory 4.01 GiB is allocated by PyTorch, and 119.80 MiB is reserved by PyTorch but unallocated. If reserved but unallocated memory is large try setting PYTORCH_ALLOC_CONF=expandable_segments:True to avoid fragmentation.  See documentation for Memory Management  (https://pytorch.org/docs/stable/notes/cuda.html#environment-variables)
