==========================================
exp053: TCN AmpPredictor (dilated CNN)
Training started at: Mon Mar 30 15:10:50     2026
==========================================
Device: cuda
Config: {
  "data_dir": "C:\\lxr\\study\\final\\datagen\\solo\\URMP",
  "bach10_dir": "C:\\lxr\\study\\final\\datagen\\solo\\Bach10",
  "phenicx_dir": "C:\\lxr\\study\\final\\datagen\\solo\\PHENICX",
  "trios_dir": "C:\\lxr\\study\\final\\datagen\\solo\\TRIOS",
  "output_dir": "experiments/checkpoints/exp053",
  "instruments": [
    "vn",
    "va",
    "vc",
    "fl",
    "ob",
    "cl",
    "sax",
    "tpt",
    "tbn",
    "bn"
  ],
  "crop_len": 512,
  "seed": 42,
  "stage1": {
    "batch_size": 32,
    "lr": 0.001,
    "epochs": 100,
    "lam": 1.0,
    "patience": 15,
    "lr_patience": 5,
    "lr_factor": 0.5,
    "dropout": 0.3
  },
  "stage2": {
    "batch_size": 16,
    "lr": 0.0002,
    "epochs": 300,
    "ema_decay": 0.995,
    "n_diffusion_steps": 1000,
    "samples_per_epoch": 1860,
    "lr_min": 1e-05,
    "n_channels": 1,
    "amp_type": "tcn",
    "tcn_channels": 256,
    "tcn_layers": 8,
    "tcn_kernel_size": 3,
    "amp_dropout": 0.2,
    "amp_corr_weight": 0.3,
    "amp_grad_weight": 0.2,
    "amp_lr": 5e-05,
    "amp_weight_decay": 0.0001,
    "amp_augment": true,
    "amp_augment_scale": 0.2,
    "amp_augment_jitter": 0.05,
    "freeze_diffusion": true,
    "diffusion_checkpoint": "experiments/checkpoints/exp034/diffusion_best_ema.pt",
    "amp_instrument_conditioned": false
  },
  "stage3": {
    "batch_size": 16,
    "lr": 0.0002,
    "epochs": 200,
    "ema_decay": 0.995,
    "n_diffusion_steps": 1000,
    "samples_per_epoch": null
  },
  "save_every": 10,
  "baseline_checkpoint": "experiments/checkpoints/exp033/baseline_best.pt"
}
Loaded baseline from experiments/checkpoints/exp033/baseline_best.pt

============================================================
Stage 2: Training 1ch Diffusion (f0) + AmpPredictor
============================================================
Train: 153 tracks, samples_per_epoch=1860
Amp log stats: mean=-4.6780, std=1.5514
Diffusion n_channels=1
Loaded pre-trained diffusion from experiments/checkpoints/exp034/diffusion_best_ema.pt
Diffusion FROZEN ¡ª only training AmpPredictor
TCNAmpPredictor (channels=256, layers=8, kernel=3, dropout=0.2)
AmpPredictor optimizer: lr=5e-05, weight_decay=0.0001
Using CosineAnnealingLR (amp): lr 5e-05 -> 1e-05 over 300 epochs
Amplitude augmentation ENABLED: scale=0.2, jitter=0.05
Epoch 1/300  train=12.615917 (diff=0.032424 amp=12.615917)  test=5.134031 (diff=0.033119 amp=5.100911)  diff_lr=0.00e+00 amp_lr=5.00e-05
  -> New best test_loss=5.134031
  -> New best test_amp_loss=5.100911, saved amp_predictor
Epoch 2/300  train=2.049836 (diff=0.033005 amp=2.049836)  test=7.346180 (diff=0.026189 amp=7.319991)  diff_lr=0.00e+00 amp_lr=5.00e-05
Epoch 3/300  train=1.586231 (diff=0.030789 amp=1.586231)  test=2.231476 (diff=0.020072 amp=2.211404)  diff_lr=0.00e+00 amp_lr=5.00e-05
  -> New best test_loss=2.231476
  -> New best test_amp_loss=2.211404, saved amp_predictor
Epoch 4/300  train=1.455806 (diff=0.032171 amp=1.455806)  test=3.194374 (diff=0.015738 amp=3.178636)  diff_lr=0.00e+00 amp_lr=5.00e-05
Epoch 5/300  train=1.272989 (diff=0.032983 amp=1.272989)  test=1.890294 (diff=0.020650 amp=1.869644)  diff_lr=0.00e+00 amp_lr=5.00e-05
  -> New best test_loss=1.890294
  -> New best test_amp_loss=1.869644, saved amp_predictor
Epoch 6/300  train=1.235035 (diff=0.031363 amp=1.235035)  test=2.152710 (diff=0.011645 amp=2.141065)  diff_lr=0.00e+00 amp_lr=5.00e-05
Epoch 7/300  train=1.100499 (diff=0.030685 amp=1.100499)  test=1.903911 (diff=0.028026 amp=1.875884)  diff_lr=0.00e+00 amp_lr=5.00e-05
Epoch 8/300  train=1.104593 (diff=0.031102 amp=1.104593)  test=2.697550 (diff=0.023099 amp=2.674451)  diff_lr=0.00e+00 amp_lr=4.99e-05
Epoch 9/300  train=1.067434 (diff=0.031892 amp=1.067434)  test=2.235660 (diff=0.029951 amp=2.205709)  diff_lr=0.00e+00 amp_lr=4.99e-05
Epoch 10/300  train=1.058308 (diff=0.028867 amp=1.058308)  test=2.199069 (diff=0.021394 amp=2.177675)  diff_lr=0.00e+00 amp_lr=4.99e-05
Epoch 11/300  train=1.042297 (diff=0.030425 amp=1.042297)  test=2.458726 (diff=0.027984 amp=2.430742)  diff_lr=0.00e+00 amp_lr=4.99e-05
Epoch 12/300  train=0.985118 (diff=0.032254 amp=0.985118)  test=2.171698 (diff=0.037045 amp=2.134653)  diff_lr=0.00e+00 amp_lr=4.99e-05
Epoch 13/300  train=0.971641 (diff=0.031724 amp=0.971641)  test=2.062488 (diff=0.044598 amp=2.017891)  diff_lr=0.00e+00 amp_lr=4.98e-05
Epoch 14/300  train=0.975703 (diff=0.032710 amp=0.975703)  test=1.876123 (diff=0.017406 amp=1.858717)  diff_lr=0.00e+00 amp_lr=4.98e-05
  -> New best test_loss=1.876123
  -> New best test_amp_loss=1.858717, saved amp_predictor
Epoch 15/300  train=0.965142 (diff=0.030430 amp=0.965142)  test=1.892057 (diff=0.029530 amp=1.862527)  diff_lr=0.00e+00 amp_lr=4.98e-05
Epoch 16/300  train=0.893519 (diff=0.030912 amp=0.893519)  test=2.041883 (diff=0.021764 amp=2.020119)  diff_lr=0.00e+00 amp_lr=4.98e-05
Epoch 17/300  train=0.910539 (diff=0.032311 amp=0.910539)  test=1.996475 (diff=0.022227 amp=1.974248)  diff_lr=0.00e+00 amp_lr=4.97e-05
Epoch 18/300  train=0.879055 (diff=0.030434 amp=0.879055)  test=2.464003 (diff=0.015816 amp=2.448187)  diff_lr=0.00e+00 amp_lr=4.97e-05
Epoch 19/300  train=0.946321 (diff=0.031302 amp=0.946321)  test=1.950994 (diff=0.021418 amp=1.929576)  diff_lr=0.00e+00 amp_lr=4.96e-05
Epoch 20/300  train=0.849724 (diff=0.032311 amp=0.849724)  test=1.984070 (diff=0.013398 amp=1.970672)  diff_lr=0.00e+00 amp_lr=4.96e-05
Epoch 21/300  train=0.844818 (diff=0.030684 amp=0.844818)  test=2.176031 (diff=0.017722 amp=2.158309)  diff_lr=0.00e+00 amp_lr=4.96e-05
Epoch 22/300  train=0.832744 (diff=0.032039 amp=0.832744)  test=1.988275 (diff=0.047007 amp=1.941268)  diff_lr=0.00e+00 amp_lr=4.95e-05
Epoch 23/300  train=0.857236 (diff=0.030376 amp=0.857236)  test=1.974848 (diff=0.021360 amp=1.953488)  diff_lr=0.00e+00 amp_lr=4.95e-05
Epoch 24/300  train=0.825721 (diff=0.031981 amp=0.825721)  test=1.975554 (diff=0.027750 amp=1.947803)  diff_lr=0.00e+00 amp_lr=4.94e-05
Epoch 25/300  train=0.870101 (diff=0.030326 amp=0.870101)  test=1.945765 (diff=0.022326 amp=1.923438)  diff_lr=0.00e+00 amp_lr=4.94e-05
Epoch 26/300  train=0.835895 (diff=0.030317 amp=0.835895)  test=1.881350 (diff=0.024456 amp=1.856894)  diff_lr=0.00e+00 amp_lr=4.93e-05
  -> New best test_amp_loss=1.856894, saved amp_predictor
Epoch 27/300  train=0.835752 (diff=0.032077 amp=0.835752)  test=1.936119 (diff=0.021169 amp=1.914950)  diff_lr=0.00e+00 amp_lr=4.93e-05
Epoch 28/300  train=0.778140 (diff=0.032151 amp=0.778140)  test=2.080848 (diff=0.013515 amp=2.067332)  diff_lr=0.00e+00 amp_lr=4.92e-05
Epoch 29/300  train=0.793063 (diff=0.030075 amp=0.793063)  test=2.568447 (diff=0.013352 amp=2.555095)  diff_lr=0.00e+00 amp_lr=4.91e-05
Epoch 30/300  train=0.781864 (diff=0.030773 amp=0.781864)  test=1.859201 (diff=0.026826 amp=1.832375)  diff_lr=0.00e+00 amp_lr=4.91e-05
  -> New best test_loss=1.859201
  -> New best test_amp_loss=1.832375, saved amp_predictor
Epoch 31/300  train=0.796678 (diff=0.030399 amp=0.796678)  test=1.858155 (diff=0.019702 amp=1.838453)  diff_lr=0.00e+00 amp_lr=4.90e-05
  -> New best test_loss=1.858155
Epoch 32/300  train=0.822210 (diff=0.031000 amp=0.822210)  test=2.005373 (diff=0.020835 amp=1.984538)  diff_lr=0.00e+00 amp_lr=4.90e-05
Epoch 33/300  train=0.787501 (diff=0.031564 amp=0.787501)  test=1.955602 (diff=0.022356 amp=1.933247)  diff_lr=0.00e+00 amp_lr=4.89e-05
Epoch 34/300  train=0.788760 (diff=0.032481 amp=0.788760)  test=1.952407 (diff=0.024611 amp=1.927796)  diff_lr=0.00e+00 amp_lr=4.88e-05
Epoch 35/300  train=0.763619 (diff=0.031340 amp=0.763619)  test=2.371789 (diff=0.016398 amp=2.355391)  diff_lr=0.00e+00 amp_lr=4.87e-05
Epoch 36/300  train=0.763819 (diff=0.033643 amp=0.763819)  test=2.103036 (diff=0.016853 amp=2.086183)  diff_lr=0.00e+00 amp_lr=4.87e-05
Epoch 37/300  train=0.756579 (diff=0.033416 amp=0.756579)  test=2.091191 (diff=0.019796 amp=2.071395)  diff_lr=0.00e+00 amp_lr=4.86e-05
Epoch 38/300  train=0.760120 (diff=0.031017 amp=0.760120)  test=1.931425 (diff=0.017561 amp=1.913863)  diff_lr=0.00e+00 amp_lr=4.85e-05
Epoch 39/300  train=0.757765 (diff=0.030561 amp=0.757765)  test=1.926297 (diff=0.025040 amp=1.901257)  diff_lr=0.00e+00 amp_lr=4.84e-05
Epoch 40/300  train=0.773798 (diff=0.032483 amp=0.773798)  test=2.071819 (diff=0.014728 amp=2.057091)  diff_lr=0.00e+00 amp_lr=4.84e-05
Epoch 41/300  train=0.740440 (diff=0.030214 amp=0.740440)  test=2.003494 (diff=0.013914 amp=1.989581)  diff_lr=0.00e+00 amp_lr=4.83e-05
Epoch 42/300  train=0.771280 (diff=0.029933 amp=0.771280)  test=1.902430 (diff=0.025588 amp=1.876842)  diff_lr=0.00e+00 amp_lr=4.82e-05
Epoch 43/300  train=0.759125 (diff=0.031398 amp=0.759125)  test=1.871624 (diff=0.014351 amp=1.857274)  diff_lr=0.00e+00 amp_lr=4.81e-05
Epoch 44/300  train=0.721841 (diff=0.030013 amp=0.721841)  test=1.915548 (diff=0.031284 amp=1.884264)  diff_lr=0.00e+00 amp_lr=4.80e-05
Epoch 45/300  train=0.714789 (diff=0.031011 amp=0.714789)  test=1.969783 (diff=0.026953 amp=1.942830)  diff_lr=0.00e+00 amp_lr=4.79e-05
Epoch 46/300  train=0.764488 (diff=0.031814 amp=0.764488)  test=1.922205 (diff=0.018883 amp=1.903322)  diff_lr=0.00e+00 amp_lr=4.78e-05
Epoch 47/300  train=0.718062 (diff=0.031647 amp=0.718062)  test=2.020647 (diff=0.018351 amp=2.002295)  diff_lr=0.00e+00 amp_lr=4.77e-05
Epoch 48/300  train=0.731622 (diff=0.032450 amp=0.731622)  test=1.832123 (diff=0.010559 amp=1.821564)  diff_lr=0.00e+00 amp_lr=4.76e-05
  -> New best test_loss=1.832123
  -> New best test_amp_loss=1.821564, saved amp_predictor
Epoch 49/300  train=0.752712 (diff=0.031495 amp=0.752712)  test=2.081393 (diff=0.021209 amp=2.060184)  diff_lr=0.00e+00 amp_lr=4.75e-05
Epoch 50/300  train=0.726660 (diff=0.031721 amp=0.726660)  test=1.852864 (diff=0.016742 amp=1.836122)  diff_lr=0.00e+00 amp_lr=4.74e-05
Epoch 51/300  train=0.694036 (diff=0.033186 amp=0.694036)  test=1.838074 (diff=0.019704 amp=1.818370)  diff_lr=0.00e+00 amp_lr=4.73e-05
  -> New best test_amp_loss=1.818370, saved amp_predictor
Epoch 52/300  train=0.716928 (diff=0.031352 amp=0.716928)  test=1.847050 (diff=0.022248 amp=1.824802)  diff_lr=0.00e+00 amp_lr=4.72e-05
Epoch 53/300  train=0.761967 (diff=0.031758 amp=0.761967)  test=1.895435 (diff=0.023762 amp=1.871673)  diff_lr=0.00e+00 amp_lr=4.71e-05
Epoch 54/300  train=0.692885 (diff=0.030398 amp=0.692885)  test=1.825287 (diff=0.020821 amp=1.804466)  diff_lr=0.00e+00 amp_lr=4.70e-05
  -> New best test_loss=1.825287
  -> New best test_amp_loss=1.804466, saved amp_predictor
Epoch 55/300  train=0.735713 (diff=0.032611 amp=0.735713)  test=1.853154 (diff=0.018125 amp=1.835030)  diff_lr=0.00e+00 amp_lr=4.69e-05
Epoch 56/300  train=0.744543 (diff=0.031198 amp=0.744543)  test=1.850868 (diff=0.027243 amp=1.823625)  diff_lr=0.00e+00 amp_lr=4.68e-05
Epoch 57/300  train=0.731502 (diff=0.031515 amp=0.731502)  test=1.981576 (diff=0.019160 amp=1.962416)  diff_lr=0.00e+00 amp_lr=4.67e-05
Epoch 58/300  train=0.695873 (diff=0.030740 amp=0.695873)  test=2.386253 (diff=0.022026 amp=2.364228)  diff_lr=0.00e+00 amp_lr=4.65e-05
Epoch 59/300  train=0.710412 (diff=0.032345 amp=0.710412)  test=2.072726 (diff=0.038874 amp=2.033852)  diff_lr=0.00e+00 amp_lr=4.64e-05
Epoch 60/300  train=0.655845 (diff=0.030414 amp=0.655845)  test=1.817831 (diff=0.011073 amp=1.806758)  diff_lr=0.00e+00 amp_lr=4.63e-05
  -> New best test_loss=1.817831
Epoch 61/300  train=0.735488 (diff=0.032278 amp=0.735488)  test=1.926994 (diff=0.021193 amp=1.905801)  diff_lr=0.00e+00 amp_lr=4.62e-05
Epoch 62/300  train=0.684865 (diff=0.033630 amp=0.684865)  test=2.116430 (diff=0.017250 amp=2.099180)  diff_lr=0.00e+00 amp_lr=4.61e-05
Epoch 63/300  train=0.712574 (diff=0.031581 amp=0.712574)  test=1.861532 (diff=0.020626 amp=1.840906)  diff_lr=0.00e+00 amp_lr=4.59e-05
Epoch 64/300  train=0.636409 (diff=0.030443 amp=0.636409)  test=1.835241 (diff=0.020380 amp=1.814861)  diff_lr=0.00e+00 amp_lr=4.58e-05
Epoch 65/300  train=0.716369 (diff=0.030150 amp=0.716369)  test=2.196377 (diff=0.022158 amp=2.174220)  diff_lr=0.00e+00 amp_lr=4.57e-05
Epoch 66/300  train=0.694349 (diff=0.032336 amp=0.694349)  test=1.833378 (diff=0.014639 amp=1.818739)  diff_lr=0.00e+00 amp_lr=4.55e-05
Epoch 67/300  train=0.662309 (diff=0.033633 amp=0.662309)  test=1.887212 (diff=0.022570 amp=1.864642)  diff_lr=0.00e+00 amp_lr=4.54e-05
Epoch 68/300  train=0.676795 (diff=0.032864 amp=0.676795)  test=1.826768 (diff=0.015083 amp=1.811685)  diff_lr=0.00e+00 amp_lr=4.53e-05
Epoch 69/300  train=0.672299 (diff=0.031659 amp=0.672299)  test=1.936320 (diff=0.024919 amp=1.911401)  diff_lr=0.00e+00 amp_lr=4.51e-05
Epoch 70/300  train=0.694080 (diff=0.030148 amp=0.694080)  test=1.828319 (diff=0.025722 amp=1.802597)  diff_lr=0.00e+00 amp_lr=4.50e-05
  -> New best test_amp_loss=1.802597, saved amp_predictor
Epoch 71/300  train=0.691692 (diff=0.032564 amp=0.691692)  test=1.911180 (diff=0.013145 amp=1.898035)  diff_lr=0.00e+00 amp_lr=4.49e-05
Epoch 72/300  train=0.727783 (diff=0.029915 amp=0.727783)  test=1.841850 (diff=0.016235 amp=1.825614)  diff_lr=0.00e+00 amp_lr=4.47e-05
Epoch 73/300  train=0.627317 (diff=0.033065 amp=0.627317)  test=1.845203 (diff=0.023689 amp=1.821515)  diff_lr=0.00e+00 amp_lr=4.46e-05
Epoch 74/300  train=0.639944 (diff=0.032981 amp=0.639944)  test=1.900527 (diff=0.027229 amp=1.873298)  diff_lr=0.00e+00 amp_lr=4.44e-05
Epoch 75/300  train=0.713805 (diff=0.031093 amp=0.713805)  test=1.800160 (diff=0.024513 amp=1.775647)  diff_lr=0.00e+00 amp_lr=4.43e-05
  -> New best test_loss=1.800160
  -> New best test_amp_loss=1.775647, saved amp_predictor
Epoch 76/300  train=0.690886 (diff=0.031973 amp=0.690886)  test=1.951890 (diff=0.028261 amp=1.923629)  diff_lr=0.00e+00 amp_lr=4.41e-05
Epoch 77/300  train=0.655773 (diff=0.031978 amp=0.655773)  test=1.806354 (diff=0.016124 amp=1.790230)  diff_lr=0.00e+00 amp_lr=4.40e-05
Epoch 78/300  train=0.681657 (diff=0.030591 amp=0.681657)  test=1.849802 (diff=0.018607 amp=1.831195)  diff_lr=0.00e+00 amp_lr=4.38e-05
Epoch 79/300  train=0.692891 (diff=0.032153 amp=0.692891)  test=1.849990 (diff=0.026994 amp=1.822997)  diff_lr=0.00e+00 amp_lr=4.37e-05
Epoch 80/300  train=0.695928 (diff=0.031445 amp=0.695928)  test=1.958744 (diff=0.016670 amp=1.942074)  diff_lr=0.00e+00 amp_lr=4.35e-05
Epoch 81/300  train=0.706271 (diff=0.029993 amp=0.706271)  test=1.968391 (diff=0.025953 amp=1.942438)  diff_lr=0.00e+00 amp_lr=4.34e-05
Epoch 82/300  train=0.661629 (diff=0.031873 amp=0.661629)  test=1.900346 (diff=0.022382 amp=1.877964)  diff_lr=0.00e+00 amp_lr=4.32e-05
Epoch 83/300  train=0.682594 (diff=0.031070 amp=0.682594)  test=1.841699 (diff=0.018607 amp=1.823092)  diff_lr=0.00e+00 amp_lr=4.31e-05
Epoch 84/300  train=0.667937 (diff=0.032009 amp=0.667937)  test=1.900044 (diff=0.022013 amp=1.878030)  diff_lr=0.00e+00 amp_lr=4.29e-05
Epoch 85/300  train=0.646673 (diff=0.030105 amp=0.646673)  test=1.831188 (diff=0.020201 amp=1.810987)  diff_lr=0.00e+00 amp_lr=4.27e-05
Epoch 86/300  train=0.666312 (diff=0.032421 amp=0.666312)  test=1.871009 (diff=0.019856 amp=1.851152)  diff_lr=0.00e+00 amp_lr=4.26e-05
Epoch 87/300  train=0.624855 (diff=0.031089 amp=0.624855)  test=1.860833 (diff=0.028643 amp=1.832190)  diff_lr=0.00e+00 amp_lr=4.24e-05
Epoch 88/300  train=0.644056 (diff=0.033197 amp=0.644056)  test=1.832240 (diff=0.020005 amp=1.812235)  diff_lr=0.00e+00 amp_lr=4.23e-05
Epoch 89/300  train=0.662840 (diff=0.033055 amp=0.662840)  test=1.850869 (diff=0.021080 amp=1.829789)  diff_lr=0.00e+00 amp_lr=4.21e-05
Epoch 90/300  train=0.650931 (diff=0.030991 amp=0.650931)  test=1.897546 (diff=0.021132 amp=1.876414)  diff_lr=0.00e+00 amp_lr=4.19e-05
Epoch 91/300  train=0.681308 (diff=0.031543 amp=0.681308)  test=1.850126 (diff=0.030325 amp=1.819801)  diff_lr=0.00e+00 amp_lr=4.18e-05
Epoch 92/300  train=0.620236 (diff=0.032261 amp=0.620236)  test=1.835498 (diff=0.025056 amp=1.810442)  diff_lr=0.00e+00 amp_lr=4.16e-05
Epoch 93/300  train=0.667731 (diff=0.033248 amp=0.667731)  test=1.836562 (diff=0.020575 amp=1.815987)  diff_lr=0.00e+00 amp_lr=4.14e-05
Epoch 94/300  train=0.612121 (diff=0.032281 amp=0.612121)  test=1.799461 (diff=0.012515 amp=1.786945)  diff_lr=0.00e+00 amp_lr=4.12e-05
  -> New best test_loss=1.799461
Epoch 95/300  train=0.643600 (diff=0.031616 amp=0.643600)  test=1.862182 (diff=0.020989 amp=1.841193)  diff_lr=0.00e+00 amp_lr=4.11e-05
Epoch 96/300  train=0.620102 (diff=0.032687 amp=0.620102)  test=2.045655 (diff=0.015609 amp=2.030047)  diff_lr=0.00e+00 amp_lr=4.09e-05
Epoch 97/300  train=0.704236 (diff=0.031717 amp=0.704236)  test=2.153205 (diff=0.017430 amp=2.135775)  diff_lr=0.00e+00 amp_lr=4.07e-05
Epoch 98/300  train=0.677500 (diff=0.031729 amp=0.677500)  test=1.963400 (diff=0.032389 amp=1.931011)  diff_lr=0.00e+00 amp_lr=4.05e-05
Epoch 99/300  train=0.629675 (diff=0.031596 amp=0.629675)  test=2.155854 (diff=0.019920 amp=2.135935)  diff_lr=0.00e+00 amp_lr=4.04e-05
Epoch 100/300  train=0.709757 (diff=0.030248 amp=0.709757)  test=1.826142 (diff=0.021652 amp=1.804490)  diff_lr=0.00e+00 amp_lr=4.02e-05
Epoch 101/300  train=0.704643 (diff=0.028699 amp=0.704643)  test=1.962021 (diff=0.010991 amp=1.951030)  diff_lr=0.00e+00 amp_lr=4.00e-05
Epoch 102/300  train=0.719548 (diff=0.029932 amp=0.719548)  test=1.878687 (diff=0.025763 amp=1.852924)  diff_lr=0.00e+00 amp_lr=3.98e-05
Epoch 103/300  train=0.625965 (diff=0.030943 amp=0.625965)  test=1.888402 (diff=0.029583 amp=1.858820)  diff_lr=0.00e+00 amp_lr=3.96e-05
Epoch 104/300  train=0.662832 (diff=0.033376 amp=0.662832)  test=1.863200 (diff=0.029566 amp=1.833634)  diff_lr=0.00e+00 amp_lr=3.95e-05
Epoch 105/300  train=0.601678 (diff=0.032746 amp=0.601678)  test=1.835493 (diff=0.011809 amp=1.823685)  diff_lr=0.00e+00 amp_lr=3.93e-05
Epoch 106/300  train=0.631981 (diff=0.032319 amp=0.631981)  test=1.892115 (diff=0.026598 amp=1.865516)  diff_lr=0.00e+00 amp_lr=3.91e-05
Epoch 107/300  train=0.691001 (diff=0.029920 amp=0.691001)  test=1.833977 (diff=0.012541 amp=1.821436)  diff_lr=0.00e+00 amp_lr=3.89e-05
Epoch 108/300  train=0.690558 (diff=0.034233 amp=0.690558)  test=1.824562 (diff=0.016480 amp=1.808082)  diff_lr=0.00e+00 amp_lr=3.87e-05
Epoch 109/300  train=0.678518 (diff=0.033086 amp=0.678518)  test=1.901271 (diff=0.028115 amp=1.873156)  diff_lr=0.00e+00 amp_lr=3.85e-05
Epoch 110/300  train=0.706303 (diff=0.030305 amp=0.706303)  test=1.851281 (diff=0.017237 amp=1.834044)  diff_lr=0.00e+00 amp_lr=3.83e-05
Epoch 111/300  train=0.669493 (diff=0.031023 amp=0.669493)  test=1.869821 (diff=0.025072 amp=1.844750)  diff_lr=0.00e+00 amp_lr=3.81e-05
Epoch 112/300  train=0.638927 (diff=0.030927 amp=0.638927)  test=1.878311 (diff=0.022390 amp=1.855921)  diff_lr=0.00e+00 amp_lr=3.79e-05
Epoch 113/300  train=0.602012 (diff=0.031257 amp=0.602012)  test=1.930970 (diff=0.036985 amp=1.893985)  diff_lr=0.00e+00 amp_lr=3.78e-05
Epoch 114/300  train=0.618498 (diff=0.029118 amp=0.618498)  test=1.835508 (diff=0.020041 amp=1.815466)  diff_lr=0.00e+00 amp_lr=3.76e-05
Epoch 115/300  train=0.627560 (diff=0.032427 amp=0.627560)  test=1.883643 (diff=0.018479 amp=1.865164)  diff_lr=0.00e+00 amp_lr=3.74e-05
Epoch 116/300  train=0.655939 (diff=0.029452 amp=0.655939)  test=2.085279 (diff=0.020563 amp=2.064717)  diff_lr=0.00e+00 amp_lr=3.72e-05
Epoch 117/300  train=0.624927 (diff=0.032362 amp=0.624927)  test=1.947344 (diff=0.024331 amp=1.923012)  diff_lr=0.00e+00 amp_lr=3.70e-05
Epoch 118/300  train=0.661807 (diff=0.029742 amp=0.661807)  test=2.005133 (diff=0.016424 amp=1.988709)  diff_lr=0.00e+00 amp_lr=3.68e-05
Epoch 119/300  train=0.685811 (diff=0.034565 amp=0.685811)  test=1.832219 (diff=0.013465 amp=1.818754)  diff_lr=0.00e+00 amp_lr=3.66e-05
Epoch 120/300  train=0.656170 (diff=0.032293 amp=0.656170)  test=1.849419 (diff=0.033545 amp=1.815875)  diff_lr=0.00e+00 amp_lr=3.64e-05
Epoch 121/300  train=0.612318 (diff=0.031220 amp=0.612318)  test=1.873313 (diff=0.020993 amp=1.852321)  diff_lr=0.00e+00 amp_lr=3.62e-05
Epoch 122/300  train=0.698207 (diff=0.030193 amp=0.698207)  test=1.947058 (diff=0.034424 amp=1.912634)  diff_lr=0.00e+00 amp_lr=3.60e-05
Epoch 123/300  train=0.638513 (diff=0.034100 amp=0.638513)  test=1.865130 (diff=0.025112 amp=1.840018)  diff_lr=0.00e+00 amp_lr=3.58e-05
Epoch 124/300  train=0.619132 (diff=0.033288 amp=0.619132)  test=1.797871 (diff=0.021163 amp=1.776708)  diff_lr=0.00e+00 amp_lr=3.56e-05
  -> New best test_loss=1.797871
Epoch 125/300  train=0.624491 (diff=0.028186 amp=0.624491)  test=1.854882 (diff=0.012091 amp=1.842791)  diff_lr=0.00e+00 amp_lr=3.54e-05
Epoch 126/300  train=0.617581 (diff=0.031981 amp=0.617581)  test=1.996022 (diff=0.020293 amp=1.975730)  diff_lr=0.00e+00 amp_lr=3.52e-05
Epoch 127/300  train=0.620698 (diff=0.031700 amp=0.620698)  test=1.819008 (diff=0.011377 amp=1.807631)  diff_lr=0.00e+00 amp_lr=3.50e-05
Epoch 128/300  train=0.668534 (diff=0.028838 amp=0.668534)  test=1.821953 (diff=0.038156 amp=1.783796)  diff_lr=0.00e+00 amp_lr=3.48e-05
Epoch 129/300  train=0.617360 (diff=0.032934 amp=0.617360)  test=1.786585 (diff=0.020911 amp=1.765674)  diff_lr=0.00e+00 amp_lr=3.46e-05
  -> New best test_loss=1.786585
  -> New best test_amp_loss=1.765674, saved amp_predictor
Epoch 130/300  train=0.652787 (diff=0.032527 amp=0.652787)  test=1.825126 (diff=0.018401 amp=1.806725)  diff_lr=0.00e+00 amp_lr=3.44e-05
Epoch 131/300  train=0.597889 (diff=0.031052 amp=0.597889)  test=1.809197 (diff=0.024832 amp=1.784365)  diff_lr=0.00e+00 amp_lr=3.42e-05
Epoch 132/300  train=0.634484 (diff=0.031663 amp=0.634484)  test=1.823846 (diff=0.034370 amp=1.789475)  diff_lr=0.00e+00 amp_lr=3.40e-05
Epoch 133/300  train=0.644406 (diff=0.031716 amp=0.644406)  test=1.858577 (diff=0.028169 amp=1.830408)  diff_lr=0.00e+00 amp_lr=3.37e-05
Epoch 134/300  train=0.641051 (diff=0.031184 amp=0.641051)  test=1.880520 (diff=0.031893 amp=1.848627)  diff_lr=0.00e+00 amp_lr=3.35e-05
Epoch 135/300  train=0.690982 (diff=0.031906 amp=0.690982)  test=1.799605 (diff=0.016205 amp=1.783401)  diff_lr=0.00e+00 amp_lr=3.33e-05
Epoch 136/300  train=0.609627 (diff=0.031266 amp=0.609627)  test=1.810029 (diff=0.021960 amp=1.788069)  diff_lr=0.00e+00 amp_lr=3.31e-05
Epoch 137/300  train=0.684473 (diff=0.032123 amp=0.684473)  test=1.953648 (diff=0.021409 amp=1.932240)  diff_lr=0.00e+00 amp_lr=3.29e-05
Epoch 138/300  train=0.632215 (diff=0.032066 amp=0.632215)  test=1.873127 (diff=0.023965 amp=1.849162)  diff_lr=0.00e+00 amp_lr=3.27e-05
Epoch 139/300  train=0.609500 (diff=0.031298 amp=0.609500)  test=1.837359 (diff=0.022973 amp=1.814386)  diff_lr=0.00e+00 amp_lr=3.25e-05
Epoch 140/300  train=0.601675 (diff=0.031820 amp=0.601675)  test=1.863566 (diff=0.021755 amp=1.841811)  diff_lr=0.00e+00 amp_lr=3.23e-05
Epoch 141/300  train=0.610683 (diff=0.033459 amp=0.610683)  test=1.779111 (diff=0.014896 amp=1.764215)  diff_lr=0.00e+00 amp_lr=3.21e-05
  -> New best test_loss=1.779111
  -> New best test_amp_loss=1.764215, saved amp_predictor
Epoch 142/300  train=0.628197 (diff=0.034281 amp=0.628197)  test=1.873223 (diff=0.013951 amp=1.859271)  diff_lr=0.00e+00 amp_lr=3.19e-05
Epoch 143/300  train=0.661828 (diff=0.030826 amp=0.661828)  test=1.995735 (diff=0.015034 amp=1.980701)  diff_lr=0.00e+00 amp_lr=3.17e-05
Epoch 144/300  train=0.591219 (diff=0.032685 amp=0.591219)  test=2.175863 (diff=0.018616 amp=2.157247)  diff_lr=0.00e+00 amp_lr=3.15e-05
Epoch 145/300  train=0.655422 (diff=0.032278 amp=0.655422)  test=1.865016 (diff=0.028513 amp=1.836503)  diff_lr=0.00e+00 amp_lr=3.13e-05
Epoch 146/300  train=0.569990 (diff=0.030576 amp=0.569990)  test=1.845464 (diff=0.017137 amp=1.828328)  diff_lr=0.00e+00 amp_lr=3.10e-05
Epoch 147/300  train=0.641955 (diff=0.032560 amp=0.641955)  test=1.886065 (diff=0.025628 amp=1.860437)  diff_lr=0.00e+00 amp_lr=3.08e-05
Epoch 148/300  train=0.655391 (diff=0.031711 amp=0.655391)  test=1.928265 (diff=0.037535 amp=1.890730)  diff_lr=0.00e+00 amp_lr=3.06e-05
Epoch 149/300  train=0.642553 (diff=0.033444 amp=0.642553)  test=1.854528 (diff=0.035212 amp=1.819317)  diff_lr=0.00e+00 amp_lr=3.04e-05
Epoch 150/300  train=0.573867 (diff=0.033354 amp=0.573867)  test=1.806440 (diff=0.034443 amp=1.771997)  diff_lr=0.00e+00 amp_lr=3.02e-05
Epoch 151/300  train=0.637406 (diff=0.032801 amp=0.637406)  test=2.039909 (diff=0.021177 amp=2.018732)  diff_lr=0.00e+00 amp_lr=3.00e-05
Epoch 152/300  train=0.683407 (diff=0.032922 amp=0.683407)  test=1.870677 (diff=0.015926 amp=1.854751)  diff_lr=0.00e+00 amp_lr=2.98e-05
Epoch 153/300  train=0.639982 (diff=0.029515 amp=0.639982)  test=1.847689 (diff=0.016409 amp=1.831280)  diff_lr=0.00e+00 amp_lr=2.96e-05
Epoch 154/300  train=0.632414 (diff=0.030945 amp=0.632414)  test=1.828057 (diff=0.021178 amp=1.806880)  diff_lr=0.00e+00 amp_lr=2.94e-05
Epoch 155/300  train=0.621011 (diff=0.030284 amp=0.621011)  test=1.853951 (diff=0.022725 amp=1.831226)  diff_lr=0.00e+00 amp_lr=2.92e-05
Epoch 156/300  train=0.590586 (diff=0.030620 amp=0.590586)  test=1.980898 (diff=0.021218 amp=1.959680)  diff_lr=0.00e+00 amp_lr=2.90e-05
Epoch 157/300  train=0.592910 (diff=0.030939 amp=0.592910)  test=1.930363 (diff=0.031337 amp=1.899027)  diff_lr=0.00e+00 amp_lr=2.87e-05
Epoch 158/300  train=0.683797 (diff=0.032580 amp=0.683797)  test=1.920165 (diff=0.018909 amp=1.901256)  diff_lr=0.00e+00 amp_lr=2.85e-05
Epoch 159/300  train=0.659909 (diff=0.031534 amp=0.659909)  test=1.890613 (diff=0.026392 amp=1.864221)  diff_lr=0.00e+00 amp_lr=2.83e-05
Epoch 160/300  train=0.603186 (diff=0.031882 amp=0.603186)  test=1.941779 (diff=0.031226 amp=1.910553)  diff_lr=0.00e+00 amp_lr=2.81e-05
Epoch 161/300  train=0.659223 (diff=0.033787 amp=0.659223)  test=2.004028 (diff=0.015126 amp=1.988902)  diff_lr=0.00e+00 amp_lr=2.79e-05
Epoch 162/300  train=0.625313 (diff=0.031277 amp=0.625313)  test=1.809278 (diff=0.017045 amp=1.792233)  diff_lr=0.00e+00 amp_lr=2.77e-05
Epoch 163/300  train=0.608321 (diff=0.029336 amp=0.608321)  test=1.807141 (diff=0.013870 amp=1.793271)  diff_lr=0.00e+00 amp_lr=2.75e-05
Epoch 164/300  train=0.680088 (diff=0.032429 amp=0.680088)  test=1.791024 (diff=0.022139 amp=1.768885)  diff_lr=0.00e+00 amp_lr=2.73e-05
Epoch 165/300  train=0.579869 (diff=0.031968 amp=0.579869)  test=1.875716 (diff=0.020829 amp=1.854888)  diff_lr=0.00e+00 amp_lr=2.71e-05
Epoch 166/300  train=0.606223 (diff=0.032569 amp=0.606223)  test=1.850335 (diff=0.023150 amp=1.827184)  diff_lr=0.00e+00 amp_lr=2.69e-05
Epoch 167/300  train=0.617775 (diff=0.029173 amp=0.617775)  test=1.915382 (diff=0.022958 amp=1.892424)  diff_lr=0.00e+00 amp_lr=2.67e-05
Epoch 168/300  train=0.601989 (diff=0.031283 amp=0.601989)  test=1.902176 (diff=0.019191 amp=1.882985)  diff_lr=0.00e+00 amp_lr=2.65e-05
Epoch 169/300  train=0.653133 (diff=0.031196 amp=0.653133)  test=1.891834 (diff=0.018759 amp=1.873075)  diff_lr=0.00e+00 amp_lr=2.63e-05
Epoch 170/300  train=0.612207 (diff=0.031955 amp=0.612207)  test=1.873362 (diff=0.028973 amp=1.844389)  diff_lr=0.00e+00 amp_lr=2.60e-05
Epoch 171/300  train=0.626759 (diff=0.031530 amp=0.626759)  test=1.915214 (diff=0.016626 amp=1.898588)  diff_lr=0.00e+00 amp_lr=2.58e-05
Epoch 172/300  train=0.658466 (diff=0.030739 amp=0.658466)  test=1.878808 (diff=0.023346 amp=1.855462)  diff_lr=0.00e+00 amp_lr=2.56e-05
Epoch 173/300  train=0.591378 (diff=0.031423 amp=0.591378)  test=1.818109 (diff=0.036569 amp=1.781540)  diff_lr=0.00e+00 amp_lr=2.54e-05
Epoch 174/300  train=0.600499 (diff=0.034979 amp=0.600499)  test=1.878620 (diff=0.030767 amp=1.847853)  diff_lr=0.00e+00 amp_lr=2.52e-05
Epoch 175/300  train=0.584037 (diff=0.031833 amp=0.584037)  test=1.906147 (diff=0.015308 amp=1.890839)  diff_lr=0.00e+00 amp_lr=2.50e-05
Epoch 176/300  train=0.624033 (diff=0.032433 amp=0.624033)  test=1.836085 (diff=0.016688 amp=1.819398)  diff_lr=0.00e+00 amp_lr=2.48e-05
Epoch 177/300  train=0.565605 (diff=0.033008 amp=0.565605)  test=1.905674 (diff=0.017419 amp=1.888256)  diff_lr=0.00e+00 amp_lr=2.46e-05
Epoch 178/300  train=0.621095 (diff=0.031498 amp=0.621095)  test=1.832124 (diff=0.024092 amp=1.808031)  diff_lr=0.00e+00 amp_lr=2.44e-05
Epoch 179/300  train=0.613834 (diff=0.031313 amp=0.613834)  test=1.899722 (diff=0.027673 amp=1.872048)  diff_lr=0.00e+00 amp_lr=2.42e-05
Epoch 180/300  train=0.633385 (diff=0.030958 amp=0.633385)  test=1.857130 (diff=0.018626 amp=1.838504)  diff_lr=0.00e+00 amp_lr=2.40e-05
Epoch 181/300  train=0.572234 (diff=0.032894 amp=0.572234)  test=1.836093 (diff=0.019223 amp=1.816870)  diff_lr=0.00e+00 amp_lr=2.38e-05
Epoch 182/300  train=0.536906 (diff=0.032515 amp=0.536906)  test=1.994249 (diff=0.021628 amp=1.972621)  diff_lr=0.00e+00 amp_lr=2.36e-05
Epoch 183/300  train=0.624786 (diff=0.032363 amp=0.624786)  test=1.851375 (diff=0.017906 amp=1.833469)  diff_lr=0.00e+00 amp_lr=2.34e-05
Epoch 184/300  train=0.613537 (diff=0.032303 amp=0.613537)  test=1.824039 (diff=0.023795 amp=1.800245)  diff_lr=0.00e+00 amp_lr=2.32e-05
Epoch 185/300  train=0.588742 (diff=0.031778 amp=0.588742)  test=1.838382 (diff=0.025455 amp=1.812926)  diff_lr=0.00e+00 amp_lr=2.30e-05
Epoch 186/300  train=0.578906 (diff=0.032763 amp=0.578906)  test=1.879208 (diff=0.014640 amp=1.864568)  diff_lr=0.00e+00 amp_lr=2.28e-05
Epoch 187/300  train=0.595565 (diff=0.029940 amp=0.595565)  test=1.777726 (diff=0.009156 amp=1.768570)  diff_lr=0.00e+00 amp_lr=2.26e-05
  -> New best test_loss=1.777726
Epoch 188/300  train=0.640323 (diff=0.031162 amp=0.640323)  test=1.851764 (diff=0.021453 amp=1.830311)  diff_lr=0.00e+00 amp_lr=2.24e-05
Epoch 189/300  train=0.583525 (diff=0.033398 amp=0.583525)  test=1.877736 (diff=0.028586 amp=1.849150)  diff_lr=0.00e+00 amp_lr=2.22e-05
Epoch 190/300  train=0.616144 (diff=0.031269 amp=0.616144)  test=1.794476 (diff=0.012991 amp=1.781485)  diff_lr=0.00e+00 amp_lr=2.21e-05
Epoch 191/300  train=0.560331 (diff=0.032415 amp=0.560331)  test=1.944267 (diff=0.029503 amp=1.914764)  diff_lr=0.00e+00 amp_lr=2.19e-05
Epoch 192/300  train=0.596558 (diff=0.029799 amp=0.596558)  test=1.803247 (diff=0.012639 amp=1.790607)  diff_lr=0.00e+00 amp_lr=2.17e-05
Epoch 193/300  train=0.620794 (diff=0.032438 amp=0.620794)  test=1.939137 (diff=0.015849 amp=1.923287)  diff_lr=0.00e+00 amp_lr=2.15e-05
Epoch 194/300  train=0.567254 (diff=0.032178 amp=0.567254)  test=1.946545 (diff=0.012900 amp=1.933646)  diff_lr=0.00e+00 amp_lr=2.13e-05
Epoch 195/300  train=0.623772 (diff=0.030599 amp=0.623772)  test=1.858620 (diff=0.021421 amp=1.837199)  diff_lr=0.00e+00 amp_lr=2.11e-05
Epoch 196/300  train=0.613788 (diff=0.033460 amp=0.613788)  test=1.880606 (diff=0.020267 amp=1.860339)  diff_lr=0.00e+00 amp_lr=2.09e-05
Epoch 197/300  train=0.599748 (diff=0.032629 amp=0.599748)  test=1.920839 (diff=0.016758 amp=1.904081)  diff_lr=0.00e+00 amp_lr=2.07e-05
Epoch 198/300  train=0.567696 (diff=0.031684 amp=0.567696)  test=1.841953 (diff=0.018047 amp=1.823906)  diff_lr=0.00e+00 amp_lr=2.05e-05
Epoch 199/300  train=0.604066 (diff=0.030468 amp=0.604066)  test=1.840644 (diff=0.020364 amp=1.820280)  diff_lr=0.00e+00 amp_lr=2.04e-05
Epoch 200/300  train=0.595276 (diff=0.031822 amp=0.595276)  test=1.862481 (diff=0.019270 amp=1.843211)  diff_lr=0.00e+00 amp_lr=2.02e-05
Epoch 201/300  train=0.676052 (diff=0.029764 amp=0.676052)  test=1.860097 (diff=0.027343 amp=1.832754)  diff_lr=0.00e+00 amp_lr=2.00e-05
Epoch 202/300  train=0.592138 (diff=0.032922 amp=0.592138)  test=1.826617 (diff=0.018982 amp=1.807635)  diff_lr=0.00e+00 amp_lr=1.98e-05
Epoch 203/300  train=0.640168 (diff=0.032054 amp=0.640168)  test=1.811534 (diff=0.018599 amp=1.792934)  diff_lr=0.00e+00 amp_lr=1.96e-05
Epoch 204/300  train=0.567323 (diff=0.031635 amp=0.567323)  test=1.830022 (diff=0.015527 amp=1.814495)  diff_lr=0.00e+00 amp_lr=1.95e-05
Epoch 205/300  train=0.576447 (diff=0.029866 amp=0.576447)  test=1.837993 (diff=0.042751 amp=1.795242)  diff_lr=0.00e+00 amp_lr=1.93e-05
Epoch 206/300  train=0.568577 (diff=0.033370 amp=0.568577)  test=1.871378 (diff=0.018874 amp=1.852504)  diff_lr=0.00e+00 amp_lr=1.91e-05
Epoch 207/300  train=0.637004 (diff=0.032163 amp=0.637004)  test=1.891276 (diff=0.011497 amp=1.879778)  diff_lr=0.00e+00 amp_lr=1.89e-05
Epoch 208/300  train=0.639322 (diff=0.032455 amp=0.639322)  test=1.903031 (diff=0.019276 amp=1.883755)  diff_lr=0.00e+00 amp_lr=1.88e-05
Epoch 209/300  train=0.631775 (diff=0.030995 amp=0.631775)  test=1.871418 (diff=0.031265 amp=1.840153)  diff_lr=0.00e+00 amp_lr=1.86e-05
Epoch 210/300  train=0.596383 (diff=0.032058 amp=0.596383)  test=1.860293 (diff=0.014669 amp=1.845625)  diff_lr=0.00e+00 amp_lr=1.84e-05
Epoch 211/300  train=0.640301 (diff=0.031081 amp=0.640301)  test=1.988617 (diff=0.027255 amp=1.961362)  diff_lr=0.00e+00 amp_lr=1.82e-05
Epoch 212/300  train=0.573408 (diff=0.034303 amp=0.573408)  test=1.814929 (diff=0.015264 amp=1.799666)  diff_lr=0.00e+00 amp_lr=1.81e-05
Epoch 213/300  train=0.548079 (diff=0.032538 amp=0.548079)  test=1.881481 (diff=0.028355 amp=1.853126)  diff_lr=0.00e+00 amp_lr=1.79e-05
Epoch 214/300  train=0.601556 (diff=0.033725 amp=0.601556)  test=1.829787 (diff=0.014052 amp=1.815736)  diff_lr=0.00e+00 amp_lr=1.77e-05
Epoch 215/300  train=0.573435 (diff=0.032051 amp=0.573435)  test=1.927101 (diff=0.029555 amp=1.897546)  diff_lr=0.00e+00 amp_lr=1.76e-05
Epoch 216/300  train=0.543598 (diff=0.031216 amp=0.543598)  test=1.818037 (diff=0.022320 amp=1.795717)  diff_lr=0.00e+00 amp_lr=1.74e-05
Epoch 217/300  train=0.581298 (diff=0.031802 amp=0.581298)  test=1.811285 (diff=0.009437 amp=1.801848)  diff_lr=0.00e+00 amp_lr=1.73e-05
Epoch 218/300  train=0.645889 (diff=0.033886 amp=0.645889)  test=1.811810 (diff=0.023604 amp=1.788206)  diff_lr=0.00e+00 amp_lr=1.71e-05
Epoch 219/300  train=0.600690 (diff=0.032307 amp=0.600690)  test=1.853898 (diff=0.021346 amp=1.832552)  diff_lr=0.00e+00 amp_lr=1.69e-05
Epoch 220/300  train=0.589044 (diff=0.031510 amp=0.589044)  test=1.826617 (diff=0.024937 amp=1.801681)  diff_lr=0.00e+00 amp_lr=1.68e-05
Epoch 221/300  train=0.605812 (diff=0.033193 amp=0.605812)  test=1.966067 (diff=0.017060 amp=1.949007)  diff_lr=0.00e+00 amp_lr=1.66e-05
Epoch 222/300  train=0.626451 (diff=0.031373 amp=0.626451)  test=1.819967 (diff=0.017920 amp=1.802047)  diff_lr=0.00e+00 amp_lr=1.65e-05
Epoch 223/300  train=0.594298 (diff=0.031516 amp=0.594298)  test=1.800598 (diff=0.011450 amp=1.789148)  diff_lr=0.00e+00 amp_lr=1.63e-05
Epoch 224/300  train=0.544842 (diff=0.031359 amp=0.544842)  test=1.825981 (diff=0.023965 amp=1.802015)  diff_lr=0.00e+00 amp_lr=1.62e-05
Epoch 225/300  train=0.601160 (diff=0.031421 amp=0.601160)  test=1.801827 (diff=0.022982 amp=1.778845)  diff_lr=0.00e+00 amp_lr=1.60e-05
Epoch 226/300  train=0.532958 (diff=0.031999 amp=0.532958)  test=1.822007 (diff=0.025546 amp=1.796461)  diff_lr=0.00e+00 amp_lr=1.59e-05
Epoch 227/300  train=0.586574 (diff=0.030327 amp=0.586574)  test=2.032925 (diff=0.038172 amp=1.994753)  diff_lr=0.00e+00 amp_lr=1.57e-05
Epoch 228/300  train=0.591992 (diff=0.031738 amp=0.591992)  test=1.796027 (diff=0.016465 amp=1.779562)  diff_lr=0.00e+00 amp_lr=1.56e-05
Epoch 229/300  train=0.644031 (diff=0.030343 amp=0.644031)  test=1.789930 (diff=0.010740 amp=1.779190)  diff_lr=0.00e+00 amp_lr=1.54e-05
Epoch 230/300  train=0.623242 (diff=0.032100 amp=0.623242)  test=1.811119 (diff=0.017433 amp=1.793686)  diff_lr=0.00e+00 amp_lr=1.53e-05
Epoch 231/300  train=0.585406 (diff=0.032229 amp=0.585406)  test=1.780104 (diff=0.013739 amp=1.766365)  diff_lr=0.00e+00 amp_lr=1.51e-05
Epoch 232/300  train=0.620099 (diff=0.032721 amp=0.620099)  test=1.817631 (diff=0.017693 amp=1.799937)  diff_lr=0.00e+00 amp_lr=1.50e-05
Epoch 233/300  train=0.586662 (diff=0.030205 amp=0.586662)  test=1.797806 (diff=0.026145 amp=1.771662)  diff_lr=0.00e+00 amp_lr=1.49e-05
Epoch 234/300  train=0.607494 (diff=0.032147 amp=0.607494)  test=1.955635 (diff=0.017794 amp=1.937841)  diff_lr=0.00e+00 amp_lr=1.47e-05
Epoch 235/300  train=0.586647 (diff=0.032584 amp=0.586647)  test=1.788616 (diff=0.023443 amp=1.765173)  diff_lr=0.00e+00 amp_lr=1.46e-05
Epoch 236/300  train=0.568416 (diff=0.030113 amp=0.568416)  test=1.793109 (diff=0.034537 amp=1.758572)  diff_lr=0.00e+00 amp_lr=1.45e-05
  -> New best test_amp_loss=1.758572, saved amp_predictor
Epoch 237/300  train=0.558749 (diff=0.030926 amp=0.558749)  test=1.805345 (diff=0.026518 amp=1.778827)  diff_lr=0.00e+00 amp_lr=1.43e-05
Epoch 238/300  train=0.599520 (diff=0.031318 amp=0.599520)  test=1.808783 (diff=0.034120 amp=1.774663)  diff_lr=0.00e+00 amp_lr=1.42e-05
Epoch 239/300  train=0.517267 (diff=0.032296 amp=0.517267)  test=1.821300 (diff=0.020180 amp=1.801120)  diff_lr=0.00e+00 amp_lr=1.41e-05
Epoch 240/300  train=0.621118 (diff=0.031243 amp=0.621118)  test=1.846877 (diff=0.039049 amp=1.807828)  diff_lr=0.00e+00 amp_lr=1.39e-05
Epoch 241/300  train=0.572651 (diff=0.031335 amp=0.572651)  test=1.828907 (diff=0.014023 amp=1.814884)  diff_lr=0.00e+00 amp_lr=1.38e-05
Epoch 242/300  train=0.585122 (diff=0.032018 amp=0.585122)  test=1.808692 (diff=0.019294 amp=1.789397)  diff_lr=0.00e+00 amp_lr=1.37e-05
Epoch 243/300  train=0.608616 (diff=0.030985 amp=0.608616)  test=1.910623 (diff=0.031794 amp=1.878830)  diff_lr=0.00e+00 amp_lr=1.36e-05
Epoch 244/300  train=0.585856 (diff=0.030729 amp=0.585856)  test=1.813694 (diff=0.020218 amp=1.793475)  diff_lr=0.00e+00 amp_lr=1.35e-05
Epoch 245/300  train=0.537681 (diff=0.032866 amp=0.537681)  test=1.795609 (diff=0.015141 amp=1.780468)  diff_lr=0.00e+00 amp_lr=1.33e-05
Epoch 246/300  train=0.566800 (diff=0.031854 amp=0.566800)  test=1.790686 (diff=0.023253 amp=1.767433)  diff_lr=0.00e+00 amp_lr=1.32e-05
Epoch 247/300  train=0.594981 (diff=0.032173 amp=0.594981)  test=1.823216 (diff=0.023534 amp=1.799682)  diff_lr=0.00e+00 amp_lr=1.31e-05
Epoch 248/300  train=0.595531 (diff=0.032604 amp=0.595531)  test=1.885386 (diff=0.025639 amp=1.859747)  diff_lr=0.00e+00 amp_lr=1.30e-05
Epoch 249/300  train=0.580895 (diff=0.031788 amp=0.580895)  test=1.878517 (diff=0.015814 amp=1.862703)  diff_lr=0.00e+00 amp_lr=1.29e-05
Epoch 250/300  train=0.620081 (diff=0.032273 amp=0.620081)  test=1.779103 (diff=0.023507 amp=1.755595)  diff_lr=0.00e+00 amp_lr=1.28e-05
  -> New best test_amp_loss=1.755595, saved amp_predictor
Epoch 251/300  train=0.558019 (diff=0.030873 amp=0.558019)  test=1.810490 (diff=0.018169 amp=1.792321)  diff_lr=0.00e+00 amp_lr=1.27e-05
Epoch 252/300  train=0.556608 (diff=0.033060 amp=0.556608)  test=1.806370 (diff=0.016269 amp=1.790100)  diff_lr=0.00e+00 amp_lr=1.26e-05
Epoch 253/300  train=0.616541 (diff=0.033343 amp=0.616541)  test=1.782422 (diff=0.013553 amp=1.768869)  diff_lr=0.00e+00 amp_lr=1.25e-05
Epoch 254/300  train=0.563973 (diff=0.030625 amp=0.563973)  test=1.833894 (diff=0.018698 amp=1.815196)  diff_lr=0.00e+00 amp_lr=1.24e-05
Epoch 255/300  train=0.575183 (diff=0.032340 amp=0.575183)  test=1.794128 (diff=0.017337 amp=1.776791)  diff_lr=0.00e+00 amp_lr=1.23e-05
Epoch 256/300  train=0.501654 (diff=0.031638 amp=0.501654)  test=1.898632 (diff=0.026469 amp=1.872163)  diff_lr=0.00e+00 amp_lr=1.22e-05
Epoch 257/300  train=0.536793 (diff=0.027828 amp=0.536793)  test=1.784430 (diff=0.019371 amp=1.765060)  diff_lr=0.00e+00 amp_lr=1.21e-05
Epoch 258/300  train=0.608266 (diff=0.030964 amp=0.608266)  test=1.818645 (diff=0.021006 amp=1.797639)  diff_lr=0.00e+00 amp_lr=1.20e-05
Epoch 259/300  train=0.548683 (diff=0.032780 amp=0.548683)  test=1.889381 (diff=0.030736 amp=1.858645)  diff_lr=0.00e+00 amp_lr=1.19e-05
Epoch 260/300  train=0.573636 (diff=0.032304 amp=0.573636)  test=1.903234 (diff=0.016677 amp=1.886556)  diff_lr=0.00e+00 amp_lr=1.18e-05
Epoch 261/300  train=0.636128 (diff=0.032142 amp=0.636128)  test=1.905955 (diff=0.019401 amp=1.886555)  diff_lr=0.00e+00 amp_lr=1.17e-05
Epoch 262/300  train=0.573185 (diff=0.032316 amp=0.573185)  test=1.783939 (diff=0.018328 amp=1.765611)  diff_lr=0.00e+00 amp_lr=1.16e-05
Epoch 263/300  train=0.546814 (diff=0.031545 amp=0.546814)  test=1.817751 (diff=0.018088 amp=1.799663)  diff_lr=0.00e+00 amp_lr=1.16e-05
Epoch 264/300  train=0.592987 (diff=0.030053 amp=0.592987)  test=1.855064 (diff=0.034094 amp=1.820969)  diff_lr=0.00e+00 amp_lr=1.15e-05
Epoch 265/300  train=0.573380 (diff=0.033617 amp=0.573380)  test=1.912837 (diff=0.023556 amp=1.889281)  diff_lr=0.00e+00 amp_lr=1.14e-05
Epoch 266/300  train=0.531208 (diff=0.033160 amp=0.531208)  test=1.822681 (diff=0.028474 amp=1.794207)  diff_lr=0.00e+00 amp_lr=1.13e-05
Epoch 267/300  train=0.577291 (diff=0.031731 amp=0.577291)  test=1.844726 (diff=0.017093 amp=1.827633)  diff_lr=0.00e+00 amp_lr=1.13e-05
Epoch 268/300  train=0.600364 (diff=0.030320 amp=0.600364)  test=1.807478 (diff=0.022330 amp=1.785148)  diff_lr=0.00e+00 amp_lr=1.12e-05
Epoch 269/300  train=0.597534 (diff=0.030701 amp=0.597534)  test=1.928042 (diff=0.023236 amp=1.904805)  diff_lr=0.00e+00 amp_lr=1.11e-05
Epoch 270/300  train=0.571272 (diff=0.032103 amp=0.571272)  test=1.891953 (diff=0.020229 amp=1.871724)  diff_lr=0.00e+00 amp_lr=1.10e-05
Epoch 271/300  train=0.635240 (diff=0.033098 amp=0.635240)  test=1.796773 (diff=0.014672 amp=1.782101)  diff_lr=0.00e+00 amp_lr=1.10e-05
Epoch 272/300  train=0.571771 (diff=0.031061 amp=0.571771)  test=1.890240 (diff=0.016656 amp=1.873584)  diff_lr=0.00e+00 amp_lr=1.09e-05
Epoch 273/300  train=0.565421 (diff=0.032064 amp=0.565421)  test=1.843207 (diff=0.036308 amp=1.806899)  diff_lr=0.00e+00 amp_lr=1.09e-05
Epoch 274/300  train=0.569784 (diff=0.030866 amp=0.569784)  test=1.833007 (diff=0.015008 amp=1.817999)  diff_lr=0.00e+00 amp_lr=1.08e-05
Epoch 275/300  train=0.634197 (diff=0.030760 amp=0.634197)  test=1.812017 (diff=0.026789 amp=1.785228)  diff_lr=0.00e+00 amp_lr=1.07e-05
Epoch 276/300  train=0.571862 (diff=0.031314 amp=0.571862)  test=1.891897 (diff=0.012860 amp=1.879037)  diff_lr=0.00e+00 amp_lr=1.07e-05
Epoch 277/300  train=0.547717 (diff=0.030123 amp=0.547717)  test=1.853901 (diff=0.019141 amp=1.834760)  diff_lr=0.00e+00 amp_lr=1.06e-05
Epoch 278/300  train=0.564069 (diff=0.032917 amp=0.564069)  test=1.861927 (diff=0.010853 amp=1.851074)  diff_lr=0.00e+00 amp_lr=1.06e-05
Epoch 279/300  train=0.586566 (diff=0.032261 amp=0.586566)  test=1.809264 (diff=0.033553 amp=1.775711)  diff_lr=0.00e+00 amp_lr=1.05e-05
Epoch 280/300  train=0.581746 (diff=0.031514 amp=0.581746)  test=1.841800 (diff=0.044880 amp=1.796920)  diff_lr=0.00e+00 amp_lr=1.05e-05
Epoch 281/300  train=0.564685 (diff=0.032159 amp=0.564685)  test=1.801985 (diff=0.019790 amp=1.782194)  diff_lr=0.00e+00 amp_lr=1.04e-05
Epoch 282/300  train=0.559086 (diff=0.031330 amp=0.559086)  test=1.862084 (diff=0.019614 amp=1.842470)  diff_lr=0.00e+00 amp_lr=1.04e-05
Epoch 283/300  train=0.559866 (diff=0.030059 amp=0.559866)  test=1.825016 (diff=0.021808 amp=1.803208)  diff_lr=0.00e+00 amp_lr=1.04e-05
Epoch 284/300  train=0.600194 (diff=0.031357 amp=0.600194)  test=1.846838 (diff=0.025961 amp=1.820876)  diff_lr=0.00e+00 amp_lr=1.03e-05
Epoch 285/300  train=0.576452 (diff=0.032514 amp=0.576452)  test=1.869143 (diff=0.016519 amp=1.852624)  diff_lr=0.00e+00 amp_lr=1.03e-05
Epoch 286/300  train=0.598358 (diff=0.032135 amp=0.598358)  test=1.810179 (diff=0.030685 amp=1.779494)  diff_lr=0.00e+00 amp_lr=1.02e-05
Epoch 287/300  train=0.552301 (diff=0.032982 amp=0.552301)  test=1.788640 (diff=0.017200 amp=1.771440)  diff_lr=0.00e+00 amp_lr=1.02e-05
Epoch 288/300  train=0.553791 (diff=0.032002 amp=0.553791)  test=1.827570 (diff=0.012391 amp=1.815179)  diff_lr=0.00e+00 amp_lr=1.02e-05
Epoch 289/300  train=0.555538 (diff=0.031427 amp=0.555538)  test=1.797348 (diff=0.016427 amp=1.780921)  diff_lr=0.00e+00 amp_lr=1.02e-05
Epoch 290/300  train=0.535392 (diff=0.031652 amp=0.535392)  test=1.882871 (diff=0.021265 amp=1.861606)  diff_lr=0.00e+00 amp_lr=1.01e-05
Epoch 291/300  train=0.540426 (diff=0.030901 amp=0.540426)  test=1.797507 (diff=0.017337 amp=1.780170)  diff_lr=0.00e+00 amp_lr=1.01e-05
Epoch 292/300  train=0.567595 (diff=0.033818 amp=0.567595)  test=1.800113 (diff=0.019022 amp=1.781092)  diff_lr=0.00e+00 amp_lr=1.01e-05
Epoch 293/300  train=0.604756 (diff=0.030705 amp=0.604756)  test=1.804147 (diff=0.022687 amp=1.781460)  diff_lr=0.00e+00 amp_lr=1.01e-05
Epoch 294/300  train=0.576594 (diff=0.031707 amp=0.576594)  test=1.849709 (diff=0.021018 amp=1.828691)  diff_lr=0.00e+00 amp_lr=1.01e-05
Epoch 295/300  train=0.549819 (diff=0.031572 amp=0.549819)  test=1.769019 (diff=0.016586 amp=1.752433)  diff_lr=0.00e+00 amp_lr=1.00e-05
  -> New best test_loss=1.769019
  -> New best test_amp_loss=1.752433, saved amp_predictor
Epoch 296/300  train=0.561114 (diff=0.030504 amp=0.561114)  test=1.876474 (diff=0.018654 amp=1.857820)  diff_lr=0.00e+00 amp_lr=1.00e-05
Epoch 297/300  train=0.592526 (diff=0.030679 amp=0.592526)  test=1.826278 (diff=0.014468 amp=1.811810)  diff_lr=0.00e+00 amp_lr=1.00e-05
Epoch 298/300  train=0.608399 (diff=0.031234 amp=0.608399)  test=1.801502 (diff=0.021368 amp=1.780134)  diff_lr=0.00e+00 amp_lr=1.00e-05
Epoch 299/300  train=0.548688 (diff=0.031090 amp=0.548688)  test=1.808742 (diff=0.020126 amp=1.788616)  diff_lr=0.00e+00 amp_lr=1.00e-05
Epoch 300/300  train=0.599534 (diff=0.032514 amp=0.599534)  test=1.884683 (diff=0.022655 amp=1.862028)  diff_lr=0.00e+00 amp_lr=1.00e-05

Training complete.

==========================================
exp053: Training complete at: Mon Mar 30 15:31:26     2026
Starting evaluation...
==========================================
C:\lxr\study\final\src\model\evaluate.py:207: FutureWarning: `torch.cuda.amp.autocast(args...)` is deprecated. Please use `torch.amp.autocast('cuda', args...)` instead.
  autocast_ctx = torch.cuda.amp.autocast() if device.type == "cuda" else torch.inference_mode()
Device: cuda
Test tracks: 30

--- Evaluating Baseline ---
WARNING: experiments/checkpoints/exp053/baseline_best.pt not found, using random weights
{
  "baseline_rpa": {
    "mean": 0.9355481649754612,
    "std": 0.03764776664877556,
    "min": 0.7956131605184447,
    "max": 0.9767600820232399
  },
  "baseline_f0_mae": {
    "mean": 39.50845317840576,
    "std": 49.86806509543068,
    "min": 16.03751564025879,
    "max": 282.6634521484375
  },
  "baseline_amp_corr": {
    "mean": -0.002743365246973553,
    "std": 0.17470132134027344,
    "min": -0.3419683894176677,
    "max": 0.3497625597775579
  },
  "baseline_amp_rmse_log": {
    "mean": 4.325223318735758,
    "std": 1.3071511130741638,
    "min": 2.4126510620117188,
    "max": 8.111759185791016
  },
  "baseline_vde_mean": {
    "mean": 12.894146397340245,
    "std": 9.669169786625822,
    "min": 1.786525736671908,
    "max": 47.956625827969326
  },
  "baseline_vre_mean": {
    "mean": 0.9657137265916713,
    "std": 0.48759952816892754,
    "min": 0.0,
    "max": 2.2446097452727733
  },
  "baseline_n_vibrato_notes": {
    "mean": 14.6,
    "std": 11.597700921590738,
    "min": 1.0,
    "max": 45.0
  }
}

--- Evaluating Diffusion ---
Loaded baseline from config fallback: experiments/checkpoints/exp033/baseline_best.pt
Loaded frozen diffusion from config fallback: experiments/checkpoints/exp034/diffusion_best_ema.pt
Loaded TCNAmpPredictor (channels=256, layers=8, kernel=3, dropout=0.2) from experiments/checkpoints/exp053/amp_predictor_best.pt
  Track 1: truncated 13092 -> 8192 frames (4900 dropped)
  Track 2: truncated 13092 -> 8192 frames (4900 dropped)
  Track 3: truncated 22520 -> 8192 frames (14328 dropped)
  Track 4: truncated 22520 -> 8192 frames (14328 dropped)
  Track 5: truncated 22520 -> 8192 frames (14328 dropped)
  Track 6: truncated 22520 -> 8192 frames (14328 dropped)
  Track 7: truncated 13092 -> 8192 frames (4900 dropped)
  Track 8: truncated 22520 -> 8192 frames (14328 dropped)
  Track 27: truncated 19106 -> 8192 frames (10914 dropped)
{
  "diffusion_rpa_mean": {
    "mean": 0.9053228794272047,
    "std": 0.054737785731940374,
    "min": 0.7186440677966102,
    "max": 0.9852059925093632
  },
  "diffusion_rpa_oracle": {
    "mean": 0.9386740574659799,
    "std": 0.03613410372168389,
    "min": 0.7936191425722832,
    "max": 0.9897003745318352
  },
  "diffusion_f0_mae_mean": {
    "mean": 37.31116771062216,
    "std": 49.08877693810606,
    "min": 13.159694480895997,
    "max": 291.8096435546875
  },
  "diffusion_f0_mae_oracle": {
    "mean": 30.405364831288654,
    "std": 47.451842648537315,
    "min": 11.26857852935791,
    "max": 280.8116149902344
  },
  "diffusion_amp_corr_mean": {
    "mean": 0.7600197880113579,
    "std": 0.09351868602613629,
    "min": 0.5828955635807898,
    "max": 0.9036336832393659
  },
  "diffusion_amp_corr_oracle": {
    "mean": 0.7600197880113579,
    "std": 0.0935186860261363,
    "min": 0.5828955635807898,
    "max": 0.9036336832393659
  },
  "diffusion_amp_rmse_log_mean": {
    "mean": 0.8534212569395702,
    "std": 0.5586642941922787,
    "min": 0.3765346109867096,
    "max": 3.4525504112243652
  },
  "diffusion_amp_rmse_log_oracle": {
    "mean": 0.8534212569395702,
    "std": 0.5586642941922787,
    "min": 0.3765346109867096,
    "max": 3.4525504112243652
  },
  "diffusion_vde_mean_avg": {
    "mean": 11.142009895378463,
    "std": 7.963329058362327,
    "min": 1.3776844295683464,
    "max": 33.403604780734106
  },
  "diffusion_vde_mean_oracle": {
    "mean": 9.760079019914734,
    "std": 7.457775847609056,
    "min": 1.1405829663178415,
    "max": 33.02047793933006
  },
  "diffusion_vre_mean_avg": {
    "mean": 0.7737988699277737,
    "std": 0.29047797539890247,
    "min": 0.0,
    "max": 1.2745792507339206
  },
  "diffusion_vre_mean_oracle": {
    "mean": 0.748304870229462,
    "std": 0.3049963769841878,
    "min": 0.0,
    "max": 1.3971900337804193
  },
  "diffusion_f0_diversity_cents": {
    "mean": 19.929942194620768,
    "std": 10.257668123512627,
    "min": 8.366543769836426,
    "max": 49.24072265625
  },
  "diffusion_amp_diversity": {
    "mean": 2.725827538222851e-10,
    "std": 2.8766087181269095e-10,
    "min": 5.958519788684669e-11,
    "max": 9.467515660332992e-10
  },
  "diffusion_n_vibrato_notes": {
    "mean": 34.0,
    "std": 17.410724664221572,
    "min": 2.0,
    "max": 71.0
  }
}

Results saved to experiments/results/exp053.json

==========================================
exp053: All done at: Mon Mar 30 15:39:37     2026
Results: experiments/results/exp053.json
==========================================
