## Round 14 训练报告

**结果：没有新的训练运行。** 训练脚本检测到所有实验（exp001-exp011）已经全部完成，直接退出。

### 当前状态

训练日志输出的是总结信息，而非新的训练过程：

```
==========================================
 ALL EXPERIMENTS COMPLETE (exp001-exp011)
==========================================

No training needed. Supervisor plan says:
  实验阶段全部完成。需要人工审查后进入论文写作。
```

### 实验阶段已完成 ✅

所有 11 个实验均已完成并记录：

| 阶段 | 实验 | 说明 |
|------|------|------|
| Baseline | exp001-003 | 训练 + 数据泄露修复 + 超参调整 |
| Diffusion | exp004-007 | 训练 + bug修复 + 调参 |
| Evaluation | exp008-009 | Eta sweep + Diversity 分析 |
| Visualization | exp010-011 | 11张论文图表生成 + 修复 |

### 核心结果

- **Baseline 最佳 (exp003)**: f0 RPA=97.14%, Amp Corr=0.645, VDE=8.34
- **Diffusion 最佳 (exp007, η=0.3)**: f0 RPA=94.20%, Amp Corr=0.571, **VDE=4.84** (VDE降低42%)
- **Diffusion Oracle (η=0.0)**: f0 RPA=96.63%, VDE=4.80

### 下一步

实验日志和 `NEEDS_HUMAN.txt` 都表明：**实验阶段全部完成，等待人工审查后进入论文写作阶段。** 需要您审阅：
1. `experiments/figures/` 中的 11 张论文图表
2. 确认论文数据表格数值
3. 决定是否需要额外可视化或统计检验

无需再启动训练循环。
