Everything is updated. Let me provide a summary:

---

## exp039 结果已记录 ✅

### **Amplitude Augmentation — 新全局最佳! 🎉**

| 指标 | exp035 (旧最佳) | **exp039** | Delta |
|------|---------|---------|-------|
| **Amp Corr** | 0.800 | **0.807** | **+0.9% ✅ 新最佳!** |
| Amp RMSE(log) | 0.572 | 0.582 | +1.7% (略退化) |
| Best epoch | ep54 | **ep142** | **2.6x 延后!** |
| Best test_amp_loss | 0.469 | **0.457** | -2.6% 改善 |
| 过拟合gap | 0.163 | **0.154** | 更好 |
| f0 RPA | 94.40% | 93.73% | -0.7% (采样噪声) |

### 关键发现

1. **数据增强有效!** 突破了之前认定的 0.80 天花板 — Amp Corr 0.800→0.807
2. **过拟合确认为瓶颈之一** — best epoch 从 54 延后到 142 (2.6x), 说明训练数据多样性不足是限制因素
3. 增强使 train_amp 更高(噪声)但 test_amp 更低(泛化更好) — 经典正则化效果
4. Amp RMSE 略退化说明增强噪声对绝对值精度有轻微负影响，但对 correlation (shape matching) 有正面影响

### 已更新
- ✅ 结果表新增 exp039 行
- ✅ Amp 优化历史表第 20 行更新
- ✅ 进度追踪：当前最佳更新为 **0.807 (exp039)**
