Everything is verified. Here's a summary of what's prepared:

---

## Summary: exp006 Prepared — More Training + Cosine LR Decay

**Following supervisor plan from round 7** (supervisor_round_7.log)

### Code Status
- ✅ **evaluate.py**: Per-metric oracle fix verified — `f0_oracle_idx` for f0/VDE/VRE, `amp_oracle_idx` for amp metrics. No stale `oracle_idx` references.
- ✅ **train.py**: Cosine LR scheduling already implemented (`lr_min` config key triggers `CosineAnnealingLR`). No code changes needed.

### Experiment Config (`experiments/configs/exp006.yaml`)

| Parameter | exp005 (previous) | exp006 (this) | Rationale |
|-----------|-------------------|---------------|-----------|
| epochs | 200 | **500** | 2.5x more training |
| samples_per_epoch | 1180 (59×20) | **1770** (59×30) | 1.5x more batches/epoch |
| total steps | ~14,600 | **~55,000** | **3.8x increase** |
| LR schedule | fixed 2e-4 | **cosine 2e-4→1e-5** | Prevent post-ep80 test_loss rebound |
| save_every | 10 | **50** | Reduce checkpoint disk usage |

### Training Script (`experiments/next_train_cmd.sh`)
1. Creates checkpoint dir `experiments/checkpoints/exp006/`
2. Copies baseline from exp005
3. Runs `python src/model/train.py --config experiments/configs/exp006.yaml --stage 2`
4. Evaluates with `--mode both --n_samples 5 --ddim_steps 50`

### Expected Outcomes
- **Mean RPA**: 88-92% (up from 85.26%)
- **Oracle RPA**: 96-98% (up from 95.58%)
- **Better convergence**: Cosine LR should prevent test_loss rebound seen in exp005 after ep80
- **Accurate amp diagnostics**: Separate f0/amp oracles give true picture of amp quality
- **Training time**: ~3.8x longer than exp005 (~18-30 hours on GPU)
65 (fixed oracle should show true best)
- **test_loss**: < 0.028 (cosine LR prevents late-stage overfitting)
